<html>
<body>
<pre>
<h1>µVision Build Log</h1>
<h2>Tool Versions:</h2>
IDE-Version: ¶ÃVision V5.24.2.0
Copyright (C) 2017 ARM Ltd and ARM Germany GmbH. All rights reserved.
License Information: A ASUS, A, LIC=LSNXV-PS5M4-RAVDM-XLYRJ-DVAYA-6B1DL
 
Tool Versions:
Toolchain:       MDK-ARM Plus  Version: 5.24.1
Toolchain Path:  D:\Keil_v5\ARM\ARMCC\Bin
C Compiler:      Armcc.exe V5.06 update 5 (build 528)
Assembler:       Armasm.exe V5.06 update 5 (build 528)
Linker/Locator:  ArmLink.exe V5.06 update 5 (build 528)
Library Manager: ArmAr.exe V5.06 update 5 (build 528)
Hex Converter:   FromElf.exe V5.06 update 5 (build 528)
CPU DLL:         SARMCM3.DLL V5.24.1
Dialog DLL:      DCM.DLL V1.16.0.0
Target DLL:      CMSIS_AGDI.dll V1.28.3.0
Dialog DLL:      TCM.DLL V1.32.0.0
 
<h2>Project:</h2>
E:\d≈Ã\CCRobot\RMHero\RMSentry\MDK-ARM\RMSentry.uvprojx
Project File Date:  04/06/2024

<h2>Output:</h2>
*** Using Compiler 'V5.06 update 5 (build 528)', folder: 'D:\Keil_v5\ARM\ARMCC\Bin'
Build target 'RMSentry'
compiling shoot_task.c...
compiling main.c...
compiling stm32f4xx_it.c...
compiling chassis_task.c...
..\Task\chassis_task.c(187): warning:  #223-D: function "printf" declared implicitly
  	printf("%d,%d,%d,%d,%d\n",m3508_id1.basic_data.speed_rpm,-m3508_id2.basic_data.speed_rpm,-m3508_id3.basic_data.speed_rpm,m3508_id4.basic_data.speed_rpm,targetspeed);
..\Task\chassis_task.c: 1 warning, 0 errors
compiling demo.c...
..\Task\demo.c(165): warning:  #940-D: missing return statement at end of non-void function "RobotStatus_FullAuto" 
  }
..\Task\demo.c: 1 warning, 0 errors
compiling rc_task.c...
compiling rc_receive.c...
linking...
Program Size: Code=28776 RO-data=2520 RW-data=224 ZI-data=3680  
FromELF: creating hex file...
"RMSentry\RMSentry.axf" - 0 Error(s), 2 Warning(s).

<h2>Software Packages used:</h2>

Package Vendor: ARM
                http://www.keil.com/pack/ARM.CMSIS.5.0.1.pack
                ARM.CMSIS.5.0.1
                CMSIS (Cortex Microcontroller Software Interface Standard)
   * Component: CORE Version: 5.0.1

Package Vendor: Keil
                http://www.keil.com/pack/Keil.STM32F4xx_DFP.2.16.0.pack
                Keil.STM32F4xx_DFP.2.16.0
                STMicroelectronics STM32F4 Series Device Support, Drivers and Examples

<h2>Collection of Component include folders:</h2>
  .\RTE\_RMSentry
  D:\Keil_v5\ARM\PACK\ARM\CMSIS\5.0.1\CMSIS\Include
  D:\Keil_v5\ARM\PACK\Keil\STM32F4xx_DFP\2.16.0\Drivers\CMSIS\Device\ST\STM32F4xx\Include

<h2>Collection of Component Files used:</h2>

   * Component: ARM::CMSIS:CORE:5.0.1
Build Time Elapsed:  00:00:03
</pre>
</body>
</html>
