Component: ARM Compiler 5.06 update 5 (build 528) Tool: armlink [4d35e2]

==============================================================================

Section Cross References

    startup_stm32f407xx.o(RESET) refers to startup_stm32f407xx.o(STACK) for __initial_sp
    startup_stm32f407xx.o(RESET) refers to startup_stm32f407xx.o(.text) for Reset_Handler
    startup_stm32f407xx.o(RESET) refers to stm32f4xx_it.o(i.NMI_Handler) for NMI_Handler
    startup_stm32f407xx.o(RESET) refers to stm32f4xx_it.o(i.HardFault_Handler) for HardFault_Handler
    startup_stm32f407xx.o(RESET) refers to stm32f4xx_it.o(i.MemManage_Handler) for MemManage_Handler
    startup_stm32f407xx.o(RESET) refers to stm32f4xx_it.o(i.BusFault_Handler) for BusFault_Handler
    startup_stm32f407xx.o(RESET) refers to stm32f4xx_it.o(i.UsageFault_Handler) for UsageFault_Handler
    startup_stm32f407xx.o(RESET) refers to stm32f4xx_it.o(i.SVC_Handler) for SVC_Handler
    startup_stm32f407xx.o(RESET) refers to stm32f4xx_it.o(i.DebugMon_Handler) for DebugMon_Handler
    startup_stm32f407xx.o(RESET) refers to stm32f4xx_it.o(i.PendSV_Handler) for PendSV_Handler
    startup_stm32f407xx.o(RESET) refers to stm32f4xx_it.o(i.SysTick_Handler) for SysTick_Handler
    startup_stm32f407xx.o(RESET) refers to stm32f4xx_it.o(i.DMA1_Stream1_IRQHandler) for DMA1_Stream1_IRQHandler
    startup_stm32f407xx.o(RESET) refers to stm32f4xx_it.o(i.CAN1_RX0_IRQHandler) for CAN1_RX0_IRQHandler
    startup_stm32f407xx.o(RESET) refers to stm32f4xx_it.o(i.TIM2_IRQHandler) for TIM2_IRQHandler
    startup_stm32f407xx.o(RESET) refers to stm32f4xx_it.o(i.USART1_IRQHandler) for USART1_IRQHandler
    startup_stm32f407xx.o(RESET) refers to stm32f4xx_it.o(i.USART3_IRQHandler) for USART3_IRQHandler
    startup_stm32f407xx.o(RESET) refers to stm32f4xx_it.o(i.DMA2_Stream1_IRQHandler) for DMA2_Stream1_IRQHandler
    startup_stm32f407xx.o(RESET) refers to stm32f4xx_it.o(i.DMA2_Stream2_IRQHandler) for DMA2_Stream2_IRQHandler
    startup_stm32f407xx.o(RESET) refers to stm32f4xx_it.o(i.CAN2_RX0_IRQHandler) for CAN2_RX0_IRQHandler
    startup_stm32f407xx.o(RESET) refers to stm32f4xx_it.o(i.USART6_IRQHandler) for USART6_IRQHandler
    startup_stm32f407xx.o(.text) refers to system_stm32f4xx.o(i.SystemInit) for SystemInit
    startup_stm32f407xx.o(.text) refers to entry.o(.ARM.Collect$$$$00000000) for __main
    main.o(i.HAL_TIM_PeriodElapsedCallback) refers to demo.o(i.Demo) for Demo
    main.o(i.HAL_TIM_PeriodElapsedCallback) refers to main.o(.data) for .data
    main.o(i.SystemClock_Config) refers to memseta.o(.text) for __aeabi_memclr4
    main.o(i.SystemClock_Config) refers to stm32f4xx_hal_rcc.o(i.HAL_RCC_OscConfig) for HAL_RCC_OscConfig
    main.o(i.SystemClock_Config) refers to stm32f4xx_hal_rcc.o(i.HAL_RCC_ClockConfig) for HAL_RCC_ClockConfig
    main.o(i.fputc) refers to stm32f4xx_hal_uart.o(i.HAL_UART_Transmit) for HAL_UART_Transmit
    main.o(i.fputc) refers to usart.o(.bss) for huart1
    main.o(i.main) refers to stm32f4xx_hal.o(i.HAL_Init) for HAL_Init
    main.o(i.main) refers to main.o(i.SystemClock_Config) for SystemClock_Config
    main.o(i.main) refers to gpio.o(i.MX_GPIO_Init) for MX_GPIO_Init
    main.o(i.main) refers to dma.o(i.MX_DMA_Init) for MX_DMA_Init
    main.o(i.main) refers to tim.o(i.MX_TIM1_Init) for MX_TIM1_Init
    main.o(i.main) refers to tim.o(i.MX_TIM2_Init) for MX_TIM2_Init
    main.o(i.main) refers to can.o(i.MX_CAN1_Init) for MX_CAN1_Init
    main.o(i.main) refers to can.o(i.MX_CAN2_Init) for MX_CAN2_Init
    main.o(i.main) refers to usart.o(i.MX_USART1_UART_Init) for MX_USART1_UART_Init
    main.o(i.main) refers to usart.o(i.MX_USART3_UART_Init) for MX_USART3_UART_Init
    main.o(i.main) refers to usart.o(i.MX_USART6_UART_Init) for MX_USART6_UART_Init
    main.o(i.main) refers to jy901.o(i.JY901_Init) for JY901_Init
    main.o(i.main) refers to bsp_can.o(i.can_filter_init) for can_filter_init
    main.o(i.main) refers to stm32f4xx_hal_tim.o(i.HAL_TIM_Base_Start_IT) for HAL_TIM_Base_Start_IT
    main.o(i.main) refers to rc_receive.o(i.RC_Receive_Init) for RC_Receive_Init
    main.o(i.main) refers to chassis_task.o(i.Chassis_Init) for Chassis_Init
    main.o(i.main) refers to gimbal_task.o(i.Gimbal_Init) for Gimbal_Init
    main.o(i.main) refers to shoot_task.o(i.Shoot_Init) for Shoot_Init
    main.o(i.main) refers to rc_task.o(i.RC_TaskInit) for RC_TaskInit
    main.o(i.main) refers to detection_task.o(i.Detection_TaskInit) for Detection_TaskInit
    main.o(i.main) refers to ros_task.o(i.ROS_TaskInit) for ROS_TaskInit
    main.o(i.main) refers to ros_task.o(i.ROS_Receive_Init) for ROS_Receive_Init
    main.o(i.main) refers to autoaim_task.o(i.AutoAim_TaskInit) for AutoAim_TaskInit
    main.o(i.main) refers to tim.o(.bss) for htim2
    can.o(i.HAL_CAN_MspDeInit) refers to stm32f4xx_hal_gpio.o(i.HAL_GPIO_DeInit) for HAL_GPIO_DeInit
    can.o(i.HAL_CAN_MspDeInit) refers to stm32f4xx_hal_cortex.o(i.HAL_NVIC_DisableIRQ) for HAL_NVIC_DisableIRQ
[...]
    i.RC_Process                             0x080042a4   Section        0  rc_task.o(i.RC_Process)
    i.RC_Receive                             0x0800432c   Section        0  rc_receive.o(i.RC_Receive)
    i.RC_Receive_Init                        0x080043a8   Section        0  rc_receive.o(i.RC_Receive_Init)
    i.RC_Remote_Process                      0x080043f4   Section        0  rc_task.o(i.RC_Remote_Process)
    i.RC_TaskInit                            0x08004558   Section        0  rc_task.o(i.RC_TaskInit)
    i.ROS_ReceiveProcess                     0x08004564   Section        0  ros_task.o(i.ROS_ReceiveProcess)
    i.ROS_Receive_Init                       0x080045a4   Section        0  ros_task.o(i.ROS_Receive_Init)
    i.ROS_TaskInit                           0x080045cc   Section        0  ros_task.o(i.ROS_TaskInit)
    i.RobotStatus_KeyBoardControl            0x080045fc   Section        0  demo.o(i.RobotStatus_KeyBoardControl)
    i.RobotStatus_RemoteControl              0x0800477c   Section        0  demo.o(i.RobotStatus_RemoteControl)
    i.SVC_Handler                            0x0800492c   Section        0  stm32f4xx_it.o(i.SVC_Handler)
    i.SetLeft_Gun                            0x08004930   Section        0  snail2305_driver.o(i.SetLeft_Gun)
    i.SetRight_Gun                           0x08004940   Section        0  snail2305_driver.o(i.SetRight_Gun)
    i.Shoot_Control                          0x08004950   Section        0  shoot_task.o(i.Shoot_Control)
    i.Shoot_Init                             0x08004ae4   Section        0  shoot_task.o(i.Shoot_Init)
    i.Snail2305_Init                         0x08004b40   Section        0  snail2305_driver.o(i.Snail2305_Init)
    i.SysTick_Handler                        0x08004b84   Section        0  stm32f4xx_it.o(i.SysTick_Handler)
    i.SystemClock_Config                     0x08004b88   Section        0  main.o(i.SystemClock_Config)
    i.SystemInit                             0x08004c0c   Section        0  system_stm32f4xx.o(i.SystemInit)
    i.TIM2_IRQHandler                        0x08004c28   Section        0  stm32f4xx_it.o(i.TIM2_IRQHandler)
    i.TIM_Base_SetConfig                     0x08004c34   Section        0  stm32f4xx_hal_tim.o(i.TIM_Base_SetConfig)
    i.TIM_CCxChannelCmd                      0x08004cfc   Section        0  stm32f4xx_hal_tim.o(i.TIM_CCxChannelCmd)
    i.TIM_ETR_SetConfig                      0x08004d16   Section        0  stm32f4xx_hal_tim.o(i.TIM_ETR_SetConfig)
    i.TIM_ITRx_SetConfig                     0x08004d2a   Section        0  stm32f4xx_hal_tim.o(i.TIM_ITRx_SetConfig)
    TIM_ITRx_SetConfig                       0x08004d2b   Thumb Code    16  stm32f4xx_hal_tim.o(i.TIM_ITRx_SetConfig)
    i.TIM_OC1_SetConfig                      0x08004d3c   Section        0  stm32f4xx_hal_tim.o(i.TIM_OC1_SetConfig)
    TIM_OC1_SetConfig                        0x08004d3d   Thumb Code    88  stm32f4xx_hal_tim.o(i.TIM_OC1_SetConfig)
    i.TIM_OC2_SetConfig                      0x08004d9c   Section        0  stm32f4xx_hal_tim.o(i.TIM_OC2_SetConfig)
    i.TIM_OC3_SetConfig                      0x08004e08   Section        0  stm32f4xx_hal_tim.o(i.TIM_OC3_SetConfig)
    TIM_OC3_SetConfig                        0x08004e09   Thumb Code    96  stm32f4xx_hal_tim.o(i.TIM_OC3_SetConfig)
    i.TIM_OC4_SetConfig                      0x08004e70   Section        0  stm32f4xx_hal_tim.o(i.TIM_OC4_SetConfig)
    TIM_OC4_SetConfig                        0x08004e71   Thumb Code    70  stm32f4xx_hal_tim.o(i.TIM_OC4_SetConfig)
    i.TIM_TI1_ConfigInputStage               0x08004ec0   Section        0  stm32f4xx_hal_tim.o(i.TIM_TI1_ConfigInputStage)
    TIM_TI1_ConfigInputStage                 0x08004ec1   Thumb Code    34  stm32f4xx_hal_tim.o(i.TIM_TI1_ConfigInputStage)
    i.TIM_TI2_ConfigInputStage               0x08004ee2   Section        0  stm32f4xx_hal_tim.o(i.TIM_TI2_ConfigInputStage)
    TIM_TI2_ConfigInputStage                 0x08004ee3   Thumb Code    36  stm32f4xx_hal_tim.o(i.TIM_TI2_ConfigInputStage)
    i.UART_DMAAbortOnError                   0x08004f06   Section        0  stm32f4xx_hal_uart.o(i.UART_DMAAbortOnError)
    UART_DMAAbortOnError                     0x08004f07   Thumb Code    16  stm32f4xx_hal_uart.o(i.UART_DMAAbortOnError)
    i.UART_DMAError                          0x08004f16   Section        0  stm32f4xx_hal_uart.o(i.UART_DMAError)
    UART_DMAError                            0x08004f17   Thumb Code    74  stm32f4xx_hal_uart.o(i.UART_DMAError)
    i.UART_DMAReceiveCplt                    0x08004f60   Section        0  stm32f4xx_hal_uart.o(i.UART_DMAReceiveCplt)
    UART_DMAReceiveCplt                      0x08004f61   Thumb Code    60  stm32f4xx_hal_uart.o(i.UART_DMAReceiveCplt)
    i.UART_DMARxHalfCplt                     0x08004f9c   Section        0  stm32f4xx_hal_uart.o(i.UART_DMARxHalfCplt)
    UART_DMARxHalfCplt                       0x08004f9d   Thumb Code    10  stm32f4xx_hal_uart.o(i.UART_DMARxHalfCplt)
    i.UART_EndRxTransfer                     0x08004fa6   Section        0  stm32f4xx_hal_uart.o(i.UART_EndRxTransfer)
    UART_EndRxTransfer                       0x08004fa7   Thumb Code    28  stm32f4xx_hal_uart.o(i.UART_EndRxTransfer)
    i.UART_EndTxTransfer                     0x08004fc2   Section        0  stm32f4xx_hal_uart.o(i.UART_EndTxTransfer)
    UART_EndTxTransfer                       0x08004fc3   Thumb Code    18  stm32f4xx_hal_uart.o(i.UART_EndTxTransfer)
    i.UART_Receive_IT                        0x08004fd4   Section        0  stm32f4xx_hal_uart.o(i.UART_Receive_IT)
    UART_Receive_IT                          0x08004fd5   Thumb Code   150  stm32f4xx_hal_uart.o(i.UART_Receive_IT)
    i.UART_SetConfig                         0x0800506c   Section        0  stm32f4xx_hal_uart.o(i.UART_SetConfig)
    UART_SetConfig                           0x0800506d   Thumb Code   286  stm32f4xx_hal_uart.o(i.UART_SetConfig)
    i.UART_Transmit_IT                       0x08005194   Section        0  stm32f4xx_hal_uart.o(i.UART_Transmit_IT)
    UART_Transmit_IT                         0x08005195   Thumb Code    98  stm32f4xx_hal_uart.o(i.UART_Transmit_IT)
    i.UART_WaitOnFlagUntilTimeout            0x080051f6   Section        0  stm32f4xx_hal_uart.o(i.UART_WaitOnFlagUntilTimeout)
    UART_WaitOnFlagUntilTimeout              0x080051f7   Thumb Code   100  stm32f4xx_hal_uart.o(i.UART_WaitOnFlagUntilTimeout)
    i.USART1_IRQHandler                      0x0800525c   Section        0  stm32f4xx_it.o(i.USART1_IRQHandler)
    i.USART3_IRQHandler                      0x08005270   Section        0  stm32f4xx_it.o(i.USART3_IRQHandler)
    i.USART6_IRQHandler                      0x08005284   Section        0  stm32f4xx_it.o(i.USART6_IRQHandler)
    i.Update_ReferenceBeganECD               0x08005298   Section        0  gimbal_task.o(i.Update_ReferenceBeganECD)
    i.UsageFault_Handler                     0x080052b8   Section        0  stm32f4xx_it.o(i.UsageFault_Handler)
    i.User_USART_Init                        0x080052ba   Section        0  jy901.o(i.User_USART_Init)
    i.Yaw_Gimbal_Task2                       0x080052dc   Section        0  gimbal_task.o(i.Yaw_Gimbal_Task2)
    i.__0printf                              0x080053e0   Section        0  printfa.o(i.__0printf)
    i.__NVIC_SetPriority                     0x08005400   Section        0  stm32f4xx_hal_cortex.o(i.__NVIC_SetPriority)
    __NVIC_SetPriority                       0x08005401   Thumb Code    32  stm32f4xx_hal_cortex.o(i.__NVIC_SetPriority)
    i.__scatterload_copy                     0x08005420   Section       14  handlers.o(i.__scatterload_copy)
    i.__scatterload_null                     0x0800542e   Section        2  handlers.o(i.__scatterload_null)
    i.__scatterload_zeroinit                 0x08005430   Section       14  handlers.o(i.__scatterload_zeroinit)
    i._fp_digits                             0x08005440   Section        0  printfa.o(i._fp_digits)
    _fp_digits                               0x08005441   Thumb Code   366  printfa.o(i._fp_digits)
    i._printf_core                           0x080055c4   Section        0  printfa.o(i._printf_core)
    _printf_core                             0x080055c5   Thumb Code  1744  printfa.o(i._printf_core)
    i._printf_post_padding                   0x08005ca0   Section        0  printfa.o(i._printf_post_padding)
    _printf_post_padding                     0x08005ca1   Thumb Code    36  printfa.o(i._printf_post_padding)
    i._printf_pre_padding                    0x08005cc4   Section        0  printfa.o(i._printf_pre_padding)
    _printf_pre_padding                      0x08005cc5   Thumb Code    46  printfa.o(i._printf_pre_padding)
    i.absoulte_value                         0x08005cf2   Section        0  user_lib.o(i.absoulte_value)
    i.arm_sin_cos_f32                        0x08005cfc   Section        0  arm_sin_cos_f32.o(i.arm_sin_cos_f32)
    i.can_filter_init                        0x08005e0c   Section        0  bsp_can.o(i.can_filter_init)
    i.fputc                                  0x08005e64   Section        0  main.o(i.fputc)
    i.get_chassis_motor_measure_point        0x08005e7c   Section        0  can_receive.o(i.get_chassis_motor_measure_point)
    i.get_pitch_gimbal_motor_measure_point   0x08005e90   Section        0  can_receive.o(i.get_pitch_gimbal_motor_measure_point)
    i.get_trigger_motor_measure_point        0x08005e98   Section        0  can_receive.o(i.get_trigger_motor_measure_point)
    i.get_yaw_gimbal_motor_measure_point     0x08005ea8   Section        0  can_receive.o(i.get_yaw_gimbal_motor_measure_point)
    i.main                                   0x08005eb0   Section        0  main.o(i.main)
    .constdata                               0x08005f14   Section        8  stm32f4xx_hal_dma.o(.constdata)
    flagBitshiftOffset                       0x08005f14   Data           8  stm32f4xx_hal_dma.o(.constdata)
    .constdata                               0x08005f1c   Section       16  system_stm32f4xx.o(.constdata)
    .constdata                               0x08005f2c   Section        8  system_stm32f4xx.o(.constdata)
    .constdata                               0x08005f34   Section       12  chassis_task.o(.constdata)
    .data                                    0x20000000   Section        4  main.o(.data)
    .data                                    0x20000004   Section        4  can.o(.data)
    HAL_RCC_CAN1_CLK_ENABLED                 0x20000004   Data           4  can.o(.data)
    .data                                    0x20000008   Section       12  stm32f4xx_hal.o(.data)
    .data                                    0x20000014   Section        4  system_stm32f4xx.o(.data)
    .data                                    0x20000018   Section       17  can_receive.o(.data)
    i                                        0x20000018   Data           1  can_receive.o(.data)
    gimbal_can_send_data                     0x20000019   Data           8  can_receive.o(.data)
    chassis_can_send_data                    0x20000021   Data           8  can_receive.o(.data)
    .data                                    0x2000002c   Section       64  jy901.o(.data)
    last_angle                               0x2000002c   Data           4  jy901.o(.data)
    temp                                     0x20000030   Data           4  jy901.o(.data)
    .data                                    0x2000006c   Section       40  gimbal_task.o(.data)
    .data                                    0x20000094   Section       24  shoot_task.o(.data)
    .data                                    0x200000ac   Section       18  ros_task.o(.data)
    .data                                    0x200000be   Section        3  rc_task.o(.data)
    choice_mode                              0x200000be   Data           1  rc_task.o(.data)
    key_mode                                 0x200000bf   Data           1  rc_task.o(.data)
    .data                                    0x200000c4   Section        8  detection_task.o(.data)
    .data                                    0x200000cc   Section        8  demo.o(.data)
    mode                                     0x200000cc   Data           4  demo.o(.data)
    mode                                     0x200000d0   Data           4  demo.o(.data)
    .data                                    0x200000d4   Section       24  autoaim_task.o(.data)
    way                                      0x200000d4   Data           4  autoaim_task.o(.data)
    .data                                    0x200000ec   Section        4  stdout.o(.data)
    .bss                                     0x200000f0   Section       80  can.o(.bss)
    .bss                                     0x20000140   Section      128  tim.o(.bss)
    .bss                                     0x200001c0   Section      480  usart.o(.bss)
    .bss                                     0x200003a0   Section       74  rc_receive.o(.bss)
    .bss                                     0x200003ec   Section      128  can_receive.o(.bss)
    gimbal_tx_message                        0x2000043c   Data          24  can_receive.o(.bss)
    chassis_tx_message                       0x20000454   Data          24  can_receive.o(.bss)
    .bss                                     0x2000046c   Section      124  jy901.o(.bss)
    .bss                                     0x200004e8   Section      756  chassis_task.o(.bss)
    .bss                                     0x200007dc   Section      480  gimbal_task.o(.bss)
    .bss                                     0x200009bc   Section      504  shoot_task.o(.bss)
    .bss                                     0x20000bb4   Section       24  detection_task.o(.bss)
    .bss                                     0x20000bcc   Section       12  autoaim_task.o(.bss)
    STACK                                    0x20000bd8   Section     1024  startup_stm32f407xx.o(STACK)

    Global Symbols

    Symbol Name                              Value     Ov Type        Size  Object(Section)

    BuildAttributes$$THM_ISAv4$E$P$D$K$B$S$7EM$VFPi3$EXTD16$VFPS$VFMA$PE$A:L22UL41UL21$X:L11$S22US41US21$IEEE1$IW$USESV6$~STKCKD$USESV7$~SHL$OTIME$ROPI$EBA8$MICROLIB$REQ8$PRES8$EABIv2 0x00000000   Number         0  anon$$obj.o ABSOLUTE
    __ARM_use_no_argv                        0x00000000   Number         0  main.o ABSOLUTE
    _printf_a                                0x00000000   Number         0  stubs.o ABSOLUTE
    _printf_c                                0x00000000   Number         0  stubs.o ABSOLUTE
    _printf_charcount                        0x00000000   Number         0  stubs.o ABSOLUTE
    _printf_d                                0x00000000   Number         0  stubs.o ABSOLUTE
    _printf_e                                0x00000000   Number         0  stubs.o ABSOLUTE
    _printf_f                                0x00000000   Number         0  stubs.o ABSOLUTE
    _printf_flags                            0x00000000   Number         0  stubs.o ABSOLUTE
    _printf_fp_dec                           0x00000000   Number         0  stubs.o ABSOLUTE
    _printf_fp_hex                           0x00000000   Number         0  stubs.o ABSOLUTE
    _printf_g                                0x00000000   Number         0  stubs.o ABSOLUTE
    _printf_i                                0x00000000   Number         0  stubs.o ABSOLUTE
    _printf_int_dec                          0x00000000   Number         0  stubs.o ABSOLUTE
    _printf_l                                0x00000000   Number         0  stubs.o ABSOLUTE
    _printf_lc                               0x00000000   Number         0  stubs.o ABSOLUTE
    _printf_ll                               0x00000000   Number         0  stubs.o ABSOLUTE
    _printf_lld                              0x00000000   Number         0  stubs.o ABSOLUTE
    _printf_lli                              0x00000000   Number         0  stubs.o ABSOLUTE
    _printf_llo                              0x00000000   Number         0  stubs.o ABSOLUTE
    _printf_llu                              0x00000000   Number         0  stubs.o ABSOLUTE
    _printf_llx                              0x00000000   Number         0  stubs.o ABSOLUTE
    _printf_longlong_dec                     0x00000000   Number         0  stubs.o ABSOLUTE
    _printf_longlong_hex                     0x00000000   Number         0  stubs.o ABSOLUTE
    _printf_longlong_oct                     0x00000000   Number         0  stubs.o ABSOLUTE
    _printf_ls                               0x00000000   Number         0  stubs.o ABSOLUTE
    _printf_mbtowc                           0x00000000   Number         0  stubs.o ABSOLUTE
    _printf_n                                0x00000000   Number         0  stubs.o ABSOLUTE
    _printf_o                                0x00000000   Number         0  stubs.o ABSOLUTE
    _printf_p                                0x00000000   Number         0  stubs.o ABSOLUTE
    _printf_percent                          0x00000000   Number         0  stubs.o ABSOLUTE
    _printf_pre_padding                      0x00000000   Number         0  stubs.o ABSOLUTE
    _printf_return_value                     0x00000000   Number         0  stubs.o ABSOLUTE
    _printf_s                                0x00000000   Number         0  stubs.o ABSOLUTE
    _printf_sizespec                         0x00000000   Number         0  stubs.o ABSOLUTE
    _printf_str                              0x00000000   Number         0  stubs.o ABSOLUTE
    _printf_truncate_signed                  0x00000000   Number         0  stubs.o ABSOLUTE
    _printf_truncate_unsigned                0x00000000   Number         0  stubs.o ABSOLUTE
    _printf_u                                0x00000000   Number         0  stubs.o ABSOLUTE
    _printf_wc                               0x00000000   Number         0  stubs.o ABSOLUTE
    _printf_wctomb                           0x00000000   Number         0  stubs.o ABSOLUTE
    _printf_widthprec                        0x00000000   Number         0  stubs.o ABSOLUTE
    _printf_x                                0x00000000   Number         0  stubs.o ABSOLUTE
    __cpp_initialize__aeabi_                  - Undefined Weak Reference
    __cxa_finalize                            - Undefined Weak Reference
    __decompress                              - Undefined Weak Reference
    _clock_init                               - Undefined Weak Reference
    _microlib_exit                            - Undefined Weak Reference
    __Vectors_Size                           0x00000188   Number         0  startup_stm32f407xx.o ABSOLUTE
    __Vectors                                0x08000000   Data           4  startup_stm32f407xx.o(RESET)
    __Vectors_End                            0x08000188   Data           0  startup_stm32f407xx.o(RESET)
    __main                                   0x08000189   Thumb Code     0  entry.o(.ARM.Collect$$$$00000000)
    _main_stk                                0x08000189   Thumb Code     0  entry2.o(.ARM.Collect$$$$00000001)
    _main_scatterload                        0x0800018d   Thumb Code     0  entry5.o(.ARM.Collect$$$$00000004)
    __main_after_scatterload                 0x08000191   Thumb Code     0  entry5.o(.ARM.Collect$$$$00000004)
    _main_clock                              0x08000191   Thumb Code     0  entry7b.o(.ARM.Collect$$$$00000008)
    _main_cpp_init                           0x08000191   Thumb Code     0  entry8b.o(.ARM.Collect$$$$0000000A)
    _main_init                               0x08000191   Thumb Code     0  entry9a.o(.ARM.Collect$$$$0000000B)
    __rt_final_cpp                           0x08000199   Thumb Code     0  entry10a.o(.ARM.Collect$$$$0000000D)
    __rt_final_exit                          0x08000199   Thumb Code     0  entry11a.o(.ARM.Collect$$$$0000000F)
    Reset_Handler                            0x0800019d   Thumb Code     8  startup_stm32f407xx.o(.text)
    ADC_IRQHandler                           0x080001b7   Thumb Code     0  startup_stm32f407xx.o(.text)
    CAN1_RX1_IRQHandler                      0x080001b7   Thumb Code     0  startup_stm32f407xx.o(.text)
    CAN1_SCE_IRQHandler                      0x080001b7   Thumb Code     0  startup_stm32f407xx.o(.text)
    CAN1_TX_IRQHandler                       0x080001b7   Thumb Code     0  startup_stm32f407xx.o(.text)
    CAN2_RX1_IRQHandler                      0x080001b7   Thumb Code     0  startup_stm32f407xx.o(.text)
    CAN2_SCE_IRQHandler                      0x080001b7   Thumb Code     0  startup_stm32f407xx.o(.text)
    CAN2_TX_IRQHandler                       0x080001b7   Thumb Code     0  startup_stm32f407xx.o(.text)
    DCMI_IRQHandler                          0x080001b7   Thumb Code     0  startup_stm32f407xx.o(.text)
    DMA1_Stream0_IRQHandler                  0x080001b7   Thumb Code     0  startup_stm32f407xx.o(.text)
    DMA1_Stream2_IRQHandler                  0x080001b7   Thumb Code     0  startup_stm32f407xx.o(.text)
    DMA1_Stream3_IRQHandler                  0x080001b7   Thumb Code     0  startup_stm32f407xx.o(.text)
    DMA1_Stream4_IRQHandler                  0x080001b7   Thumb Code     0  startup_stm32f407xx.o(.text)
    DMA1_Stream5_IRQHandler                  0x080001b7   Thumb Code     0  startup_stm32f407xx.o(.text)
    DMA1_Stream6_IRQHandler                  0x080001b7   Thumb Code     0  startup_stm32f407xx.o(.text)
    DMA1_Stream7_IRQHandler                  0x080001b7   Thumb Code     0  startup_stm32f407xx.o(.text)
    DMA2_Stream0_IRQHandler                  0x080001b7   Thumb Code     0  startup_stm32f407xx.o(.text)
    DMA2_Stream3_IRQHandler                  0x080001b7   Thumb Code     0  startup_stm32f407xx.o(.text)
    DMA2_Stream4_IRQHandler                  0x080001b7   Thumb Code     0  startup_stm32f407xx.o(.text)
    DMA2_Stream5_IRQHandler                  0x080001b7   Thumb Code     0  startup_stm32f407xx.o(.text)
    DMA2_Stream6_IRQHandler                  0x080001b7   Thumb Code     0  startup_stm32f407xx.o(.text)
    DMA2_Stream7_IRQHandler                  0x080001b7   Thumb Code     0  startup_stm32f407xx.o(.text)
    ETH_IRQHandler                           0x080001b7   Thumb Code     0  startup_stm32f407xx.o(.text)
    ETH_WKUP_IRQHandler                      0x080001b7   Thumb Code     0  startup_stm32f407xx.o(.text)
    EXTI0_IRQHandler                         0x080001b7   Thumb Code     0  startup_stm32f407xx.o(.text)
    EXTI15_10_IRQHandler                     0x080001b7   Thumb Code     0  startup_stm32f407xx.o(.text)
    EXTI1_IRQHandler                         0x080001b7   Thumb Code     0  startup_stm32f407xx.o(.text)
    EXTI2_IRQHandler                         0x080001b7   Thumb Code     0  startup_stm32f407xx.o(.text)
    EXTI3_IRQHandler                         0x080001b7   Thumb Code     0  startup_stm32f407xx.o(.text)
    EXTI4_IRQHandler                         0x080001b7   Thumb Code     0  startup_stm32f407xx.o(.text)
    EXTI9_5_IRQHandler                       0x080001b7   Thumb Code     0  startup_stm32f407xx.o(.text)
    FLASH_IRQHandler                         0x080001b7   Thumb Code     0  startup_stm32f407xx.o(.text)
    FMC_IRQHandler                           0x080001b7   Thumb Code     0  startup_stm32f407xx.o(.text)
    FPU_IRQHandler                           0x080001b7   Thumb Code     0  startup_stm32f407xx.o(.text)
    HASH_RNG_IRQHandler                      0x080001b7   Thumb Code     0  startup_stm32f407xx.o(.text)
    I2C1_ER_IRQHandler                       0x080001b7   Thumb Code     0  startup_stm32f407xx.o(.text)
    I2C1_EV_IRQHandler                       0x080001b7   Thumb Code     0  startup_stm32f407xx.o(.text)
    I2C2_ER_IRQHandler                       0x080001b7   Thumb Code     0  startup_stm32f407xx.o(.text)
    I2C2_EV_IRQHandler                       0x080001b7   Thumb Code     0  startup_stm32f407xx.o(.text)
    I2C3_ER_IRQHandler                       0x080001b7   Thumb Code     0  startup_stm32f407xx.o(.text)
    I2C3_EV_IRQHandler                       0x080001b7   Thumb Code     0  startup_stm32f407xx.o(.text)
    OTG_FS_IRQHandler                        0x080001b7   Thumb Code     0  startup_stm32f407xx.o(.text)
    OTG_FS_WKUP_IRQHandler                   0x080001b7   Thumb Code     0  startup_stm32f407xx.o(.text)
    OTG_HS_EP1_IN_IRQHandler                 0x080001b7   Thumb Code     0  startup_stm32f407xx.o(.text)
    OTG_HS_EP1_OUT_IRQHandler                0x080001b7   Thumb Code     0  startup_stm32f407xx.o(.text)
    OTG_HS_IRQHandler                        0x080001b7   Thumb Code     0  startup_stm32f407xx.o(.text)
    OTG_HS_WKUP_IRQHandler                   0x080001b7   Thumb Code     0  startup_stm32f407xx.o(.text)
    PVD_IRQHandler                           0x080001b7   Thumb Code     0  startup_stm32f407xx.o(.text)
    RCC_IRQHandler                           0x080001b7   Thumb Code     0  startup_stm32f407xx.o(.text)
    RTC_Alarm_IRQHandler                     0x080001b7   Thumb Code     0  startup_stm32f407xx.o(.text)
    RTC_WKUP_IRQHandler                      0x080001b7   Thumb Code     0  startup_stm32f407xx.o(.text)
    SDIO_IRQHandler                          0x080001b7   Thumb Code     0  startup_stm32f407xx.o(.text)
    SPI1_IRQHandler                          0x080001b7   Thumb Code     0  startup_stm32f407xx.o(.text)
    SPI2_IRQHandler                          0x080001b7   Thumb Code     0  startup_stm32f407xx.o(.text)
    SPI3_IRQHandler                          0x080001b7   Thumb Code     0  startup_stm32f407xx.o(.text)
    TAMP_STAMP_IRQHandler                    0x080001b7   Thumb Code     0  startup_stm32f407xx.o(.text)
    TIM1_BRK_TIM9_IRQHandler                 0x080001b7   Thumb Code     0  startup_stm32f407xx.o(.text)
    TIM1_CC_IRQHandler                       0x080001b7   Thumb Code     0  startup_stm32f407xx.o(.text)
    TIM1_TRG_COM_TIM11_IRQHandler            0x080001b7   Thumb Code     0  startup_stm32f407xx.o(.text)
    TIM1_UP_TIM10_IRQHandler                 0x080001b7   Thumb Code     0  startup_stm32f407xx.o(.text)
    TIM3_IRQHandler                          0x080001b7   Thumb Code     0  startup_stm32f407xx.o(.text)
    TIM4_IRQHandler                          0x080001b7   Thumb Code     0  startup_stm32f407xx.o(.text)
    TIM5_IRQHandler                          0x080001b7   Thumb Code     0  startup_stm32f407xx.o(.text)
    TIM6_DAC_IRQHandler                      0x080001b7   Thumb Code     0  startup_stm32f407xx.o(.text)
    TIM7_IRQHandler                          0x080001b7   Thumb Code     0  startup_stm32f407xx.o(.text)
    TIM8_BRK_TIM12_IRQHandler                0x080001b7   Thumb Code     0  startup_stm32f407xx.o(.text)
    TIM8_CC_IRQHandler                       0x080001b7   Thumb Code     0  startup_stm32f407xx.o(.text)
    TIM8_TRG_COM_TIM14_IRQHandler            0x080001b7   Thumb Code     0  startup_stm32f407xx.o(.text)
    TIM8_UP_TIM13_IRQHandler                 0x080001b7   Thumb Code     0  startup_stm32f407xx.o(.text)
    UART4_IRQHandler                         0x080001b7   Thumb Code     0  startup_stm32f407xx.o(.text)
    UART5_IRQHandler                         0x080001b7   Thumb Code     0  startup_stm32f407xx.o(.text)
    USART2_IRQHandler                        0x080001b7   Thumb Code     0  startup_stm32f407xx.o(.text)
    WWDG_IRQHandler                          0x080001b7   Thumb Code     0  startup_stm32f407xx.o(.text)
    __aeabi_uldivmod                         0x080001c1   Thumb Code    98  uldiv.o(.text)
    __aeabi_memset                           0x08000223   Thumb Code    14  memseta.o(.text)
    __aeabi_memset4                          0x08000223   Thumb Code     0  memseta.o(.text)
    __aeabi_memset8                          0x08000223   Thumb Code     0  memseta.o(.text)
    __aeabi_memclr                           0x08000231   Thumb Code     4  memseta.o(.text)
    __aeabi_memclr4                          0x08000231   Thumb Code     0  memseta.o(.text)
    __aeabi_memclr8                          0x08000231   Thumb Code     0  memseta.o(.text)
    _memset$wrapper                          0x08000235   Thumb Code    18  memseta.o(.text)
    __aeabi_dadd                             0x08000247   Thumb Code   322  dadd.o(.text)
    __aeabi_dsub                             0x08000389   Thumb Code     6  dadd.o(.text)
    __aeabi_drsub                            0x0800038f   Thumb Code     6  dadd.o(.text)
    __aeabi_dmul                             0x08000395   Thumb Code   228  dmul.o(.text)
    __aeabi_ddiv                             0x08000479   Thumb Code   222  ddiv.o(.text)
    __aeabi_i2d                              0x08000557   Thumb Code    34  dflti.o(.text)
    __aeabi_d2iz                             0x08000579   Thumb Code    62  dfixi.o(.text)
    __aeabi_f2d                              0x080005b7   Thumb Code    38  f2d.o(.text)
    __aeabi_d2f                              0x080005dd   Thumb Code    56  d2f.o(.text)
    __aeabi_uidiv                            0x08000615   Thumb Code     0  uidiv.o(.text)
    __aeabi_uidivmod                         0x08000615   Thumb Code    44  uidiv.o(.text)
    __aeabi_llsl                             0x08000641   Thumb Code    30  llshl.o(.text)
    _ll_shift_l                              0x08000641   Thumb Code     0  llshl.o(.text)
    __aeabi_llsr                             0x0800065f   Thumb Code    32  llushr.o(.text)
    _ll_ushift_r                             0x0800065f   Thumb Code     0  llushr.o(.text)
    __aeabi_lasr                             0x0800067f   Thumb Code    36  llsshr.o(.text)
    _ll_sshift_r                             0x0800067f   Thumb Code     0  llsshr.o(.text)
    __I$use$fp                               0x080006a3   Thumb Code     0  iusefp.o(.text)
    _float_round                             0x080006a3   Thumb Code    18  fepilogue.o(.text)
    _float_epilogue                          0x080006b5   Thumb Code    92  fepilogue.o(.text)
    _double_round                            0x08000711   Thumb Code    30  depilogue.o(.text)
    _double_epilogue                         0x0800072f   Thumb Code   156  depilogue.o(.text)
    __aeabi_d2ulz                            0x080007cb   Thumb Code    48  dfixul.o(.text)
    __aeabi_cdrcmple                         0x080007fd   Thumb Code    48  cdrcmple.o(.text)
    __scatterload                            0x0800082d   Thumb Code    28  init.o(.text)
    __scatterload_rt2                        0x0800082d   Thumb Code     0  init.o(.text)
    AutoAim_Task                             0x08000851   Thumb Code   804  autoaim_task.o(i.AutoAim_Task)
    AutoAim_TaskInit                         0x08000bcd   Thumb Code    48  autoaim_task.o(i.AutoAim_TaskInit)
    BusFault_Handler                         0x08000c11   Thumb Code     2  stm32f4xx_it.o(i.BusFault_Handler)
    CAN1_RX0_IRQHandler                      0x08000c15   Thumb Code     6  stm32f4xx_it.o(i.CAN1_RX0_IRQHandler)
    CAN2_RX0_IRQHandler                      0x08000c21   Thumb Code     6  stm32f4xx_it.o(i.CAN2_RX0_IRQHandler)
    CAN_cmd_chassis                          0x08000c2d   Thumb Code    60  can_receive.o(i.CAN_cmd_chassis)
    CAN_cmd_gimbal                           0x08000c75   Thumb Code    60  can_receive.o(i.CAN_cmd_gimbal)
    ChassisGyro_Task                         0x08000cbd   Thumb Code   134  chassis_task.o(i.ChassisGyro_Task)
    ChassisPositionControl_Task              0x08000d51   Thumb Code    38  chassis_task.o(i.ChassisPositionControl_Task)
    Chassis_Init                             0x08000d7d   Thumb Code   106  chassis_task.o(i.Chassis_Init)
    Chassis_WheatWheel_Solution              0x08000e01   Thumb Code   218  chassis_task.o(i.Chassis_WheatWheel_Solution)
    DMA1_Stream1_IRQHandler                  0x08000ee5   Thumb Code     6  stm32f4xx_it.o(i.DMA1_Stream1_IRQHandler)
    DMA2_Stream1_IRQHandler                  0x08000ef1   Thumb Code     6  stm32f4xx_it.o(i.DMA2_Stream1_IRQHandler)
    DMA2_Stream2_IRQHandler                  0x08000efd   Thumb Code     6  stm32f4xx_it.o(i.DMA2_Stream2_IRQHandler)
    DebugMon_Handler                         0x08000fad   Thumb Code     2  stm32f4xx_it.o(i.DebugMon_Handler)
    Demo                                     0x08000fb1   Thumb Code    20  demo.o(i.Demo)
    Detection_TaskInit                       0x08000fc9   Thumb Code    40  detection_task.o(i.Detection_TaskInit)
    Error_Handler                            0x08000ffd   Thumb Code     2  main.o(i.Error_Handler)
    GetAutoAIM                               0x08001001   Thumb Code    12  autoaim_task.o(i.GetAutoAIM)
    Get_ReferenceMedianAngle                 0x08001011   Thumb Code    56  gimbal_task.o(i.Get_ReferenceMedianAngle)
    Gimbal_Init                              0x0800104d   Thumb Code    68  gimbal_task.o(i.Gimbal_Init)
    GravityCompensation                      0x0800109d   Thumb Code    92  gimbal_task.o(i.GravityCompensation)
    HAL_CAN_ActivateNotification             0x08001101   Thumb Code    36  stm32f4xx_hal_can.o(i.HAL_CAN_ActivateNotification)
    HAL_CAN_AddTxMessage                     0x08001125   Thumb Code   200  stm32f4xx_hal_can.o(i.HAL_CAN_AddTxMessage)
    HAL_CAN_ConfigFilter                     0x080011ed   Thumb Code   262  stm32f4xx_hal_can.o(i.HAL_CAN_ConfigFilter)
    HAL_CAN_ErrorCallback                    0x080012f9   Thumb Code     2  stm32f4xx_hal_can.o(i.HAL_CAN_ErrorCallback)
    HAL_CAN_GetRxMessage                     0x080012fb   Thumb Code   232  stm32f4xx_hal_can.o(i.HAL_CAN_GetRxMessage)
    HAL_CAN_IRQHandler                       0x080013e3   Thumb Code   508  stm32f4xx_hal_can.o(i.HAL_CAN_IRQHandler)
    HAL_CAN_Init                             0x080015df   Thumb Code   282  stm32f4xx_hal_can.o(i.HAL_CAN_Init)
    HAL_CAN_MspInit                          0x080016f9   Thumb Code   226  can.o(i.HAL_CAN_MspInit)
    HAL_CAN_RxFifo0FullCallback              0x080017f5   Thumb Code     2  stm32f4xx_hal_can.o(i.HAL_CAN_RxFifo0FullCallback)
    HAL_CAN_RxFifo0MsgPendingCallback        0x080017f9   Thumb Code    82  can_receive.o(i.HAL_CAN_RxFifo0MsgPendingCallback)
    HAL_CAN_RxFifo1FullCallback              0x08001855   Thumb Code     2  stm32f4xx_hal_can.o(i.HAL_CAN_RxFifo1FullCallback)
    HAL_CAN_RxFifo1MsgPendingCallback        0x08001857   Thumb Code     2  stm32f4xx_hal_can.o(i.HAL_CAN_RxFifo1MsgPendingCallback)
    HAL_CAN_SleepCallback                    0x08001859   Thumb Code     2  stm32f4xx_hal_can.o(i.HAL_CAN_SleepCallback)
    HAL_CAN_Start                            0x0800185d   Thumb Code    88  stm32f4xx_hal_can.o(i.HAL_CAN_Start)
    HAL_CAN_TxMailbox0AbortCallback          0x080018b5   Thumb Code     2  stm32f4xx_hal_can.o(i.HAL_CAN_TxMailbox0AbortCallback)
    HAL_CAN_TxMailbox0CompleteCallback       0x080018b7   Thumb Code     2  stm32f4xx_hal_can.o(i.HAL_CAN_TxMailbox0CompleteCallback)
    HAL_CAN_TxMailbox1AbortCallback          0x080018b9   Thumb Code     2  stm32f4xx_hal_can.o(i.HAL_CAN_TxMailbox1AbortCallback)
    HAL_CAN_TxMailbox1CompleteCallback       0x080018bb   Thumb Code     2  stm32f4xx_hal_can.o(i.HAL_CAN_TxMailbox1CompleteCallback)
    HAL_CAN_TxMailbox2AbortCallback          0x080018bd   Thumb Code     2  stm32f4xx_hal_can.o(i.HAL_CAN_TxMailbox2AbortCallback)
    HAL_CAN_TxMailbox2CompleteCallback       0x080018bf   Thumb Code     2  stm32f4xx_hal_can.o(i.HAL_CAN_TxMailbox2CompleteCallback)
    HAL_CAN_WakeUpFromRxMsgCallback          0x080018c1   Thumb Code     2  stm32f4xx_hal_can.o(i.HAL_CAN_WakeUpFromRxMsgCallback)
    HAL_DMA_Abort                            0x080018c3   Thumb Code   142  stm32f4xx_hal_dma.o(i.HAL_DMA_Abort)
    HAL_DMA_Abort_IT                         0x08001951   Thumb Code    36  stm32f4xx_hal_dma.o(i.HAL_DMA_Abort_IT)
    HAL_DMA_IRQHandler                       0x08001975   Thumb Code   412  stm32f4xx_hal_dma.o(i.HAL_DMA_IRQHandler)
    HAL_DMA_Init                             0x08001b15   Thumb Code   206  stm32f4xx_hal_dma.o(i.HAL_DMA_Init)
    HAL_DMA_Start_IT                         0x08001be9   Thumb Code   110  stm32f4xx_hal_dma.o(i.HAL_DMA_Start_IT)
    HAL_GPIO_Init                            0x08001c59   Thumb Code   394  stm32f4xx_hal_gpio.o(i.HAL_GPIO_Init)
    HAL_GetTick                              0x08001e11   Thumb Code     6  stm32f4xx_hal.o(i.HAL_GetTick)
    HAL_IncTick                              0x08001e1d   Thumb Code    12  stm32f4xx_hal.o(i.HAL_IncTick)
    HAL_Init                                 0x08001e2d   Thumb Code    48  stm32f4xx_hal.o(i.HAL_Init)
    HAL_InitTick                             0x08001e61   Thumb Code    54  stm32f4xx_hal.o(i.HAL_InitTick)
    HAL_MspInit                              0x08001ea1   Thumb Code    42  stm32f4xx_hal_msp.o(i.HAL_MspInit)
    HAL_NVIC_EnableIRQ                       0x08001ed1   Thumb Code    26  stm32f4xx_hal_cortex.o(i.HAL_NVIC_EnableIRQ)
    HAL_NVIC_SetPriority                     0x08001eed   Thumb Code    60  stm32f4xx_hal_cortex.o(i.HAL_NVIC_SetPriority)
    HAL_NVIC_SetPriorityGrouping             0x08001f2d   Thumb Code    26  stm32f4xx_hal_cortex.o(i.HAL_NVIC_SetPriorityGrouping)
    HAL_RCC_ClockConfig                      0x08001f51   Thumb Code   288  stm32f4xx_hal_rcc.o(i.HAL_RCC_ClockConfig)
    HAL_RCC_GetPCLK1Freq                     0x08002085   Thumb Code    20  stm32f4xx_hal_rcc.o(i.HAL_RCC_GetPCLK1Freq)
    HAL_RCC_GetPCLK2Freq                     0x080020a5   Thumb Code    20  stm32f4xx_hal_rcc.o(i.HAL_RCC_GetPCLK2Freq)
    HAL_RCC_GetSysClockFreq                  0x080020c5   Thumb Code    88  stm32f4xx_hal_rcc.o(i.HAL_RCC_GetSysClockFreq)
    HAL_RCC_OscConfig                        0x08002129   Thumb Code   840  stm32f4xx_hal_rcc.o(i.HAL_RCC_OscConfig)
    HAL_SYSTICK_Config                       0x08002485   Thumb Code    40  stm32f4xx_hal_cortex.o(i.HAL_SYSTICK_Config)
    HAL_TIMEx_BreakCallback                  0x080024ad   Thumb Code     2  stm32f4xx_hal_tim_ex.o(i.HAL_TIMEx_BreakCallback)
    HAL_TIMEx_CommutCallback                 0x080024af   Thumb Code     2  stm32f4xx_hal_tim_ex.o(i.HAL_TIMEx_CommutCallback)
    HAL_TIMEx_ConfigBreakDeadTime            0x080024b1   Thumb Code    84  stm32f4xx_hal_tim_ex.o(i.HAL_TIMEx_ConfigBreakDeadTime)
    HAL_TIMEx_MasterConfigSynchronization    0x08002505   Thumb Code   116  stm32f4xx_hal_tim_ex.o(i.HAL_TIMEx_MasterConfigSynchronization)
    HAL_TIM_Base_Init                        0x08002595   Thumb Code    54  stm32f4xx_hal_tim.o(i.HAL_TIM_Base_Init)
    HAL_TIM_Base_MspInit                     0x080025cd   Thumb Code    76  tim.o(i.HAL_TIM_Base_MspInit)
    HAL_TIM_Base_Start                       0x08002621   Thumb Code    36  stm32f4xx_hal_tim.o(i.HAL_TIM_Base_Start)
    HAL_TIM_Base_Start_IT                    0x08002645   Thumb Code    34  stm32f4xx_hal_tim.o(i.HAL_TIM_Base_Start_IT)
    HAL_TIM_ConfigClockSource                0x08002667   Thumb Code   214  stm32f4xx_hal_tim.o(i.HAL_TIM_ConfigClockSource)
    HAL_TIM_IC_CaptureCallback               0x0800273d   Thumb Code     2  stm32f4xx_hal_tim.o(i.HAL_TIM_IC_CaptureCallback)
    HAL_TIM_IRQHandler                       0x0800273f   Thumb Code   358  stm32f4xx_hal_tim.o(i.HAL_TIM_IRQHandler)
    HAL_TIM_MspPostInit                      0x080028a5   Thumb Code    72  tim.o(i.HAL_TIM_MspPostInit)
    HAL_TIM_OC_DelayElapsedCallback          0x080028f9   Thumb Code     2  stm32f4xx_hal_tim.o(i.HAL_TIM_OC_DelayElapsedCallback)
    HAL_TIM_PWM_ConfigChannel                0x080028fb   Thumb Code   208  stm32f4xx_hal_tim.o(i.HAL_TIM_PWM_ConfigChannel)
    HAL_TIM_PWM_Init                         0x080029cb   Thumb Code    54  stm32f4xx_hal_tim.o(i.HAL_TIM_PWM_Init)
    HAL_TIM_PWM_MspInit                      0x08002a01   Thumb Code     2  stm32f4xx_hal_tim.o(i.HAL_TIM_PWM_MspInit)
    HAL_TIM_PWM_PulseFinishedCallback        0x08002a03   Thumb Code     2  stm32f4xx_hal_tim.o(i.HAL_TIM_PWM_PulseFinishedCallback)
    HAL_TIM_PWM_Start                        0x08002a05   Thumb Code    58  stm32f4xx_hal_tim.o(i.HAL_TIM_PWM_Start)
    HAL_TIM_PeriodElapsedCallback            0x08002a49   Thumb Code    22  main.o(i.HAL_TIM_PeriodElapsedCallback)
    HAL_TIM_TriggerCallback                  0x08002a65   Thumb Code     2  stm32f4xx_hal_tim.o(i.HAL_TIM_TriggerCallback)
    HAL_UART_DMAStop                         0x08002a67   Thumb Code    88  stm32f4xx_hal_uart.o(i.HAL_UART_DMAStop)
    HAL_UART_ErrorCallback                   0x08002abf   Thumb Code     2  stm32f4xx_hal_uart.o(i.HAL_UART_ErrorCallback)
    HAL_UART_IRQHandler                      0x08002ac1   Thumb Code   270  stm32f4xx_hal_uart.o(i.HAL_UART_IRQHandler)
    HAL_UART_Init                            0x08002bd5   Thumb Code    98  stm32f4xx_hal_uart.o(i.HAL_UART_Init)
    HAL_UART_MspInit                         0x08002c39   Thumb Code   512  usart.o(i.HAL_UART_MspInit)
    HAL_UART_Receive_DMA                     0x08002e65   Thumb Code   138  stm32f4xx_hal_uart.o(i.HAL_UART_Receive_DMA)
    HAL_UART_RxCpltCallback                  0x08002efd   Thumb Code     2  main.o(i.HAL_UART_RxCpltCallback)
    HAL_UART_RxHalfCpltCallback              0x08002eff   Thumb Code     2  stm32f4xx_hal_uart.o(i.HAL_UART_RxHalfCpltCallback)
    HAL_UART_Transmit                        0x08002f01   Thumb Code   186  stm32f4xx_hal_uart.o(i.HAL_UART_Transmit)
    HAL_UART_TxCpltCallback                  0x08002fbb   Thumb Code     2  stm32f4xx_hal_uart.o(i.HAL_UART_TxCpltCallback)
    HardFault_Handler                        0x08002fbd   Thumb Code     2  stm32f4xx_it.o(i.HardFault_Handler)
    IDLE_IMU_Handler                         0x08002fc1   Thumb Code    68  jy901.o(i.IDLE_IMU_Handler)
    IDLE_RC_Handler                          0x08003011   Thumb Code    64  rc_receive.o(i.IDLE_RC_Handler)
    IDLE_ROS_Handler                         0x0800305d   Thumb Code    64  ros_task.o(i.IDLE_ROS_Handler)
    JY901_ExpandAngle                        0x080030a9   Thumb Code   148  jy901.o(i.JY901_ExpandAngle)
    JY901_Init                               0x08003151   Thumb Code    42  jy901.o(i.JY901_Init)
    JY901_Process                            0x08003185   Thumb Code   494  jy901.o(i.JY901_Process)
    KeyBoard_Process                         0x08003399   Thumb Code   318  rc_task.o(i.KeyBoard_Process)
    M2006_GetBasicData                       0x080034f1   Thumb Code    86  2006_driver.o(i.M2006_GetBasicData)
    M2006_Init                               0x08003549   Thumb Code   176  2006_driver.o(i.M2006_Init)
    M2006_SpeedLoopPIDController             0x08003601   Thumb Code   304  2006_driver.o(i.M2006_SpeedLoopPIDController)
    M3508_GetBasicData                       0x08003731   Thumb Code    92  3508_driver.o(i.M3508_GetBasicData)
    M3508_Init                               0x0800378d   Thumb Code   202  3508_driver.o(i.M3508_Init)
    M3508_SpeedLoopPIDController             0x0800386d   Thumb Code   304  3508_driver.o(i.M3508_SpeedLoopPIDController)
    M6020_GetBasicData                       0x0800399d   Thumb Code    96  6020_driver.o(i.M6020_GetBasicData)
    M6020_Init                               0x080039fd   Thumb Code   246  6020_driver.o(i.M6020_Init)
    M6020_PositionLoopPIDController          0x08003b19   Thumb Code   270  6020_driver.o(i.M6020_PositionLoopPIDController)
    M6020_SpeedLoopPIDController             0x08003c29   Thumb Code   304  6020_driver.o(i.M6020_SpeedLoopPIDController)
    MX_CAN1_Init                             0x08003d59   Thumb Code    60  can.o(i.MX_CAN1_Init)
    MX_CAN2_Init                             0x08003d9d   Thumb Code    60  can.o(i.MX_CAN2_Init)
    MX_DMA_Init                              0x08003de1   Thumb Code    88  dma.o(i.MX_DMA_Init)
    MX_GPIO_Init                             0x08003e3d   Thumb Code   118  gpio.o(i.MX_GPIO_Init)
    MX_TIM1_Init                             0x08003eb9   Thumb Code   240  tim.o(i.MX_TIM1_Init)
    MX_TIM2_Init                             0x08003fb1   Thumb Code    96  tim.o(i.MX_TIM2_Init)
    MX_USART1_UART_Init                      0x08004015   Thumb Code    48  usart.o(i.MX_USART1_UART_Init)
    MX_USART3_UART_Init                      0x0800404d   Thumb Code    54  usart.o(i.MX_USART3_UART_Init)
    MX_USART6_UART_Init                      0x08004091   Thumb Code    48  usart.o(i.MX_USART6_UART_Init)
    MemManage_Handler                        0x080040c9   Thumb Code     2  stm32f4xx_it.o(i.MemManage_Handler)
    NMI_Handler                              0x080040cb   Thumb Code     2  stm32f4xx_it.o(i.NMI_Handler)
    PID_calc                                 0x080040cd   Thumb Code   292  pid.o(i.PID_calc)
    PID_init                                 0x080041f5   Thumb Code    92  pid.o(i.PID_init)
    PendSV_Handler                           0x08004255   Thumb Code     2  stm32f4xx_it.o(i.PendSV_Handler)
    Pitch_Gimbal_Task                        0x08004259   Thumb Code    70  gimbal_task.o(i.Pitch_Gimbal_Task)
    RC_Process                               0x080042a5   Thumb Code   118  rc_task.o(i.RC_Process)
    RC_Receive                               0x0800432d   Thumb Code   118  rc_receive.o(i.RC_Receive)
    RC_Receive_Init                          0x080043a9   Thumb Code    68  rc_receive.o(i.RC_Receive_Init)
    RC_Remote_Process                        0x080043f5   Thumb Code   320  rc_task.o(i.RC_Remote_Process)
    RC_TaskInit                              0x08004559   Thumb Code     8  rc_task.o(i.RC_TaskInit)
    ROS_ReceiveProcess                       0x08004565   Thumb Code    56  ros_task.o(i.ROS_ReceiveProcess)
    ROS_Receive_Init                         0x080045a5   Thumb Code    32  ros_task.o(i.ROS_Receive_Init)
    ROS_TaskInit                             0x080045cd   Thumb Code    44  ros_task.o(i.ROS_TaskInit)
    RobotStatus_KeyBoardControl              0x080045fd   Thumb Code   344  demo.o(i.RobotStatus_KeyBoardControl)
    RobotStatus_RemoteControl                0x0800477d   Thumb Code   388  demo.o(i.RobotStatus_RemoteControl)
    SVC_Handler                              0x0800492d   Thumb Code     2  stm32f4xx_it.o(i.SVC_Handler)
    SetLeft_Gun                              0x08004931   Thumb Code    12  snail2305_driver.o(i.SetLeft_Gun)
    SetRight_Gun                             0x08004941   Thumb Code    12  snail2305_driver.o(i.SetRight_Gun)
    Shoot_Control                            0x08004951   Thumb Code   380  shoot_task.o(i.Shoot_Control)
    Shoot_Init                               0x08004ae5   Thumb Code    82  shoot_task.o(i.Shoot_Init)
    Snail2305_Init                           0x08004b41   Thumb Code    64  snail2305_driver.o(i.Snail2305_Init)
    SysTick_Handler                          0x08004b85   Thumb Code     4  stm32f4xx_it.o(i.SysTick_Handler)
    SystemClock_Config                       0x08004b89   Thumb Code   124  main.o(i.SystemClock_Config)
    SystemInit                               0x08004c0d   Thumb Code    22  system_stm32f4xx.o(i.SystemInit)
    TIM2_IRQHandler                          0x08004c29   Thumb Code     6  stm32f4xx_it.o(i.TIM2_IRQHandler)
    TIM_Base_SetConfig                       0x08004c35   Thumb Code   156  stm32f4xx_hal_tim.o(i.TIM_Base_SetConfig)
    TIM_CCxChannelCmd                        0x08004cfd   Thumb Code    26  stm32f4xx_hal_tim.o(i.TIM_CCxChannelCmd)
    TIM_ETR_SetConfig                        0x08004d17   Thumb Code    20  stm32f4xx_hal_tim.o(i.TIM_ETR_SetConfig)
    TIM_OC2_SetConfig                        0x08004d9d   Thumb Code    98  stm32f4xx_hal_tim.o(i.TIM_OC2_SetConfig)
    USART1_IRQHandler                        0x0800525d   Thumb Code    16  stm32f4xx_it.o(i.USART1_IRQHandler)
    USART3_IRQHandler                        0x08005271   Thumb Code    16  stm32f4xx_it.o(i.USART3_IRQHandler)
    USART6_IRQHandler                        0x08005285   Thumb Code    16  stm32f4xx_it.o(i.USART6_IRQHandler)
    Update_ReferenceBeganECD                 0x08005299   Thumb Code    26  gimbal_task.o(i.Update_ReferenceBeganECD)
    UsageFault_Handler                       0x080052b9   Thumb Code     2  stm32f4xx_it.o(i.UsageFault_Handler)
    User_USART_Init                          0x080052bb   Thumb Code    32  jy901.o(i.User_USART_Init)
    Yaw_Gimbal_Task2                         0x080052dd   Thumb Code   240  gimbal_task.o(i.Yaw_Gimbal_Task2)
    __0printf                                0x080053e1   Thumb Code    22  printfa.o(i.__0printf)
    __1printf                                0x080053e1   Thumb Code     0  printfa.o(i.__0printf)
    __2printf                                0x080053e1   Thumb Code     0  printfa.o(i.__0printf)
    __c89printf                              0x080053e1   Thumb Code     0  printfa.o(i.__0printf)
    printf                                   0x080053e1   Thumb Code     0  printfa.o(i.__0printf)
    __scatterload_copy                       0x08005421   Thumb Code    14  handlers.o(i.__scatterload_copy)
    __scatterload_null                       0x0800542f   Thumb Code     2  handlers.o(i.__scatterload_null)
    __scatterload_zeroinit                   0x08005431   Thumb Code    14  handlers.o(i.__scatterload_zeroinit)
    absoulte_value                           0x08005cf3   Thumb Code    10  user_lib.o(i.absoulte_value)
    arm_sin_cos_f32                          0x08005cfd   Thumb Code   254  arm_sin_cos_f32.o(i.arm_sin_cos_f32)
    can_filter_init                          0x08005e0d   Thumb Code    80  bsp_can.o(i.can_filter_init)
    fputc                                    0x08005e65   Thumb Code    20  main.o(i.fputc)
    get_chassis_motor_measure_point          0x08005e7d   Thumb Code    16  can_receive.o(i.get_chassis_motor_measure_point)
    get_pitch_gimbal_motor_measure_point     0x08005e91   Thumb Code     4  can_receive.o(i.get_pitch_gimbal_motor_measure_point)
    get_trigger_motor_measure_point          0x08005e99   Thumb Code    12  can_receive.o(i.get_trigger_motor_measure_point)
    get_yaw_gimbal_motor_measure_point       0x08005ea9   Thumb Code     4  can_receive.o(i.get_yaw_gimbal_motor_measure_point)
    main                                     0x08005eb1   Thumb Code    96  main.o(i.main)
    AHBPrescTable                            0x08005f1c   Data          16  system_stm32f4xx.o(.constdata)
    APBPrescTable                            0x08005f2c   Data           8  system_stm32f4xx.o(.constdata)
    sinTable_f32                             0x08005f40   Data        2052  arm_common_tables.o(.rodata.sinTable_f32)
    Region$$Table$$Base                      0x08006744   Number         0  anon$$obj.o(Region$$Table)
    Region$$Table$$Limit                     0x08006764   Number         0  anon$$obj.o(Region$$Table)
    tim_watch                                0x20000000   Data           4  main.o(.data)
    uwTickFreq                               0x20000008   Data           1  stm32f4xx_hal.o(.data)
    uwTickPrio                               0x2000000c   Data           4  stm32f4xx_hal.o(.data)
    uwTick                                   0x20000010   Data           4  stm32f4xx_hal.o(.data)
    SystemCoreClock                          0x20000014   Data           4  system_stm32f4xx.o(.data)
    stcAcc                                   0x20000034   Data           8  jy901.o(.data)
    stcGyro                                  0x2000003c   Data           8  jy901.o(.data)
    stcAngle                                 0x20000044   Data           8  jy901.o(.data)
    stcMag                                   0x2000004c   Data           8  jy901.o(.data)
    stcPress                                 0x20000054   Data           8  jy901.o(.data)
    stcLonLat                                0x2000005c   Data           8  jy901.o(.data)
    stcQ                                     0x20000064   Data           8  jy901.o(.data)
    yaw_beganecd                             0x2000006c   Data           2  gimbal_task.o(.data)
    d_ecd                                    0x2000006e   Data           2  gimbal_task.o(.data)
    pitch_beganecd                           0x20000070   Data           2  gimbal_task.o(.data)
    compensation_factor                      0x20000074   Data           4  gimbal_task.o(.data)
    pitch_cos                                0x20000078   Data           4  gimbal_task.o(.data)
    pitch_sin                                0x2000007c   Data           4  gimbal_task.o(.data)
    yaw_beganangle                           0x20000080   Data           4  gimbal_task.o(.data)
    yaw_median_expangle                      0x20000084   Data           4  gimbal_task.o(.data)
    yaw_key                                  0x20000088   Data           4  gimbal_task.o(.data)
    yaw_key2                                 0x2000008c   Data           4  gimbal_task.o(.data)
    d_angle                                  0x20000090   Data           4  gimbal_task.o(.data)
    snail_LFUP                               0x20000094   Data           4  shoot_task.o(.data)
    snail_LFDOWN                             0x20000098   Data           4  shoot_task.o(.data)
    snail_RTUP                               0x2000009c   Data           4  shoot_task.o(.data)
    snail_RTDOWN                             0x200000a0   Data           4  shoot_task.o(.data)
    shoot_modemessage                        0x200000a4   Data           8  shoot_task.o(.data)
    ros_rx_messageboxs                       0x200000ac   Data           5  ros_task.o(.data)
    ros_data                                 0x200000b2   Data           6  ros_task.o(.data)
    ros_tx_messageboxs                       0x200000b8   Data           6  ros_task.o(.data)
    rc_control_mode                          0x200000c0   Data           1  rc_task.o(.data)
    rc_link_time                             0x200000c4   Data           4  detection_task.o(.data)
    rc_link_lasttime                         0x200000c8   Data           4  detection_task.o(.data)
    auto_key                                 0x200000d8   Data           4  autoaim_task.o(.data)
    auto_key2                                0x200000dc   Data           4  autoaim_task.o(.data)
    auto_tim                                 0x200000e0   Data           4  autoaim_task.o(.data)
    auto_yaw_targetpostion                   0x200000e4   Data           4  autoaim_task.o(.data)
    auto_pitch_targetpostion                 0x200000e8   Data           4  autoaim_task.o(.data)
    __stdout                                 0x200000ec   Data           4  stdout.o(.data)
    hcan1                                    0x200000f0   Data          40  can.o(.bss)
    hcan2                                    0x20000118   Data          40  can.o(.bss)
    htim1                                    0x20000140   Data          64  tim.o(.bss)
    htim2                                    0x20000180   Data          64  tim.o(.bss)
    huart1                                   0x200001c0   Data          64  usart.o(.bss)
    huart3                                   0x20000200   Data          64  usart.o(.bss)
    huart6                                   0x20000240   Data          64  usart.o(.bss)
    hdma_usart1_rx                           0x20000280   Data          96  usart.o(.bss)
    hdma_usart3_rx                           0x200002e0   Data          96  usart.o(.bss)
    hdma_usart6_rx                           0x20000340   Data          96  usart.o(.bss)
    RC_Ctl                                   0x200003a0   Data          28  rc_receive.o(.bss)
    sbus_rx_buffer                           0x200003bc   Data          18  rc_receive.o(.bss)
    rc_user                                  0x200003ce   Data          14  rc_receive.o(.bss)
    keyboard_user                            0x200003dc   Data          14  rc_receive.o(.bss)
    motor_chassis                            0x200003ec   Data          80  can_receive.o(.bss)
    JY901_data                               0x2000046c   Data         124  jy901.o(.bss)
    m3508_id1                                0x200004e8   Data         164  chassis_task.o(.bss)
    m3508_id2                                0x2000058c   Data         164  chassis_task.o(.bss)
    m3508_id3                                0x20000630   Data         164  chassis_task.o(.bss)
    m3508_id4                                0x200006d4   Data         164  chassis_task.o(.bss)
    chassis_vectors                          0x20000778   Data          24  chassis_task.o(.bss)
    chassis_angle_pid                        0x20000790   Data          76  chassis_task.o(.bss)
    yaw_gimbal_motor                         0x200007dc   Data         240  gimbal_task.o(.bss)
    pitch_gimbal_motor                       0x200008cc   Data         240  gimbal_task.o(.bss)
    up_trigger_motor                         0x200009bc   Data         252  shoot_task.o(.bss)
    down_trigger_motor                       0x20000ab8   Data         252  shoot_task.o(.bss)
    robo_powerdata                           0x20000bb4   Data          24  detection_task.o(.bss)
    auto_aim                                 0x20000bcc   Data          12  autoaim_task.o(.bss)
    __initial_sp                             0x20000fd8   Data           0  startup_stm32f407xx.o(STACK)



==============================================================================

Memory Map of the image

  Image Entry point : 0x08000189

  Load Region LR_IROM1 (Base: 0x08000000, Size: 0x00006854, Max: 0x00100000, ABSOLUTE)

    Execution Region ER_IROM1 (Exec base: 0x08000000, Load base: 0x08000000, Size: 0x00006764, Max: 0x00100000, ABSOLUTE)

    Exec Addr    Load Addr    Size         Type   Attr      Idx    E Section Name        Object

    0x08000000   0x08000000   0x00000188   Data   RO            3    RESET               startup_stm32f407xx.o
    0x08000188   0x08000188   0x00000000   Code   RO         4483  * .ARM.Collect$$$$00000000  mc_w.l(entry.o)
    0x08000188   0x08000188   0x00000004   Code   RO         4765    .ARM.Collect$$$$00000001  mc_w.l(entry2.o)
    0x0800018c   0x0800018c   0x00000004   Code   RO         4768    .ARM.Collect$$$$00000004  mc_w.l(entry5.o)
    0x08000190   0x08000190   0x00000000   Code   RO         4770    .ARM.Collect$$$$00000008  mc_w.l(entry7b.o)
    0x08000190   0x08000190   0x00000000   Code   RO         4772    .ARM.Collect$$$$0000000A  mc_w.l(entry8b.o)
    0x08000190   0x08000190   0x00000008   Code   RO         4773    .ARM.Collect$$$$0000000B  mc_w.l(entry9a.o)
    0x08000198   0x08000198   0x00000000   Code   RO         4775    .ARM.Collect$$$$0000000D  mc_w.l(entry10a.o)
    0x08000198   0x08000198   0x00000000   Code   RO         4777    .ARM.Collect$$$$0000000F  mc_w.l(entry11a.o)
    0x08000198   0x08000198   0x00000004   Code   RO         4766    .ARM.Collect$$$$00002712  mc_w.l(entry2.o)
    0x0800019c   0x0800019c   0x00000024   Code   RO            4    .text               startup_stm32f407xx.o
    0x080001c0   0x080001c0   0x00000062   Code   RO         4486    .text               mc_w.l(uldiv.o)
    0x08000222   0x08000222   0x00000024   Code   RO         4488    .text               mc_w.l(memseta.o)
    0x08000246   0x08000246   0x0000014e   Code   RO         4751    .text               mf_w.l(dadd.o)
    0x08000394   0x08000394   0x000000e4   Code   RO         4753    .text               mf_w.l(dmul.o)
    0x08000478   0x08000478   0x000000de   Code   RO         4755    .text               mf_w.l(ddiv.o)
    0x08000556   0x08000556   0x00000022   Code   RO         4757    .text               mf_w.l(dflti.o)
    0x08000578   0x08000578   0x0000003e   Code   RO         4759    .text               mf_w.l(dfixi.o)
    0x080005b6   0x080005b6   0x00000026   Code   RO         4761    .text               mf_w.l(f2d.o)
    0x080005dc   0x080005dc   0x00000038   Code   RO         4763    .text               mf_w.l(d2f.o)
    0x08000614   0x08000614   0x0000002c   Code   RO         4780    .text               mc_w.l(uidiv.o)
    0x08000640   0x08000640   0x0000001e   Code   RO         4782    .text               mc_w.l(llshl.o)
    0x0800065e   0x0800065e   0x00000020   Code   RO         4784    .text               mc_w.l(llushr.o)
    0x0800067e   0x0800067e   0x00000024   Code   RO         4786    .text               mc_w.l(llsshr.o)
    0x080006a2   0x080006a2   0x00000000   Code   RO         4788    .text               mc_w.l(iusefp.o)
    0x080006a2   0x080006a2   0x0000006e   Code   RO         4789    .text               mf_w.l(fepilogue.o)
    0x08000710   0x08000710   0x000000ba   Code   RO         4791    .text               mf_w.l(depilogue.o)
    0x080007ca   0x080007ca   0x00000030   Code   RO         4793    .text               mf_w.l(dfixul.o)
    0x080007fa   0x080007fa   0x00000002   PAD
    0x080007fc   0x080007fc   0x00000030   Code   RO         4795    .text               mf_w.l(cdrcmple.o)
    0x0800082c   0x0800082c   0x00000024   Code   RO         4797    .text               mc_w.l(init.o)
    0x08000850   0x08000850   0x0000037c   Code   RO         4271    i.AutoAim_Task      autoaim_task.o
    0x08000bcc   0x08000bcc   0x00000044   Code   RO         4272    i.AutoAim_TaskInit  autoaim_task.o
    0x08000c10   0x08000c10   0x00000002   Code   RO          476    i.BusFault_Handler  stm32f4xx_it.o
    0x08000c12   0x08000c12   0x00000002   PAD
    0x08000c14   0x08000c14   0x0000000c   Code   RO          477    i.CAN1_RX0_IRQHandler  stm32f4xx_it.o
    0x08000c20   0x08000c20   0x0000000c   Code   RO          478    i.CAN2_RX0_IRQHandler  stm32f4xx_it.o
    0x08000c2c   0x08000c2c   0x00000048   Code   RO         3422    i.CAN_cmd_chassis   can_receive.o
    0x08000c74   0x08000c74   0x00000048   Code   RO         3424    i.CAN_cmd_gimbal    can_receive.o
    0x08000cbc   0x08000cbc   0x00000094   Code   RO         3897    i.ChassisGyro_Task  chassis_task.o
    0x08000d50   0x08000d50   0x0000002c   Code   RO         3898    i.ChassisPositionControl_Task  chassis_task.o
    0x08000d7c   0x08000d7c   0x00000084   Code   RO         3899    i.Chassis_Init      chassis_task.o
    0x08000e00   0x08000e00   0x000000e4   Code   RO         3900    i.Chassis_WheatWheel_Solution  chassis_task.o
    0x08000ee4   0x08000ee4   0x0000000c   Code   RO          479    i.DMA1_Stream1_IRQHandler  stm32f4xx_it.o
    0x08000ef0   0x08000ef0   0x0000000c   Code   RO          480    i.DMA2_Stream1_IRQHandler  stm32f4xx_it.o
    0x08000efc   0x08000efc   0x0000000c   Code   RO          481    i.DMA2_Stream2_IRQHandler  stm32f4xx_it.o
    0x08000f08   0x08000f08   0x00000028   Code   RO         1323    i.DMA_CalcBaseAndBitshift  stm32f4xx_hal_dma.o
    0x08000f30   0x08000f30   0x00000054   Code   RO         1324    i.DMA_CheckFifoParam  stm32f4xx_hal_dma.o
    0x08000f84   0x08000f84   0x00000028   Code   RO         1325    i.DMA_SetConfig     stm32f4xx_hal_dma.o
    0x08000fac   0x08000fac   0x00000002   Code   RO          482    i.DebugMon_Handler  stm32f4xx_it.o
    0x08000fae   0x08000fae   0x00000002   PAD
    0x08000fb0   0x08000fb0   0x00000018   Code   RO         4228    i.Demo              demo.o
    0x08000fc8   0x08000fc8   0x00000034   Code   RO         4177    i.Detection_TaskInit  detection_task.o
    0x08000ffc   0x08000ffc   0x00000002   Code   RO           13    i.Error_Handler     main.o
    0x08000ffe   0x08000ffe   0x00000002   PAD
    0x08001000   0x08001000   0x00000010   Code   RO         4273    i.GetAutoAIM        autoaim_task.o
    0x08001010   0x08001010   0x0000003c   Code   RO         3952    i.Get_ReferenceMedianAngle  gimbal_task.o
    0x0800104c   0x0800104c   0x00000050   Code   RO         3953    i.Gimbal_Init       gimbal_task.o
    0x0800109c   0x0800109c   0x00000064   Code   RO         3954    i.GravityCompensation  gimbal_task.o
    0x08001100   0x08001100   0x00000024   Code   RO          631    i.HAL_CAN_ActivateNotification  stm32f4xx_hal_can.o
    0x08001124   0x08001124   0x000000c8   Code   RO          632    i.HAL_CAN_AddTxMessage  stm32f4xx_hal_can.o
    0x080011ec   0x080011ec   0x0000010c   Code   RO          633    i.HAL_CAN_ConfigFilter  stm32f4xx_hal_can.o
    0x080012f8   0x080012f8   0x00000002   Code   RO          636    i.HAL_CAN_ErrorCallback  stm32f4xx_hal_can.o
    0x080012fa   0x080012fa   0x000000e8   Code   RO          639    i.HAL_CAN_GetRxMessage  stm32f4xx_hal_can.o
    0x080013e2   0x080013e2   0x000001fc   Code   RO          643    i.HAL_CAN_IRQHandler  stm32f4xx_hal_can.o
    0x080015de   0x080015de   0x0000011a   Code   RO          644    i.HAL_CAN_Init      stm32f4xx_hal_can.o
    0x080016f8   0x080016f8   0x000000fc   Code   RO          296    i.HAL_CAN_MspInit   can.o
    0x080017f4   0x080017f4   0x00000002   Code   RO          651    i.HAL_CAN_RxFifo0FullCallback  stm32f4xx_hal_can.o
    0x080017f6   0x080017f6   0x00000002   PAD
    0x080017f8   0x080017f8   0x0000005c   Code   RO         3425    i.HAL_CAN_RxFifo0MsgPendingCallback  can_receive.o
    0x08001854   0x08001854   0x00000002   Code   RO          653    i.HAL_CAN_RxFifo1FullCallback  stm32f4xx_hal_can.o
    0x08001856   0x08001856   0x00000002   Code   RO          654    i.HAL_CAN_RxFifo1MsgPendingCallback  stm32f4xx_hal_can.o
    0x08001858   0x08001858   0x00000002   Code   RO          655    i.HAL_CAN_SleepCallback  stm32f4xx_hal_can.o
    0x0800185a   0x0800185a   0x00000002   PAD
    0x0800185c   0x0800185c   0x00000058   Code   RO          656    i.HAL_CAN_Start     stm32f4xx_hal_can.o
    0x080018b4   0x080018b4   0x00000002   Code   RO          658    i.HAL_CAN_TxMailbox0AbortCallback  stm32f4xx_hal_can.o
    0x080018b6   0x080018b6   0x00000002   Code   RO          659    i.HAL_CAN_TxMailbox0CompleteCallback  stm32f4xx_hal_can.o
    0x080018b8   0x080018b8   0x00000002   Code   RO          660    i.HAL_CAN_TxMailbox1AbortCallback  stm32f4xx_hal_can.o
    0x080018ba   0x080018ba   0x00000002   Code   RO          661    i.HAL_CAN_TxMailbox1CompleteCallback  stm32f4xx_hal_can.o
    0x080018bc   0x080018bc   0x00000002   Code   RO          662    i.HAL_CAN_TxMailbox2AbortCallback  stm32f4xx_hal_can.o
    0x080018be   0x080018be   0x00000002   Code   RO          663    i.HAL_CAN_TxMailbox2CompleteCallback  stm32f4xx_hal_can.o
    0x080018c0   0x080018c0   0x00000002   Code   RO          665    i.HAL_CAN_WakeUpFromRxMsgCallback  stm32f4xx_hal_can.o
    0x080018c2   0x080018c2   0x0000008e   Code   RO         1326    i.HAL_DMA_Abort     stm32f4xx_hal_dma.o
    0x08001950   0x08001950   0x00000024   Code   RO         1327    i.HAL_DMA_Abort_IT  stm32f4xx_hal_dma.o
    0x08001974   0x08001974   0x000001a0   Code   RO         1331    i.HAL_DMA_IRQHandler  stm32f4xx_hal_dma.o
    0x08001b14   0x08001b14   0x000000d4   Code   RO         1332    i.HAL_DMA_Init      stm32f4xx_hal_dma.o
    0x08001be8   0x08001be8   0x0000006e   Code   RO         1336    i.HAL_DMA_Start_IT  stm32f4xx_hal_dma.o
    0x08001c56   0x08001c56   0x00000002   PAD
    0x08001c58   0x08001c58   0x000001b8   Code   RO         1219    i.HAL_GPIO_Init     stm32f4xx_hal_gpio.o
    0x08001e10   0x08001e10   0x0000000c   Code   RO         1751    i.HAL_GetTick       stm32f4xx_hal.o
    0x08001e1c   0x08001e1c   0x00000010   Code   RO         1757    i.HAL_IncTick       stm32f4xx_hal.o
    0x08001e2c   0x08001e2c   0x00000034   Code   RO         1758    i.HAL_Init          stm32f4xx_hal.o
    0x08001e60   0x08001e60   0x00000040   Code   RO         1759    i.HAL_InitTick      stm32f4xx_hal.o
    0x08001ea0   0x08001ea0   0x00000030   Code   RO          606    i.HAL_MspInit       stm32f4xx_hal_msp.o
    0x08001ed0   0x08001ed0   0x0000001a   Code   RO         1608    i.HAL_NVIC_EnableIRQ  stm32f4xx_hal_cortex.o
    0x08001eea   0x08001eea   0x00000002   PAD
    0x08001eec   0x08001eec   0x00000040   Code   RO         1614    i.HAL_NVIC_SetPriority  stm32f4xx_hal_cortex.o
    0x08001f2c   0x08001f2c   0x00000024   Code   RO         1615    i.HAL_NVIC_SetPriorityGrouping  stm32f4xx_hal_cortex.o
    0x08001f50   0x08001f50   0x00000134   Code   RO          865    i.HAL_RCC_ClockConfig  stm32f4xx_hal_rcc.o
    0x08002084   0x08002084   0x00000020   Code   RO          872    i.HAL_RCC_GetPCLK1Freq  stm32f4xx_hal_rcc.o
    0x080020a4   0x080020a4   0x00000020   Code   RO          873    i.HAL_RCC_GetPCLK2Freq  stm32f4xx_hal_rcc.o
    0x080020c4   0x080020c4   0x00000064   Code   RO          874    i.HAL_RCC_GetSysClockFreq  stm32f4xx_hal_rcc.o
    0x08002128   0x08002128   0x0000035c   Code   RO          877    i.HAL_RCC_OscConfig  stm32f4xx_hal_rcc.o
    0x08002484   0x08002484   0x00000028   Code   RO         1619    i.HAL_SYSTICK_Config  stm32f4xx_hal_cortex.o
    0x080024ac   0x080024ac   0x00000002   Code   RO         2673    i.HAL_TIMEx_BreakCallback  stm32f4xx_hal_tim_ex.o
    0x080024ae   0x080024ae   0x00000002   Code   RO         2674    i.HAL_TIMEx_CommutCallback  stm32f4xx_hal_tim_ex.o
    0x080024b0   0x080024b0   0x00000054   Code   RO         2676    i.HAL_TIMEx_ConfigBreakDeadTime  stm32f4xx_hal_tim_ex.o
    0x08002504   0x08002504   0x00000090   Code   RO         2691    i.HAL_TIMEx_MasterConfigSynchronization  stm32f4xx_hal_tim_ex.o
    0x08002594   0x08002594   0x00000036   Code   RO         1998    i.HAL_TIM_Base_Init  stm32f4xx_hal_tim.o
    0x080025ca   0x080025ca   0x00000002   PAD
    0x080025cc   0x080025cc   0x00000054   Code   RO          369    i.HAL_TIM_Base_MspInit  tim.o
    0x08002620   0x08002620   0x00000024   Code   RO         2001    i.HAL_TIM_Base_Start  stm32f4xx_hal_tim.o
    0x08002644   0x08002644   0x00000022   Code   RO         2003    i.HAL_TIM_Base_Start_IT  stm32f4xx_hal_tim.o
    0x08002666   0x08002666   0x000000d6   Code   RO         2007    i.HAL_TIM_ConfigClockSource  stm32f4xx_hal_tim.o
    0x0800273c   0x0800273c   0x00000002   Code   RO         2027    i.HAL_TIM_IC_CaptureCallback  stm32f4xx_hal_tim.o
    0x0800273e   0x0800273e   0x00000166   Code   RO         2041    i.HAL_TIM_IRQHandler  stm32f4xx_hal_tim.o
    0x080028a4   0x080028a4   0x00000054   Code   RO          370    i.HAL_TIM_MspPostInit  tim.o
    0x080028f8   0x080028f8   0x00000002   Code   RO         2044    i.HAL_TIM_OC_DelayElapsedCallback  stm32f4xx_hal_tim.o
    0x080028fa   0x080028fa   0x000000d0   Code   RO         2065    i.HAL_TIM_PWM_ConfigChannel  stm32f4xx_hal_tim.o
    0x080029ca   0x080029ca   0x00000036   Code   RO         2068    i.HAL_TIM_PWM_Init  stm32f4xx_hal_tim.o
    0x08002a00   0x08002a00   0x00000002   Code   RO         2070    i.HAL_TIM_PWM_MspInit  stm32f4xx_hal_tim.o
    0x08002a02   0x08002a02   0x00000002   Code   RO         2071    i.HAL_TIM_PWM_PulseFinishedCallback  stm32f4xx_hal_tim.o
    0x08002a04   0x08002a04   0x00000044   Code   RO         2073    i.HAL_TIM_PWM_Start  stm32f4xx_hal_tim.o
    0x08002a48   0x08002a48   0x0000001c   Code   RO           14    i.HAL_TIM_PeriodElapsedCallback  main.o
    0x08002a64   0x08002a64   0x00000002   Code   RO         2084    i.HAL_TIM_TriggerCallback  stm32f4xx_hal_tim.o
    0x08002a66   0x08002a66   0x00000058   Code   RO         2943    i.HAL_UART_DMAStop  stm32f4xx_hal_uart.o
    0x08002abe   0x08002abe   0x00000002   Code   RO         2945    i.HAL_UART_ErrorCallback  stm32f4xx_hal_uart.o
    0x08002ac0   0x08002ac0   0x00000114   Code   RO         2948    i.HAL_UART_IRQHandler  stm32f4xx_hal_uart.o
    0x08002bd4   0x08002bd4   0x00000062   Code   RO         2949    i.HAL_UART_Init     stm32f4xx_hal_uart.o
    0x08002c36   0x08002c36   0x00000002   PAD
    0x08002c38   0x08002c38   0x0000022c   Code   RO          423    i.HAL_UART_MspInit  usart.o
    0x08002e64   0x08002e64   0x00000098   Code   RO         2953    i.HAL_UART_Receive_DMA  stm32f4xx_hal_uart.o
    0x08002efc   0x08002efc   0x00000002   Code   RO           15    i.HAL_UART_RxCpltCallback  main.o
    0x08002efe   0x08002efe   0x00000002   Code   RO         2956    i.HAL_UART_RxHalfCpltCallback  stm32f4xx_hal_uart.o
    0x08002f00   0x08002f00   0x000000ba   Code   RO         2957    i.HAL_UART_Transmit  stm32f4xx_hal_uart.o
    0x08002fba   0x08002fba   0x00000002   Code   RO         2960    i.HAL_UART_TxCpltCallback  stm32f4xx_hal_uart.o
    0x08002fbc   0x08002fbc   0x00000002   Code   RO          483    i.HardFault_Handler  stm32f4xx_it.o
    0x08002fbe   0x08002fbe   0x00000002   PAD
    0x08002fc0   0x08002fc0   0x00000050   Code   RO         3688    i.IDLE_IMU_Handler  jy901.o
    0x08003010   0x08003010   0x0000004c   Code   RO         3379    i.IDLE_RC_Handler   rc_receive.o
    0x0800305c   0x0800305c   0x0000004c   Code   RO         4068    i.IDLE_ROS_Handler  ros_task.o
    0x080030a8   0x080030a8   0x000000a8   Code   RO         3689    i.JY901_ExpandAngle  jy901.o
    0x08003150   0x08003150   0x00000034   Code   RO         3690    i.JY901_Init        jy901.o
    0x08003184   0x08003184   0x00000214   Code   RO         3691    i.JY901_Process     jy901.o
    0x08003398   0x08003398   0x00000158   Code   RO         4122    i.KeyBoard_Process  rc_task.o
    0x080034f0   0x080034f0   0x00000056   Code   RO         3534    i.M2006_GetBasicData  2006_driver.o
    0x08003546   0x08003546   0x00000002   PAD
    0x08003548   0x08003548   0x000000b8   Code   RO         3536    i.M2006_Init        2006_driver.o
    0x08003600   0x08003600   0x00000130   Code   RO         3539    i.M2006_SpeedLoopPIDController  2006_driver.o
    0x08003730   0x08003730   0x0000005c   Code   RO         3599    i.M3508_GetBasicData  3508_driver.o
    0x0800378c   0x0800378c   0x000000e0   Code   RO         3600    i.M3508_Init        3508_driver.o
    0x0800386c   0x0800386c   0x00000130   Code   RO         3601    i.M3508_SpeedLoopPIDController  3508_driver.o
    0x0800399c   0x0800399c   0x00000060   Code   RO         3641    i.M6020_GetBasicData  6020_driver.o
    0x080039fc   0x080039fc   0x0000011c   Code   RO         3642    i.M6020_Init        6020_driver.o
    0x08003b18   0x08003b18   0x0000010e   Code   RO         3643    i.M6020_PositionLoopPIDController  6020_driver.o
    0x08003c26   0x08003c26   0x00000002   PAD
    0x08003c28   0x08003c28   0x00000130   Code   RO         3644    i.M6020_SpeedLoopPIDController  6020_driver.o
    0x08003d58   0x08003d58   0x00000044   Code   RO          297    i.MX_CAN1_Init      can.o
    0x08003d9c   0x08003d9c   0x00000044   Code   RO          298    i.MX_CAN2_Init      can.o
    0x08003de0   0x08003de0   0x0000005c   Code   RO          344    i.MX_DMA_Init       dma.o
    0x08003e3c   0x08003e3c   0x0000007c   Code   RO          271    i.MX_GPIO_Init      gpio.o
    0x08003eb8   0x08003eb8   0x000000f8   Code   RO          371    i.MX_TIM1_Init      tim.o
    0x08003fb0   0x08003fb0   0x00000064   Code   RO          372    i.MX_TIM2_Init      tim.o
    0x08004014   0x08004014   0x00000038   Code   RO          424    i.MX_USART1_UART_Init  usart.o
    0x0800404c   0x0800404c   0x00000044   Code   RO          425    i.MX_USART3_UART_Init  usart.o
    0x08004090   0x08004090   0x00000038   Code   RO          426    i.MX_USART6_UART_Init  usart.o
    0x080040c8   0x080040c8   0x00000002   Code   RO          484    i.MemManage_Handler  stm32f4xx_it.o
    0x080040ca   0x080040ca   0x00000002   Code   RO          485    i.NMI_Handler       stm32f4xx_it.o
    0x080040cc   0x080040cc   0x00000128   Code   RO         3777    i.PID_calc          pid.o
    0x080041f4   0x080041f4   0x00000060   Code   RO         3779    i.PID_init          pid.o
    0x08004254   0x08004254   0x00000002   Code   RO          486    i.PendSV_Handler    stm32f4xx_it.o
    0x08004256   0x08004256   0x00000002   PAD
    0x08004258   0x08004258   0x0000004c   Code   RO         3955    i.Pitch_Gimbal_Task  gimbal_task.o
    0x080042a4   0x080042a4   0x00000088   Code   RO         4123    i.RC_Process        rc_task.o
    0x0800432c   0x0800432c   0x0000007c   Code   RO         3380    i.RC_Receive        rc_receive.o
    0x080043a8   0x080043a8   0x0000004c   Code   RO         3381    i.RC_Receive_Init   rc_receive.o
    0x080043f4   0x080043f4   0x00000164   Code   RO         4124    i.RC_Remote_Process  rc_task.o
    0x08004558   0x08004558   0x0000000c   Code   RO         4125    i.RC_TaskInit       rc_task.o
    0x08004564   0x08004564   0x00000040   Code   RO         4069    i.ROS_ReceiveProcess  ros_task.o
    0x080045a4   0x080045a4   0x00000028   Code   RO         4070    i.ROS_Receive_Init  ros_task.o
    0x080045cc   0x080045cc   0x00000030   Code   RO         4071    i.ROS_TaskInit      ros_task.o
    0x080045fc   0x080045fc   0x00000180   Code   RO         4230    i.RobotStatus_KeyBoardControl  demo.o
    0x0800477c   0x0800477c   0x000001b0   Code   RO         4231    i.RobotStatus_RemoteControl  demo.o
    0x0800492c   0x0800492c   0x00000002   Code   RO          487    i.SVC_Handler       stm32f4xx_it.o
    0x0800492e   0x0800492e   0x00000002   PAD
    0x08004930   0x08004930   0x00000010   Code   RO         3496    i.SetLeft_Gun       snail2305_driver.o
    0x08004940   0x08004940   0x00000010   Code   RO         3497    i.SetRight_Gun      snail2305_driver.o
    0x08004950   0x08004950   0x00000194   Code   RO         4031    i.Shoot_Control     shoot_task.o
    0x08004ae4   0x08004ae4   0x0000005c   Code   RO         4032    i.Shoot_Init        shoot_task.o
    0x08004b40   0x08004b40   0x00000044   Code   RO         3498    i.Snail2305_Init    snail2305_driver.o
    0x08004b84   0x08004b84   0x00000004   Code   RO          488    i.SysTick_Handler   stm32f4xx_it.o
    0x08004b88   0x08004b88   0x00000084   Code   RO           16    i.SystemClock_Config  main.o
    0x08004c0c   0x08004c0c   0x0000001c   Code   RO         3251    i.SystemInit        system_stm32f4xx.o
    0x08004c28   0x08004c28   0x0000000c   Code   RO          489    i.TIM2_IRQHandler   stm32f4xx_it.o
    0x08004c34   0x08004c34   0x000000c8   Code   RO         2086    i.TIM_Base_SetConfig  stm32f4xx_hal_tim.o
    0x08004cfc   0x08004cfc   0x0000001a   Code   RO         2087    i.TIM_CCxChannelCmd  stm32f4xx_hal_tim.o
    0x08004d16   0x08004d16   0x00000014   Code   RO         2097    i.TIM_ETR_SetConfig  stm32f4xx_hal_tim.o
    0x08004d2a   0x08004d2a   0x00000010   Code   RO         2098    i.TIM_ITRx_SetConfig  stm32f4xx_hal_tim.o
    0x08004d3a   0x08004d3a   0x00000002   PAD
    0x08004d3c   0x08004d3c   0x00000060   Code   RO         2099    i.TIM_OC1_SetConfig  stm32f4xx_hal_tim.o
    0x08004d9c   0x08004d9c   0x0000006c   Code   RO         2100    i.TIM_OC2_SetConfig  stm32f4xx_hal_tim.o
    0x08004e08   0x08004e08   0x00000068   Code   RO         2101    i.TIM_OC3_SetConfig  stm32f4xx_hal_tim.o
    0x08004e70   0x08004e70   0x00000050   Code   RO         2102    i.TIM_OC4_SetConfig  stm32f4xx_hal_tim.o
    0x08004ec0   0x08004ec0   0x00000022   Code   RO         2104    i.TIM_TI1_ConfigInputStage  stm32f4xx_hal_tim.o
    0x08004ee2   0x08004ee2   0x00000024   Code   RO         2106    i.TIM_TI2_ConfigInputStage  stm32f4xx_hal_tim.o
    0x08004f06   0x08004f06   0x00000010   Code   RO         2962    i.UART_DMAAbortOnError  stm32f4xx_hal_uart.o
    0x08004f16   0x08004f16   0x0000004a   Code   RO         2963    i.UART_DMAError     stm32f4xx_hal_uart.o
    0x08004f60   0x08004f60   0x0000003c   Code   RO         2964    i.UART_DMAReceiveCplt  stm32f4xx_hal_uart.o
    0x08004f9c   0x08004f9c   0x0000000a   Code   RO         2966    i.UART_DMARxHalfCplt  stm32f4xx_hal_uart.o
    0x08004fa6   0x08004fa6   0x0000001c   Code   RO         2972    i.UART_EndRxTransfer  stm32f4xx_hal_uart.o
    0x08004fc2   0x08004fc2   0x00000012   Code   RO         2973    i.UART_EndTxTransfer  stm32f4xx_hal_uart.o
    0x08004fd4   0x08004fd4   0x00000096   Code   RO         2974    i.UART_Receive_IT   stm32f4xx_hal_uart.o
    0x0800506a   0x0800506a   0x00000002   PAD
    0x0800506c   0x0800506c   0x00000128   Code   RO         2975    i.UART_SetConfig    stm32f4xx_hal_uart.o
    0x08005194   0x08005194   0x00000062   Code   RO         2976    i.UART_Transmit_IT  stm32f4xx_hal_uart.o
    0x080051f6   0x080051f6   0x00000064   Code   RO         2977    i.UART_WaitOnFlagUntilTimeout  stm32f4xx_hal_uart.o
    0x0800525a   0x0800525a   0x00000002   PAD
    0x0800525c   0x0800525c   0x00000014   Code   RO          490    i.USART1_IRQHandler  stm32f4xx_it.o
    0x08005270   0x08005270   0x00000014   Code   RO          491    i.USART3_IRQHandler  stm32f4xx_it.o
    0x08005284   0x08005284   0x00000014   Code   RO          492    i.USART6_IRQHandler  stm32f4xx_it.o
    0x08005298   0x08005298   0x00000020   Code   RO         3958    i.Update_ReferenceBeganECD  gimbal_task.o
    0x080052b8   0x080052b8   0x00000002   Code   RO          493    i.UsageFault_Handler  stm32f4xx_it.o
    0x080052ba   0x080052ba   0x00000020   Code   RO         3692    i.User_USART_Init   jy901.o
    0x080052da   0x080052da   0x00000002   PAD
    0x080052dc   0x080052dc   0x00000104   Code   RO         3960    i.Yaw_Gimbal_Task2  gimbal_task.o
    0x080053e0   0x080053e0   0x00000020   Code   RO         4723    i.__0printf         mc_w.l(printfa.o)
    0x08005400   0x08005400   0x00000020   Code   RO         1621    i.__NVIC_SetPriority  stm32f4xx_hal_cortex.o
    0x08005420   0x08005420   0x0000000e   Code   RO         4801    i.__scatterload_copy  mc_w.l(handlers.o)
    0x0800542e   0x0800542e   0x00000002   Code   RO         4802    i.__scatterload_null  mc_w.l(handlers.o)
    0x08005430   0x08005430   0x0000000e   Code   RO         4803    i.__scatterload_zeroinit  mc_w.l(handlers.o)
    0x0800543e   0x0800543e   0x00000002   PAD
    0x08005440   0x08005440   0x00000184   Code   RO         4730    i._fp_digits        mc_w.l(printfa.o)
    0x080055c4   0x080055c4   0x000006dc   Code   RO         4731    i._printf_core      mc_w.l(printfa.o)
    0x08005ca0   0x08005ca0   0x00000024   Code   RO         4732    i._printf_post_padding  mc_w.l(printfa.o)
    0x08005cc4   0x08005cc4   0x0000002e   Code   RO         4733    i._printf_pre_padding  mc_w.l(printfa.o)
    0x08005cf2   0x08005cf2   0x0000000a   Code   RO         3818    i.absoulte_value    user_lib.o
    0x08005cfc   0x08005cfc   0x00000110   Code   RO         4348    i.arm_sin_cos_f32   arm_sin_cos_f32.o
    0x08005e0c   0x08005e0c   0x00000058   Code   RO         3288    i.can_filter_init   bsp_can.o
    0x08005e64   0x08005e64   0x00000018   Code   RO           17    i.fputc             main.o
    0x08005e7c   0x08005e7c   0x00000014   Code   RO         3426    i.get_chassis_motor_measure_point  can_receive.o
    0x08005e90   0x08005e90   0x00000008   Code   RO         3427    i.get_pitch_gimbal_motor_measure_point  can_receive.o
    0x08005e98   0x08005e98   0x00000010   Code   RO         3428    i.get_trigger_motor_measure_point  can_receive.o
    0x08005ea8   0x08005ea8   0x00000008   Code   RO         3429    i.get_yaw_gimbal_motor_measure_point  can_receive.o
    0x08005eb0   0x08005eb0   0x00000064   Code   RO           18    i.main              main.o
    0x08005f14   0x08005f14   0x00000008   Data   RO         1338    .constdata          stm32f4xx_hal_dma.o
    0x08005f1c   0x08005f1c   0x00000010   Data   RO         3252    .constdata          system_stm32f4xx.o
    0x08005f2c   0x08005f2c   0x00000008   Data   RO         3253    .constdata          system_stm32f4xx.o
    0x08005f34   0x08005f34   0x0000000c   Data   RO         3903    .constdata          chassis_task.o
    0x08005f40   0x08005f40   0x00000804   Data   RO         4475    .rodata.sinTable_f32  arm_cortexM4l_math.lib(arm_common_tables.o)
    0x08006744   0x08006744   0x00000020   Data   RO         4799    Region$$Table       anon$$obj.o


    Execution Region RW_IRAM2 (Exec base: 0x10000000, Load base: 0x08006854, Size: 0x00000000, Max: 0x00010000, ABSOLUTE)

    **** No section assigned to this execution region ****


    Execution Region RW_IRAM1 (Exec base: 0x20000000, Load base: 0x08006764, Size: 0x00000fd8, Max: 0x00020000, ABSOLUTE)

    Exec Addr    Load Addr    Size         Type   Attr      Idx    E Section Name        Object

    0x20000000   0x08006764   0x00000004   Data   RW           20    .data               main.o
    0x20000004   0x08006768   0x00000004   Data   RW          300    .data               can.o
    0x20000008   0x0800676c   0x0000000c   Data   RW         1765    .data               stm32f4xx_hal.o
    0x20000014   0x08006778   0x00000004   Data   RW         3254    .data               system_stm32f4xx.o
    0x20000018   0x0800677c   0x00000011   Data   RW         3431    .data               can_receive.o
    0x20000029   0x0800678d   0x00000003   PAD
    0x2000002c   0x08006790   0x00000040   Data   RW         3694    .data               jy901.o
    0x2000006c   0x080067d0   0x00000028   Data   RW         3962    .data               gimbal_task.o
    0x20000094   0x080067f8   0x00000018   Data   RW         4034    .data               shoot_task.o
    0x200000ac   0x08006810   0x00000012   Data   RW         4073    .data               ros_task.o
    0x200000be   0x08006822   0x00000003   Data   RW         4129    .data               rc_task.o
    0x200000c1   0x08006825   0x00000003   PAD
    0x200000c4   0x08006828   0x00000008   Data   RW         4179    .data               detection_task.o
    0x200000cc   0x08006830   0x00000008   Data   RW         4232    .data               demo.o
    0x200000d4   0x08006838   0x00000018   Data   RW         4275    .data               autoaim_task.o
    0x200000ec   0x08006850   0x00000004   Data   RW         4779    .data               mc_w.l(stdout.o)
    0x200000f0        -       0x00000050   Zero   RW          299    .bss                can.o
    0x20000140        -       0x00000080   Zero   RW          373    .bss                tim.o
    0x200001c0        -       0x000001e0   Zero   RW          427    .bss                usart.o
    0x200003a0        -       0x0000004a   Zero   RW         3382    .bss                rc_receive.o
    0x200003ea   0x08006854   0x00000002   PAD
    0x200003ec        -       0x00000080   Zero   RW         3430    .bss                can_receive.o
    0x2000046c        -       0x0000007c   Zero   RW         3693    .bss                jy901.o
    0x200004e8        -       0x000002f4   Zero   RW         3902    .bss                chassis_task.o
    0x200007dc        -       0x000001e0   Zero   RW         3961    .bss                gimbal_task.o
    0x200009bc        -       0x000001f8   Zero   RW         4033    .bss                shoot_task.o
    0x20000bb4        -       0x00000018   Zero   RW         4178    .bss                detection_task.o
    0x20000bcc        -       0x0000000c   Zero   RW         4274    .bss                autoaim_task.o
    0x20000bd8        -       0x00000400   Zero   RW            1    STACK               startup_stm32f407xx.o


==============================================================================

Image component sizes


      Code (inc. data)   RO Data    RW Data    ZI Data      Debug   Object Name

       574          8          0          0          0       2605   2006_driver.o
       620         22          0          0          0       2569   3508_driver.o
       954         38          0          0          0       3539   6020_driver.o
       272         18          0          0          0      14254   arm_sin_cos_f32.o
       976        112          0         24         12       3530   autoaim_task.o
        88          8          0          0          0     570606   bsp_can.o
       388         42          0          4         80       2306   can.o
       288         50          0         17        128       5817   can_receive.o
       552         56         12          0        756       4198   chassis_task.o
       840         88          0          8          0       2105   demo.o
        52         12          0          8         24       1248   detection_task.o
        92          4          0          0          0        754   dma.o
       608         56          0         40        480       4757   gimbal_task.o
       124          6          0          0          0        903   gpio.o
       864         90          0         64        124       6830   jy901.o
       288         22          0          4          0     720398   main.o
       392          8          0          0          0       2326   pid.o
       276         26          0          0         74       4078   rc_receive.o
       848         84          0          3          0       3393   rc_task.o
       228         32          0         18          0       3075   ros_task.o
       496         34          0         24        504       2717   shoot_task.o
       100         12          0          0          0       1514   snail2305_driver.o
        36          8        392          0       1024        812   startup_stm32f407xx.o
       144         24          0         12          0       8589   stm32f4xx_hal.o
      1638          6          0          0          0      13763   stm32f4xx_hal_can.o
       198         14          0          0          0      33791   stm32f4xx_hal_cortex.o
      1080         16          8          0          0       7122   stm32f4xx_hal_dma.o
       440         46          0          0          0       1688   stm32f4xx_hal_gpio.o
        48          6          0          0          0        778   stm32f4xx_hal_msp.o
      1332         76          0          0          0       5076   stm32f4xx_hal_rcc.o
      1756         90          0          0          0      16551   stm32f4xx_hal_tim.o
       232         28          0          0          0       3149   stm32f4xx_hal_tim_ex.o
      1656         30          0          0          0      13065   stm32f4xx_hal_uart.o
       152         48          0          0          0       7938   stm32f4xx_it.o
        28          6         24          4          0       1055   system_stm32f4xx.o
       516         32          0          0        128       2985   tim.o
       736         74          0          0        480       3257   usart.o
        10          0          0          0          0        505   user_lib.o

    ----------------------------------------------------------------------
     19958       1332        468        236       3816    1483646   Object Totals
         0          0         32          0          0          0   (incl. Generated)
        36          0          0          6          2          0   (incl. Padding)

    ----------------------------------------------------------------------

      Code (inc. data)   RO Data    RW Data    ZI Data      Debug   Library Member Name

         0          0       2052          0          0       4961   arm_common_tables.o
         0          0          0          0          0          0   entry.o
         0          0          0          0          0          0   entry10a.o
         0          0          0          0          0          0   entry11a.o
         8          4          0          0          0          0   entry2.o
         4          0          0          0          0          0   entry5.o
         0          0          0          0          0          0   entry7b.o
         0          0          0          0          0          0   entry8b.o
         8          4          0          0          0          0   entry9a.o
        30          0          0          0          0          0   handlers.o
        36          8          0          0          0         68   init.o
         0          0          0          0          0          0   iusefp.o
        30          0          0          0          0         68   llshl.o
        36          0          0          0          0         68   llsshr.o
        32          0          0          0          0         68   llushr.o
        36          0          0          0          0        108   memseta.o
      2258         90          0          0          0        452   printfa.o
         0          0          0          4          0          0   stdout.o
        44          0          0          0          0         80   uidiv.o
        98          0          0          0          0         92   uldiv.o
        48          0          0          0          0         68   cdrcmple.o
        56          0          0          0          0         88   d2f.o
       334          0          0          0          0        148   dadd.o
       222          0          0          0          0        100   ddiv.o
       186          0          0          0          0        176   depilogue.o
        62          0          0          0          0         80   dfixi.o
        48          0          0          0          0         68   dfixul.o
        34          0          0          0          0         76   dflti.o
       228          0          0          0          0         96   dmul.o
        38          0          0          0          0         68   f2d.o
       110          0          0          0          0        168   fepilogue.o

    ----------------------------------------------------------------------
      3990        106       2052          4          0       7101   Library Totals
         4          0          0          0          0          0   (incl. Padding)

    ----------------------------------------------------------------------

      Code (inc. data)   RO Data    RW Data    ZI Data      Debug   Library Name

         0          0       2052          0          0       4961   arm_cortexM4l_math.lib
      2620        106          0          4          0       1004   mc_w.l
      1366          0          0          0          0       1136   mf_w.l

    ----------------------------------------------------------------------
      3990        106       2052          4          0       7101   Library Totals

    ----------------------------------------------------------------------

==============================================================================


      Code (inc. data)   RO Data    RW Data    ZI Data      Debug   

     23948       1438       2520        240       3816    1472711   Grand Totals
     23948       1438       2520        240       3816    1472711   ELF Image Totals
     23948       1438       2520        240          0          0   ROM Totals

==============================================================================

    Total RO  Size (Code + RO Data)                26468 (  25.85kB)
    Total RW  Size (RW Data + ZI Data)              4056 (   3.96kB)
    Total ROM Size (Code + RO Data + RW Data)      26708 (  26.08kB)

==============================================================================

