Component: ARM Compiler 5.06 update 5 (build 528) Tool: armlink [4d35e2]

==============================================================================

Section Cross References

    startup_stm32f407xx.o(RESET) refers to startup_stm32f407xx.o(STACK) for __initial_sp
    startup_stm32f407xx.o(RESET) refers to startup_stm32f407xx.o(.text) for Reset_Handler
    startup_stm32f407xx.o(RESET) refers to stm32f4xx_it.o(i.NMI_Handler) for NMI_Handler
    startup_stm32f407xx.o(RESET) refers to stm32f4xx_it.o(i.HardFault_Handler) for HardFault_Handler
    startup_stm32f407xx.o(RESET) refers to stm32f4xx_it.o(i.MemManage_Handler) for MemManage_Handler
    startup_stm32f407xx.o(RESET) refers to stm32f4xx_it.o(i.BusFault_Handler) for BusFault_Handler
    startup_stm32f407xx.o(RESET) refers to stm32f4xx_it.o(i.UsageFault_Handler) for UsageFault_Handler
    startup_stm32f407xx.o(RESET) refers to stm32f4xx_it.o(i.SVC_Handler) for SVC_Handler
    startup_stm32f407xx.o(RESET) refers to stm32f4xx_it.o(i.DebugMon_Handler) for DebugMon_Handler
    startup_stm32f407xx.o(RESET) refers to stm32f4xx_it.o(i.PendSV_Handler) for PendSV_Handler
    startup_stm32f407xx.o(RESET) refers to stm32f4xx_it.o(i.SysTick_Handler) for SysTick_Handler
    startup_stm32f407xx.o(RESET) refers to stm32f4xx_it.o(i.DMA1_Stream1_IRQHandler) for DMA1_Stream1_IRQHandler
    startup_stm32f407xx.o(RESET) refers to stm32f4xx_it.o(i.CAN1_RX0_IRQHandler) for CAN1_RX0_IRQHandler
    startup_stm32f407xx.o(RESET) refers to stm32f4xx_it.o(i.TIM2_IRQHandler) for TIM2_IRQHandler
    startup_stm32f407xx.o(RESET) refers to stm32f4xx_it.o(i.USART1_IRQHandler) for USART1_IRQHandler
    startup_stm32f407xx.o(RESET) refers to stm32f4xx_it.o(i.USART3_IRQHandler) for USART3_IRQHandler
    startup_stm32f407xx.o(RESET) refers to stm32f4xx_it.o(i.DMA2_Stream1_IRQHandler) for DMA2_Stream1_IRQHandler
    startup_stm32f407xx.o(RESET) refers to stm32f4xx_it.o(i.CAN2_RX0_IRQHandler) for CAN2_RX0_IRQHandler
    startup_stm32f407xx.o(RESET) refers to stm32f4xx_it.o(i.USART6_IRQHandler) for USART6_IRQHandler
    startup_stm32f407xx.o(.text) refers to system_stm32f4xx.o(i.SystemInit) for SystemInit
    startup_stm32f407xx.o(.text) refers to entry.o(.ARM.Collect$$$$00000000) for __main
    main.o(i.HAL_TIM_PeriodElapsedCallback) refers to 3508_driver.o(i.M3508_GetBasicData) for M3508_GetBasicData
    main.o(i.HAL_TIM_PeriodElapsedCallback) refers to 3508_driver.o(i.M3508_SpeedLoopPIDController) for M3508_SpeedLoopPIDController
    main.o(i.HAL_TIM_PeriodElapsedCallback) refers to can_receive.o(i.CAN_cmd_chassis) for CAN_cmd_chassis
    main.o(i.HAL_TIM_PeriodElapsedCallback) refers to printfa.o(i.__0printf) for __2printf
    main.o(i.HAL_TIM_PeriodElapsedCallback) refers to main.o(.data) for .data
    main.o(i.HAL_TIM_PeriodElapsedCallback) refers to chassis_task.o(.bss) for m3508_id1
    main.o(i.HAL_TIM_PeriodElapsedCallback) refers to rc_receive.o(.bss) for rc_user
    main.o(i.SystemClock_Config) refers to memseta.o(.text) for __aeabi_memclr4
    main.o(i.SystemClock_Config) refers to stm32f4xx_hal_rcc.o(i.HAL_RCC_OscConfig) for HAL_RCC_OscConfig
    main.o(i.SystemClock_Config) refers to stm32f4xx_hal_rcc.o(i.HAL_RCC_ClockConfig) for HAL_RCC_ClockConfig
    main.o(i.fputc) refers to stm32f4xx_hal_uart.o(i.HAL_UART_Transmit) for HAL_UART_Transmit
    main.o(i.fputc) refers to usart.o(.bss) for huart1
    main.o(i.main) refers to stm32f4xx_hal.o(i.HAL_Init) for HAL_Init
    main.o(i.main) refers to main.o(i.SystemClock_Config) for SystemClock_Config
    main.o(i.main) refers to gpio.o(i.MX_GPIO_Init) for MX_GPIO_Init
    main.o(i.main) refers to dma.o(i.MX_DMA_Init) for MX_DMA_Init
    main.o(i.main) refers to tim.o(i.MX_TIM1_Init) for MX_TIM1_Init
    main.o(i.main) refers to tim.o(i.MX_TIM2_Init) for MX_TIM2_Init
    main.o(i.main) refers to can.o(i.MX_CAN1_Init) for MX_CAN1_Init
    main.o(i.main) refers to can.o(i.MX_CAN2_Init) for MX_CAN2_Init
    main.o(i.main) refers to usart.o(i.MX_USART1_UART_Init) for MX_USART1_UART_Init
    main.o(i.main) refers to usart.o(i.MX_USART3_UART_Init) for MX_USART3_UART_Init
    main.o(i.main) refers to usart.o(i.MX_USART6_UART_Init) for MX_USART6_UART_Init
    main.o(i.main) refers to jy901.o(i.JY901_Init) for JY901_Init
    main.o(i.main) refers to bsp_can.o(i.can_filter_init) for can_filter_init
    main.o(i.main) refers to stm32f4xx_hal_tim.o(i.HAL_TIM_Base_Start_IT) for HAL_TIM_Base_Start_IT
    main.o(i.main) refers to rc_receive.o(i.RC_Receive_Init) for RC_Receive_Init
    main.o(i.main) refers to chassis_task.o(i.Chassis_Init) for Chassis_Init
    main.o(i.main) refers to gimbal_task.o(i.Gimbal_Init) for Gimbal_Init
    main.o(i.main) refers to shoot_task.o(i.Shoot_Init) for Shoot_Init
    main.o(i.main) refers to rc_task.o(i.RC_TaskInit) for RC_TaskInit
    main.o(i.main) refers to detection_task.o(i.Detection_TaskInit) for Detection_TaskInit
    main.o(i.main) refers to tim.o(.bss) for htim2
[...]
    i.DMA_CalcBaseAndBitshift                0x08000950   Section        0  stm32f4xx_hal_dma.o(i.DMA_CalcBaseAndBitshift)
    DMA_CalcBaseAndBitshift                  0x08000951   Thumb Code    34  stm32f4xx_hal_dma.o(i.DMA_CalcBaseAndBitshift)
    i.DMA_CheckFifoParam                     0x08000978   Section        0  stm32f4xx_hal_dma.o(i.DMA_CheckFifoParam)
    DMA_CheckFifoParam                       0x08000979   Thumb Code    84  stm32f4xx_hal_dma.o(i.DMA_CheckFifoParam)
    i.DMA_SetConfig                          0x080009cc   Section        0  stm32f4xx_hal_dma.o(i.DMA_SetConfig)
    DMA_SetConfig                            0x080009cd   Thumb Code    40  stm32f4xx_hal_dma.o(i.DMA_SetConfig)
    i.DebugMon_Handler                       0x080009f4   Section        0  stm32f4xx_it.o(i.DebugMon_Handler)
    i.Detection_TaskInit                     0x080009f8   Section        0  detection_task.o(i.Detection_TaskInit)
    i.Error_Handler                          0x08000a08   Section        0  main.o(i.Error_Handler)
    i.Gimbal_Init                            0x08000a0c   Section        0  gimbal_task.o(i.Gimbal_Init)
    i.HAL_CAN_ActivateNotification           0x08000a5c   Section        0  stm32f4xx_hal_can.o(i.HAL_CAN_ActivateNotification)
    i.HAL_CAN_AddTxMessage                   0x08000a80   Section        0  stm32f4xx_hal_can.o(i.HAL_CAN_AddTxMessage)
    i.HAL_CAN_ConfigFilter                   0x08000b48   Section        0  stm32f4xx_hal_can.o(i.HAL_CAN_ConfigFilter)
    i.HAL_CAN_ErrorCallback                  0x08000c54   Section        0  stm32f4xx_hal_can.o(i.HAL_CAN_ErrorCallback)
    i.HAL_CAN_GetRxMessage                   0x08000c56   Section        0  stm32f4xx_hal_can.o(i.HAL_CAN_GetRxMessage)
    i.HAL_CAN_IRQHandler                     0x08000d3e   Section        0  stm32f4xx_hal_can.o(i.HAL_CAN_IRQHandler)
    i.HAL_CAN_Init                           0x08000f3a   Section        0  stm32f4xx_hal_can.o(i.HAL_CAN_Init)
    i.HAL_CAN_MspInit                        0x08001054   Section        0  can.o(i.HAL_CAN_MspInit)
    i.HAL_CAN_RxFifo0FullCallback            0x08001150   Section        0  stm32f4xx_hal_can.o(i.HAL_CAN_RxFifo0FullCallback)
    i.HAL_CAN_RxFifo0MsgPendingCallback      0x08001154   Section        0  can_receive.o(i.HAL_CAN_RxFifo0MsgPendingCallback)
    i.HAL_CAN_RxFifo1FullCallback            0x080011b0   Section        0  stm32f4xx_hal_can.o(i.HAL_CAN_RxFifo1FullCallback)
    i.HAL_CAN_RxFifo1MsgPendingCallback      0x080011b2   Section        0  stm32f4xx_hal_can.o(i.HAL_CAN_RxFifo1MsgPendingCallback)
    i.HAL_CAN_SleepCallback                  0x080011b4   Section        0  stm32f4xx_hal_can.o(i.HAL_CAN_SleepCallback)
    i.HAL_CAN_Start                          0x080011b8   Section        0  stm32f4xx_hal_can.o(i.HAL_CAN_Start)
    i.HAL_CAN_TxMailbox0AbortCallback        0x08001210   Section        0  stm32f4xx_hal_can.o(i.HAL_CAN_TxMailbox0AbortCallback)
    i.HAL_CAN_TxMailbox0CompleteCallback     0x08001212   Section        0  stm32f4xx_hal_can.o(i.HAL_CAN_TxMailbox0CompleteCallback)
    i.HAL_CAN_TxMailbox1AbortCallback        0x08001214   Section        0  stm32f4xx_hal_can.o(i.HAL_CAN_TxMailbox1AbortCallback)
    i.HAL_CAN_TxMailbox1CompleteCallback     0x08001216   Section        0  stm32f4xx_hal_can.o(i.HAL_CAN_TxMailbox1CompleteCallback)
    i.HAL_CAN_TxMailbox2AbortCallback        0x08001218   Section        0  stm32f4xx_hal_can.o(i.HAL_CAN_TxMailbox2AbortCallback)
    i.HAL_CAN_TxMailbox2CompleteCallback     0x0800121a   Section        0  stm32f4xx_hal_can.o(i.HAL_CAN_TxMailbox2CompleteCallback)
    i.HAL_CAN_WakeUpFromRxMsgCallback        0x0800121c   Section        0  stm32f4xx_hal_can.o(i.HAL_CAN_WakeUpFromRxMsgCallback)
    i.HAL_DMA_Abort                          0x0800121e   Section        0  stm32f4xx_hal_dma.o(i.HAL_DMA_Abort)
    i.HAL_DMA_Abort_IT                       0x080012ac   Section        0  stm32f4xx_hal_dma.o(i.HAL_DMA_Abort_IT)
    i.HAL_DMA_IRQHandler                     0x080012d0   Section        0  stm32f4xx_hal_dma.o(i.HAL_DMA_IRQHandler)
    i.HAL_DMA_Init                           0x08001470   Section        0  stm32f4xx_hal_dma.o(i.HAL_DMA_Init)
    i.HAL_DMA_Start_IT                       0x08001544   Section        0  stm32f4xx_hal_dma.o(i.HAL_DMA_Start_IT)
    i.HAL_GPIO_Init                          0x080015b4   Section        0  stm32f4xx_hal_gpio.o(i.HAL_GPIO_Init)
    i.HAL_GetTick                            0x0800176c   Section        0  stm32f4xx_hal.o(i.HAL_GetTick)
    i.HAL_IncTick                            0x08001778   Section        0  stm32f4xx_hal.o(i.HAL_IncTick)
    i.HAL_Init                               0x08001788   Section        0  stm32f4xx_hal.o(i.HAL_Init)
    i.HAL_InitTick                           0x080017bc   Section        0  stm32f4xx_hal.o(i.HAL_InitTick)
    i.HAL_MspInit                            0x080017fc   Section        0  stm32f4xx_hal_msp.o(i.HAL_MspInit)
    i.HAL_NVIC_EnableIRQ                     0x0800182c   Section        0  stm32f4xx_hal_cortex.o(i.HAL_NVIC_EnableIRQ)
    i.HAL_NVIC_SetPriority                   0x08001848   Section        0  stm32f4xx_hal_cortex.o(i.HAL_NVIC_SetPriority)
    i.HAL_NVIC_SetPriorityGrouping           0x08001888   Section        0  stm32f4xx_hal_cortex.o(i.HAL_NVIC_SetPriorityGrouping)
    i.HAL_RCC_ClockConfig                    0x080018ac   Section        0  stm32f4xx_hal_rcc.o(i.HAL_RCC_ClockConfig)
    i.HAL_RCC_GetPCLK1Freq                   0x080019e0   Section        0  stm32f4xx_hal_rcc.o(i.HAL_RCC_GetPCLK1Freq)
    i.HAL_RCC_GetPCLK2Freq                   0x08001a00   Section        0  stm32f4xx_hal_rcc.o(i.HAL_RCC_GetPCLK2Freq)
    i.HAL_RCC_GetSysClockFreq                0x08001a20   Section        0  stm32f4xx_hal_rcc.o(i.HAL_RCC_GetSysClockFreq)
    i.HAL_RCC_OscConfig                      0x08001a84   Section        0  stm32f4xx_hal_rcc.o(i.HAL_RCC_OscConfig)
    i.HAL_SYSTICK_Config                     0x08001de0   Section        0  stm32f4xx_hal_cortex.o(i.HAL_SYSTICK_Config)
    i.HAL_TIMEx_BreakCallback                0x08001e08   Section        0  stm32f4xx_hal_tim_ex.o(i.HAL_TIMEx_BreakCallback)
    i.HAL_TIMEx_CommutCallback               0x08001e0a   Section        0  stm32f4xx_hal_tim_ex.o(i.HAL_TIMEx_CommutCallback)
    i.HAL_TIMEx_ConfigBreakDeadTime          0x08001e0c   Section        0  stm32f4xx_hal_tim_ex.o(i.HAL_TIMEx_ConfigBreakDeadTime)
    i.HAL_TIMEx_MasterConfigSynchronization  0x08001e60   Section        0  stm32f4xx_hal_tim_ex.o(i.HAL_TIMEx_MasterConfigSynchronization)
    i.HAL_TIM_Base_Init                      0x08001ef0   Section        0  stm32f4xx_hal_tim.o(i.HAL_TIM_Base_Init)
    i.HAL_TIM_Base_MspInit                   0x08001f28   Section        0  tim.o(i.HAL_TIM_Base_MspInit)
    i.HAL_TIM_Base_Start                     0x08001f7c   Section        0  stm32f4xx_hal_tim.o(i.HAL_TIM_Base_Start)
    i.HAL_TIM_Base_Start_IT                  0x08001fa0   Section        0  stm32f4xx_hal_tim.o(i.HAL_TIM_Base_Start_IT)
    i.HAL_TIM_ConfigClockSource              0x08001fc2   Section        0  stm32f4xx_hal_tim.o(i.HAL_TIM_ConfigClockSource)
    i.HAL_TIM_IC_CaptureCallback             0x08002098   Section        0  stm32f4xx_hal_tim.o(i.HAL_TIM_IC_CaptureCallback)
    i.HAL_TIM_IRQHandler                     0x0800209a   Section        0  stm32f4xx_hal_tim.o(i.HAL_TIM_IRQHandler)
    i.HAL_TIM_MspPostInit                    0x08002200   Section        0  tim.o(i.HAL_TIM_MspPostInit)
    i.HAL_TIM_OC_DelayElapsedCallback        0x08002254   Section        0  stm32f4xx_hal_tim.o(i.HAL_TIM_OC_DelayElapsedCallback)
    i.HAL_TIM_PWM_ConfigChannel              0x08002256   Section        0  stm32f4xx_hal_tim.o(i.HAL_TIM_PWM_ConfigChannel)
    i.HAL_TIM_PWM_Init                       0x08002326   Section        0  stm32f4xx_hal_tim.o(i.HAL_TIM_PWM_Init)
    i.HAL_TIM_PWM_MspInit                    0x0800235c   Section        0  stm32f4xx_hal_tim.o(i.HAL_TIM_PWM_MspInit)
    i.HAL_TIM_PWM_PulseFinishedCallback      0x0800235e   Section        0  stm32f4xx_hal_tim.o(i.HAL_TIM_PWM_PulseFinishedCallback)
    i.HAL_TIM_PWM_Start                      0x08002360   Section        0  stm32f4xx_hal_tim.o(i.HAL_TIM_PWM_Start)
    i.HAL_TIM_PeriodElapsedCallback          0x080023a4   Section        0  main.o(i.HAL_TIM_PeriodElapsedCallback)
    i.HAL_TIM_TriggerCallback                0x0800241c   Section        0  stm32f4xx_hal_tim.o(i.HAL_TIM_TriggerCallback)
    i.HAL_UART_DMAStop                       0x0800241e   Section        0  stm32f4xx_hal_uart.o(i.HAL_UART_DMAStop)
    i.HAL_UART_ErrorCallback                 0x08002476   Section        0  stm32f4xx_hal_uart.o(i.HAL_UART_ErrorCallback)
    i.HAL_UART_IRQHandler                    0x08002478   Section        0  stm32f4xx_hal_uart.o(i.HAL_UART_IRQHandler)
    i.HAL_UART_Init                          0x0800258c   Section        0  stm32f4xx_hal_uart.o(i.HAL_UART_Init)
    i.HAL_UART_MspInit                       0x080025f0   Section        0  usart.o(i.HAL_UART_MspInit)
    i.HAL_UART_Receive_DMA                   0x080027b4   Section        0  stm32f4xx_hal_uart.o(i.HAL_UART_Receive_DMA)
    i.HAL_UART_RxCpltCallback                0x0800284c   Section        0  main.o(i.HAL_UART_RxCpltCallback)
    i.HAL_UART_RxHalfCpltCallback            0x0800284e   Section        0  stm32f4xx_hal_uart.o(i.HAL_UART_RxHalfCpltCallback)
    i.HAL_UART_Transmit                      0x08002850   Section        0  stm32f4xx_hal_uart.o(i.HAL_UART_Transmit)
    i.HAL_UART_TxCpltCallback                0x0800290a   Section        0  stm32f4xx_hal_uart.o(i.HAL_UART_TxCpltCallback)
    i.HardFault_Handler                      0x0800290c   Section        0  stm32f4xx_it.o(i.HardFault_Handler)
    i.IDLE_IMU_Handler                       0x08002910   Section        0  jy901.o(i.IDLE_IMU_Handler)
    i.IDLE_RC_Handler                        0x08002960   Section        0  rc_receive.o(i.IDLE_RC_Handler)
    i.JY901_ExpandAngle                      0x080029ac   Section        0  jy901.o(i.JY901_ExpandAngle)
    i.JY901_Init                             0x08002a54   Section        0  jy901.o(i.JY901_Init)
    i.JY901_Process                          0x08002a88   Section        0  jy901.o(i.JY901_Process)
    i.KeyBoard_Process                       0x08002c9c   Section        0  rc_task.o(i.KeyBoard_Process)
    i.M2006_Init                             0x08002dc4   Section        0  2006_driver.o(i.M2006_Init)
    i.M3508_GetBasicData                     0x08002e7c   Section        0  3508_driver.o(i.M3508_GetBasicData)
    i.M3508_Init                             0x08002ed8   Section        0  3508_driver.o(i.M3508_Init)
    i.M3508_SpeedLoopPIDController           0x08002fc4   Section        0  3508_driver.o(i.M3508_SpeedLoopPIDController)
    i.M6020_Init                             0x080030f4   Section        0  6020_driver.o(i.M6020_Init)
    i.MX_CAN1_Init                           0x0800320c   Section        0  can.o(i.MX_CAN1_Init)
    i.MX_CAN2_Init                           0x08003250   Section        0  can.o(i.MX_CAN2_Init)
    i.MX_DMA_Init                            0x08003294   Section        0  dma.o(i.MX_DMA_Init)
    i.MX_GPIO_Init                           0x080032e0   Section        0  gpio.o(i.MX_GPIO_Init)
    i.MX_TIM1_Init                           0x0800335c   Section        0  tim.o(i.MX_TIM1_Init)
    i.MX_TIM2_Init                           0x08003454   Section        0  tim.o(i.MX_TIM2_Init)
    i.MX_USART1_UART_Init                    0x080034b8   Section        0  usart.o(i.MX_USART1_UART_Init)
    i.MX_USART3_UART_Init                    0x080034f0   Section        0  usart.o(i.MX_USART3_UART_Init)
    i.MX_USART6_UART_Init                    0x08003534   Section        0  usart.o(i.MX_USART6_UART_Init)
    i.MemManage_Handler                      0x0800356c   Section        0  stm32f4xx_it.o(i.MemManage_Handler)
    i.NMI_Handler                            0x0800356e   Section        0  stm32f4xx_it.o(i.NMI_Handler)
    i.PID_init                               0x08003570   Section        0  pid.o(i.PID_init)
    i.PendSV_Handler                         0x080035d0   Section        0  stm32f4xx_it.o(i.PendSV_Handler)
    i.RC_Process                             0x080035d4   Section        0  rc_task.o(i.RC_Process)
    i.RC_Receive                             0x08003638   Section        0  rc_receive.o(i.RC_Receive)
    i.RC_Receive_Init                        0x080036ac   Section        0  rc_receive.o(i.RC_Receive_Init)
    i.RC_Remote_Process                      0x080036f8   Section        0  rc_task.o(i.RC_Remote_Process)
    i.RC_TaskInit                            0x0800385c   Section        0  rc_task.o(i.RC_TaskInit)
    i.SVC_Handler                            0x08003868   Section        0  stm32f4xx_it.o(i.SVC_Handler)
    i.Shoot_Init                             0x0800386c   Section        0  shoot_task.o(i.Shoot_Init)
    i.Snail2305_Init                         0x080038c8   Section        0  snail2305_driver.o(i.Snail2305_Init)
    i.SysTick_Handler                        0x0800390c   Section        0  stm32f4xx_it.o(i.SysTick_Handler)
    i.SystemClock_Config                     0x08003910   Section        0  main.o(i.SystemClock_Config)
    i.SystemInit                             0x08003994   Section        0  system_stm32f4xx.o(i.SystemInit)
    i.TIM2_IRQHandler                        0x080039b0   Section        0  stm32f4xx_it.o(i.TIM2_IRQHandler)
    i.TIM_Base_SetConfig                     0x080039bc   Section        0  stm32f4xx_hal_tim.o(i.TIM_Base_SetConfig)
    i.TIM_CCxChannelCmd                      0x08003a84   Section        0  stm32f4xx_hal_tim.o(i.TIM_CCxChannelCmd)
    i.TIM_ETR_SetConfig                      0x08003a9e   Section        0  stm32f4xx_hal_tim.o(i.TIM_ETR_SetConfig)
    i.TIM_ITRx_SetConfig                     0x08003ab2   Section        0  stm32f4xx_hal_tim.o(i.TIM_ITRx_SetConfig)
    TIM_ITRx_SetConfig                       0x08003ab3   Thumb Code    16  stm32f4xx_hal_tim.o(i.TIM_ITRx_SetConfig)
    i.TIM_OC1_SetConfig                      0x08003ac4   Section        0  stm32f4xx_hal_tim.o(i.TIM_OC1_SetConfig)
    TIM_OC1_SetConfig                        0x08003ac5   Thumb Code    88  stm32f4xx_hal_tim.o(i.TIM_OC1_SetConfig)
    i.TIM_OC2_SetConfig                      0x08003b24   Section        0  stm32f4xx_hal_tim.o(i.TIM_OC2_SetConfig)
    i.TIM_OC3_SetConfig                      0x08003b90   Section        0  stm32f4xx_hal_tim.o(i.TIM_OC3_SetConfig)
    TIM_OC3_SetConfig                        0x08003b91   Thumb Code    96  stm32f4xx_hal_tim.o(i.TIM_OC3_SetConfig)
    i.TIM_OC4_SetConfig                      0x08003bf8   Section        0  stm32f4xx_hal_tim.o(i.TIM_OC4_SetConfig)
    TIM_OC4_SetConfig                        0x08003bf9   Thumb Code    70  stm32f4xx_hal_tim.o(i.TIM_OC4_SetConfig)
    i.TIM_TI1_ConfigInputStage               0x08003c48   Section        0  stm32f4xx_hal_tim.o(i.TIM_TI1_ConfigInputStage)
    TIM_TI1_ConfigInputStage                 0x08003c49   Thumb Code    34  stm32f4xx_hal_tim.o(i.TIM_TI1_ConfigInputStage)
    i.TIM_TI2_ConfigInputStage               0x08003c6a   Section        0  stm32f4xx_hal_tim.o(i.TIM_TI2_ConfigInputStage)
    TIM_TI2_ConfigInputStage                 0x08003c6b   Thumb Code    36  stm32f4xx_hal_tim.o(i.TIM_TI2_ConfigInputStage)
    i.UART_DMAAbortOnError                   0x08003c8e   Section        0  stm32f4xx_hal_uart.o(i.UART_DMAAbortOnError)
    UART_DMAAbortOnError                     0x08003c8f   Thumb Code    16  stm32f4xx_hal_uart.o(i.UART_DMAAbortOnError)
    i.UART_DMAError                          0x08003c9e   Section        0  stm32f4xx_hal_uart.o(i.UART_DMAError)
    UART_DMAError                            0x08003c9f   Thumb Code    74  stm32f4xx_hal_uart.o(i.UART_DMAError)
    i.UART_DMAReceiveCplt                    0x08003ce8   Section        0  stm32f4xx_hal_uart.o(i.UART_DMAReceiveCplt)
    UART_DMAReceiveCplt                      0x08003ce9   Thumb Code    60  stm32f4xx_hal_uart.o(i.UART_DMAReceiveCplt)
    i.UART_DMARxHalfCplt                     0x08003d24   Section        0  stm32f4xx_hal_uart.o(i.UART_DMARxHalfCplt)
    UART_DMARxHalfCplt                       0x08003d25   Thumb Code    10  stm32f4xx_hal_uart.o(i.UART_DMARxHalfCplt)
    i.UART_EndRxTransfer                     0x08003d2e   Section        0  stm32f4xx_hal_uart.o(i.UART_EndRxTransfer)
    UART_EndRxTransfer                       0x08003d2f   Thumb Code    28  stm32f4xx_hal_uart.o(i.UART_EndRxTransfer)
    i.UART_EndTxTransfer                     0x08003d4a   Section        0  stm32f4xx_hal_uart.o(i.UART_EndTxTransfer)
    UART_EndTxTransfer                       0x08003d4b   Thumb Code    18  stm32f4xx_hal_uart.o(i.UART_EndTxTransfer)
    i.UART_Receive_IT                        0x08003d5c   Section        0  stm32f4xx_hal_uart.o(i.UART_Receive_IT)
    UART_Receive_IT                          0x08003d5d   Thumb Code   150  stm32f4xx_hal_uart.o(i.UART_Receive_IT)
    i.UART_SetConfig                         0x08003df4   Section        0  stm32f4xx_hal_uart.o(i.UART_SetConfig)
    UART_SetConfig                           0x08003df5   Thumb Code   286  stm32f4xx_hal_uart.o(i.UART_SetConfig)
    i.UART_Transmit_IT                       0x08003f1c   Section        0  stm32f4xx_hal_uart.o(i.UART_Transmit_IT)
    UART_Transmit_IT                         0x08003f1d   Thumb Code    98  stm32f4xx_hal_uart.o(i.UART_Transmit_IT)
    i.UART_WaitOnFlagUntilTimeout            0x08003f7e   Section        0  stm32f4xx_hal_uart.o(i.UART_WaitOnFlagUntilTimeout)
    UART_WaitOnFlagUntilTimeout              0x08003f7f   Thumb Code   100  stm32f4xx_hal_uart.o(i.UART_WaitOnFlagUntilTimeout)
    i.USART1_IRQHandler                      0x08003fe4   Section        0  stm32f4xx_it.o(i.USART1_IRQHandler)
    i.USART3_IRQHandler                      0x08003ff0   Section        0  stm32f4xx_it.o(i.USART3_IRQHandler)
    i.USART6_IRQHandler                      0x08004004   Section        0  stm32f4xx_it.o(i.USART6_IRQHandler)
    i.UsageFault_Handler                     0x08004018   Section        0  stm32f4xx_it.o(i.UsageFault_Handler)
    i.User_USART_Init                        0x0800401a   Section        0  jy901.o(i.User_USART_Init)
    i.__0printf                              0x0800403c   Section        0  printfa.o(i.__0printf)
    i.__NVIC_SetPriority                     0x0800405c   Section        0  stm32f4xx_hal_cortex.o(i.__NVIC_SetPriority)
    __NVIC_SetPriority                       0x0800405d   Thumb Code    32  stm32f4xx_hal_cortex.o(i.__NVIC_SetPriority)
    i.__scatterload_copy                     0x0800407c   Section       14  handlers.o(i.__scatterload_copy)
    i.__scatterload_null                     0x0800408a   Section        2  handlers.o(i.__scatterload_null)
    i.__scatterload_zeroinit                 0x0800408c   Section       14  handlers.o(i.__scatterload_zeroinit)
    i._fp_digits                             0x0800409c   Section        0  printfa.o(i._fp_digits)
    _fp_digits                               0x0800409d   Thumb Code   366  printfa.o(i._fp_digits)
    i._printf_core                           0x08004220   Section        0  printfa.o(i._printf_core)
    _printf_core                             0x08004221   Thumb Code  1744  printfa.o(i._printf_core)
    i._printf_post_padding                   0x080048fc   Section        0  printfa.o(i._printf_post_padding)
    _printf_post_padding                     0x080048fd   Thumb Code    36  printfa.o(i._printf_post_padding)
    i._printf_pre_padding                    0x08004920   Section        0  printfa.o(i._printf_pre_padding)
    _printf_pre_padding                      0x08004921   Thumb Code    46  printfa.o(i._printf_pre_padding)
    i.can_filter_init                        0x08004950   Section        0  bsp_can.o(i.can_filter_init)
    i.fputc                                  0x080049a8   Section        0  main.o(i.fputc)
    i.get_chassis_motor_measure_point        0x080049c0   Section        0  can_receive.o(i.get_chassis_motor_measure_point)
    i.main                                   0x080049d4   Section        0  main.o(i.main)
    .constdata                               0x08004a2c   Section        8  stm32f4xx_hal_dma.o(.constdata)
    flagBitshiftOffset                       0x08004a2c   Data           8  stm32f4xx_hal_dma.o(.constdata)
    .constdata                               0x08004a34   Section       16  system_stm32f4xx.o(.constdata)
    .constdata                               0x08004a44   Section        8  system_stm32f4xx.o(.constdata)
    .constdata                               0x08004a4c   Section       12  chassis_task.o(.constdata)
    .data                                    0x20000000   Section        8  main.o(.data)
    .data                                    0x20000008   Section        4  can.o(.data)
    HAL_RCC_CAN1_CLK_ENABLED                 0x20000008   Data           4  can.o(.data)
    .data                                    0x2000000c   Section       12  stm32f4xx_hal.o(.data)
    .data                                    0x20000018   Section        4  system_stm32f4xx.o(.data)
    .data                                    0x2000001c   Section       17  can_receive.o(.data)
    i                                        0x2000001c   Data           1  can_receive.o(.data)
    gimbal_can_send_data                     0x2000001d   Data           8  can_receive.o(.data)
    chassis_can_send_data                    0x20000025   Data           8  can_receive.o(.data)
    .data                                    0x20000030   Section       64  jy901.o(.data)
    last_angle                               0x20000030   Data           4  jy901.o(.data)
    temp                                     0x20000034   Data           4  jy901.o(.data)
    .data                                    0x20000070   Section       36  gimbal_task.o(.data)
    .data                                    0x20000094   Section       24  shoot_task.o(.data)
    .data                                    0x200000ac   Section        2  rc_task.o(.data)
    choice_mode                              0x200000ac   Data           1  rc_task.o(.data)
    .data                                    0x200000b0   Section        8  detection_task.o(.data)
    .data                                    0x200000b8   Section        4  stdout.o(.data)
    .bss                                     0x200000bc   Section       80  can.o(.bss)
    .bss                                     0x2000010c   Section      128  tim.o(.bss)
    .bss                                     0x2000018c   Section      384  usart.o(.bss)
    .bss                                     0x2000030c   Section       72  rc_receive.o(.bss)
    .bss                                     0x20000354   Section      128  can_receive.o(.bss)
    gimbal_tx_message                        0x200003a4   Data          24  can_receive.o(.bss)
    chassis_tx_message                       0x200003bc   Data          24  can_receive.o(.bss)
    .bss                                     0x200003d4   Section      124  jy901.o(.bss)
    .bss                                     0x20000450   Section      756  chassis_task.o(.bss)
    .bss                                     0x20000744   Section      480  gimbal_task.o(.bss)
    .bss                                     0x20000924   Section      504  shoot_task.o(.bss)
    STACK                                    0x20000b20   Section     1024  startup_stm32f407xx.o(STACK)

    Global Symbols

    Symbol Name                              Value     Ov Type        Size  Object(Section)

    BuildAttributes$$THM_ISAv4$E$P$D$K$B$S$7EM$VFPi3$EXTD16$VFPS$VFMA$PE$A:L22UL41UL21$X:L11$S22US41US21$IEEE1$IW$USESV6$~STKCKD$USESV7$~SHL$OTIME$ROPI$EBA8$MICROLIB$REQ8$PRES8$EABIv2 0x00000000   Number         0  anon$$obj.o ABSOLUTE
    __ARM_use_no_argv                        0x00000000   Number         0  main.o ABSOLUTE
    _printf_a                                0x00000000   Number         0  stubs.o ABSOLUTE
    _printf_c                                0x00000000   Number         0  stubs.o ABSOLUTE
    _printf_charcount                        0x00000000   Number         0  stubs.o ABSOLUTE
    _printf_d                                0x00000000   Number         0  stubs.o ABSOLUTE
    _printf_e                                0x00000000   Number         0  stubs.o ABSOLUTE
    _printf_f                                0x00000000   Number         0  stubs.o ABSOLUTE
    _printf_flags                            0x00000000   Number         0  stubs.o ABSOLUTE
    _printf_fp_dec                           0x00000000   Number         0  stubs.o ABSOLUTE
    _printf_fp_hex                           0x00000000   Number         0  stubs.o ABSOLUTE
    _printf_g                                0x00000000   Number         0  stubs.o ABSOLUTE
    _printf_i                                0x00000000   Number         0  stubs.o ABSOLUTE
    _printf_int_dec                          0x00000000   Number         0  stubs.o ABSOLUTE
    _printf_l                                0x00000000   Number         0  stubs.o ABSOLUTE
    _printf_lc                               0x00000000   Number         0  stubs.o ABSOLUTE
    _printf_ll                               0x00000000   Number         0  stubs.o ABSOLUTE
    _printf_lld                              0x00000000   Number         0  stubs.o ABSOLUTE
    _printf_lli                              0x00000000   Number         0  stubs.o ABSOLUTE
    _printf_llo                              0x00000000   Number         0  stubs.o ABSOLUTE
    _printf_llu                              0x00000000   Number         0  stubs.o ABSOLUTE
    _printf_llx                              0x00000000   Number         0  stubs.o ABSOLUTE
    _printf_longlong_dec                     0x00000000   Number         0  stubs.o ABSOLUTE
    _printf_longlong_hex                     0x00000000   Number         0  stubs.o ABSOLUTE
    _printf_longlong_oct                     0x00000000   Number         0  stubs.o ABSOLUTE
    _printf_ls                               0x00000000   Number         0  stubs.o ABSOLUTE
    _printf_mbtowc                           0x00000000   Number         0  stubs.o ABSOLUTE
    _printf_n                                0x00000000   Number         0  stubs.o ABSOLUTE
    _printf_o                                0x00000000   Number         0  stubs.o ABSOLUTE
    _printf_p                                0x00000000   Number         0  stubs.o ABSOLUTE
    _printf_percent                          0x00000000   Number         0  stubs.o ABSOLUTE
    _printf_pre_padding                      0x00000000   Number         0  stubs.o ABSOLUTE
    _printf_return_value                     0x00000000   Number         0  stubs.o ABSOLUTE
    _printf_s                                0x00000000   Number         0  stubs.o ABSOLUTE
    _printf_sizespec                         0x00000000   Number         0  stubs.o ABSOLUTE
    _printf_str                              0x00000000   Number         0  stubs.o ABSOLUTE
    _printf_truncate_signed                  0x00000000   Number         0  stubs.o ABSOLUTE
    _printf_truncate_unsigned                0x00000000   Number         0  stubs.o ABSOLUTE
    _printf_u                                0x00000000   Number         0  stubs.o ABSOLUTE
    _printf_wc                               0x00000000   Number         0  stubs.o ABSOLUTE
    _printf_wctomb                           0x00000000   Number         0  stubs.o ABSOLUTE
    _printf_widthprec                        0x00000000   Number         0  stubs.o ABSOLUTE
    _printf_x                                0x00000000   Number         0  stubs.o ABSOLUTE
    __cpp_initialize__aeabi_                  - Undefined Weak Reference
    __cxa_finalize                            - Undefined Weak Reference
    __decompress                              - Undefined Weak Reference
    _clock_init                               - Undefined Weak Reference
    _microlib_exit                            - Undefined Weak Reference
    __Vectors_Size                           0x00000188   Number         0  startup_stm32f407xx.o ABSOLUTE
    __Vectors                                0x08000000   Data           4  startup_stm32f407xx.o(RESET)
    __Vectors_End                            0x08000188   Data           0  startup_stm32f407xx.o(RESET)
    __main                                   0x08000189   Thumb Code     0  entry.o(.ARM.Collect$$$$00000000)
    _main_stk                                0x08000189   Thumb Code     0  entry2.o(.ARM.Collect$$$$00000001)
    _main_scatterload                        0x0800018d   Thumb Code     0  entry5.o(.ARM.Collect$$$$00000004)
    __main_after_scatterload                 0x08000191   Thumb Code     0  entry5.o(.ARM.Collect$$$$00000004)
    _main_clock                              0x08000191   Thumb Code     0  entry7b.o(.ARM.Collect$$$$00000008)
    _main_cpp_init                           0x08000191   Thumb Code     0  entry8b.o(.ARM.Collect$$$$0000000A)
    _main_init                               0x08000191   Thumb Code     0  entry9a.o(.ARM.Collect$$$$0000000B)
    __rt_final_cpp                           0x08000199   Thumb Code     0  entry10a.o(.ARM.Collect$$$$0000000D)
    __rt_final_exit                          0x08000199   Thumb Code     0  entry11a.o(.ARM.Collect$$$$0000000F)
    Reset_Handler                            0x0800019d   Thumb Code     8  startup_stm32f407xx.o(.text)
    ADC_IRQHandler                           0x080001b7   Thumb Code     0  startup_stm32f407xx.o(.text)
    CAN1_RX1_IRQHandler                      0x080001b7   Thumb Code     0  startup_stm32f407xx.o(.text)
    CAN1_SCE_IRQHandler                      0x080001b7   Thumb Code     0  startup_stm32f407xx.o(.text)
    CAN1_TX_IRQHandler                       0x080001b7   Thumb Code     0  startup_stm32f407xx.o(.text)
    CAN2_RX1_IRQHandler                      0x080001b7   Thumb Code     0  startup_stm32f407xx.o(.text)
    CAN2_SCE_IRQHandler                      0x080001b7   Thumb Code     0  startup_stm32f407xx.o(.text)
    CAN2_TX_IRQHandler                       0x080001b7   Thumb Code     0  startup_stm32f407xx.o(.text)
    DCMI_IRQHandler                          0x080001b7   Thumb Code     0  startup_stm32f407xx.o(.text)
    DMA1_Stream0_IRQHandler                  0x080001b7   Thumb Code     0  startup_stm32f407xx.o(.text)
    DMA1_Stream2_IRQHandler                  0x080001b7   Thumb Code     0  startup_stm32f407xx.o(.text)
    DMA1_Stream3_IRQHandler                  0x080001b7   Thumb Code     0  startup_stm32f407xx.o(.text)
    DMA1_Stream4_IRQHandler                  0x080001b7   Thumb Code     0  startup_stm32f407xx.o(.text)
    DMA1_Stream5_IRQHandler                  0x080001b7   Thumb Code     0  startup_stm32f407xx.o(.text)
    DMA1_Stream6_IRQHandler                  0x080001b7   Thumb Code     0  startup_stm32f407xx.o(.text)
    DMA1_Stream7_IRQHandler                  0x080001b7   Thumb Code     0  startup_stm32f407xx.o(.text)
    DMA2_Stream0_IRQHandler                  0x080001b7   Thumb Code     0  startup_stm32f407xx.o(.text)
    DMA2_Stream2_IRQHandler                  0x080001b7   Thumb Code     0  startup_stm32f407xx.o(.text)
    DMA2_Stream3_IRQHandler                  0x080001b7   Thumb Code     0  startup_stm32f407xx.o(.text)
    DMA2_Stream4_IRQHandler                  0x080001b7   Thumb Code     0  startup_stm32f407xx.o(.text)
    DMA2_Stream5_IRQHandler                  0x080001b7   Thumb Code     0  startup_stm32f407xx.o(.text)
    DMA2_Stream6_IRQHandler                  0x080001b7   Thumb Code     0  startup_stm32f407xx.o(.text)
    DMA2_Stream7_IRQHandler                  0x080001b7   Thumb Code     0  startup_stm32f407xx.o(.text)
    ETH_IRQHandler                           0x080001b7   Thumb Code     0  startup_stm32f407xx.o(.text)
    ETH_WKUP_IRQHandler                      0x080001b7   Thumb Code     0  startup_stm32f407xx.o(.text)
    EXTI0_IRQHandler                         0x080001b7   Thumb Code     0  startup_stm32f407xx.o(.text)
    EXTI15_10_IRQHandler                     0x080001b7   Thumb Code     0  startup_stm32f407xx.o(.text)
    EXTI1_IRQHandler                         0x080001b7   Thumb Code     0  startup_stm32f407xx.o(.text)
    EXTI2_IRQHandler                         0x080001b7   Thumb Code     0  startup_stm32f407xx.o(.text)
    EXTI3_IRQHandler                         0x080001b7   Thumb Code     0  startup_stm32f407xx.o(.text)
    EXTI4_IRQHandler                         0x080001b7   Thumb Code     0  startup_stm32f407xx.o(.text)
    EXTI9_5_IRQHandler                       0x080001b7   Thumb Code     0  startup_stm32f407xx.o(.text)
    FLASH_IRQHandler                         0x080001b7   Thumb Code     0  startup_stm32f407xx.o(.text)
    FMC_IRQHandler                           0x080001b7   Thumb Code     0  startup_stm32f407xx.o(.text)
    FPU_IRQHandler                           0x080001b7   Thumb Code     0  startup_stm32f407xx.o(.text)
    HASH_RNG_IRQHandler                      0x080001b7   Thumb Code     0  startup_stm32f407xx.o(.text)
    I2C1_ER_IRQHandler                       0x080001b7   Thumb Code     0  startup_stm32f407xx.o(.text)
    I2C1_EV_IRQHandler                       0x080001b7   Thumb Code     0  startup_stm32f407xx.o(.text)
    I2C2_ER_IRQHandler                       0x080001b7   Thumb Code     0  startup_stm32f407xx.o(.text)
    I2C2_EV_IRQHandler                       0x080001b7   Thumb Code     0  startup_stm32f407xx.o(.text)
    I2C3_ER_IRQHandler                       0x080001b7   Thumb Code     0  startup_stm32f407xx.o(.text)
    I2C3_EV_IRQHandler                       0x080001b7   Thumb Code     0  startup_stm32f407xx.o(.text)
    OTG_FS_IRQHandler                        0x080001b7   Thumb Code     0  startup_stm32f407xx.o(.text)
    OTG_FS_WKUP_IRQHandler                   0x080001b7   Thumb Code     0  startup_stm32f407xx.o(.text)
    OTG_HS_EP1_IN_IRQHandler                 0x080001b7   Thumb Code     0  startup_stm32f407xx.o(.text)
    OTG_HS_EP1_OUT_IRQHandler                0x080001b7   Thumb Code     0  startup_stm32f407xx.o(.text)
    OTG_HS_IRQHandler                        0x080001b7   Thumb Code     0  startup_stm32f407xx.o(.text)
    OTG_HS_WKUP_IRQHandler                   0x080001b7   Thumb Code     0  startup_stm32f407xx.o(.text)
    PVD_IRQHandler                           0x080001b7   Thumb Code     0  startup_stm32f407xx.o(.text)
    RCC_IRQHandler                           0x080001b7   Thumb Code     0  startup_stm32f407xx.o(.text)
    RTC_Alarm_IRQHandler                     0x080001b7   Thumb Code     0  startup_stm32f407xx.o(.text)
    RTC_WKUP_IRQHandler                      0x080001b7   Thumb Code     0  startup_stm32f407xx.o(.text)
    SDIO_IRQHandler                          0x080001b7   Thumb Code     0  startup_stm32f407xx.o(.text)
    SPI1_IRQHandler                          0x080001b7   Thumb Code     0  startup_stm32f407xx.o(.text)
    SPI2_IRQHandler                          0x080001b7   Thumb Code     0  startup_stm32f407xx.o(.text)
    SPI3_IRQHandler                          0x080001b7   Thumb Code     0  startup_stm32f407xx.o(.text)
    TAMP_STAMP_IRQHandler                    0x080001b7   Thumb Code     0  startup_stm32f407xx.o(.text)
    TIM1_BRK_TIM9_IRQHandler                 0x080001b7   Thumb Code     0  startup_stm32f407xx.o(.text)
    TIM1_CC_IRQHandler                       0x080001b7   Thumb Code     0  startup_stm32f407xx.o(.text)
    TIM1_TRG_COM_TIM11_IRQHandler            0x080001b7   Thumb Code     0  startup_stm32f407xx.o(.text)
    TIM1_UP_TIM10_IRQHandler                 0x080001b7   Thumb Code     0  startup_stm32f407xx.o(.text)
    TIM3_IRQHandler                          0x080001b7   Thumb Code     0  startup_stm32f407xx.o(.text)
    TIM4_IRQHandler                          0x080001b7   Thumb Code     0  startup_stm32f407xx.o(.text)
    TIM5_IRQHandler                          0x080001b7   Thumb Code     0  startup_stm32f407xx.o(.text)
    TIM6_DAC_IRQHandler                      0x080001b7   Thumb Code     0  startup_stm32f407xx.o(.text)
    TIM7_IRQHandler                          0x080001b7   Thumb Code     0  startup_stm32f407xx.o(.text)
    TIM8_BRK_TIM12_IRQHandler                0x080001b7   Thumb Code     0  startup_stm32f407xx.o(.text)
    TIM8_CC_IRQHandler                       0x080001b7   Thumb Code     0  startup_stm32f407xx.o(.text)
    TIM8_TRG_COM_TIM14_IRQHandler            0x080001b7   Thumb Code     0  startup_stm32f407xx.o(.text)
    TIM8_UP_TIM13_IRQHandler                 0x080001b7   Thumb Code     0  startup_stm32f407xx.o(.text)
    UART4_IRQHandler                         0x080001b7   Thumb Code     0  startup_stm32f407xx.o(.text)
    UART5_IRQHandler                         0x080001b7   Thumb Code     0  startup_stm32f407xx.o(.text)
    USART2_IRQHandler                        0x080001b7   Thumb Code     0  startup_stm32f407xx.o(.text)
    WWDG_IRQHandler                          0x080001b7   Thumb Code     0  startup_stm32f407xx.o(.text)
    __aeabi_uldivmod                         0x080001c1   Thumb Code    98  uldiv.o(.text)
    __aeabi_memset                           0x08000223   Thumb Code    14  memseta.o(.text)
    __aeabi_memset4                          0x08000223   Thumb Code     0  memseta.o(.text)
    __aeabi_memset8                          0x08000223   Thumb Code     0  memseta.o(.text)
    __aeabi_memclr                           0x08000231   Thumb Code     4  memseta.o(.text)
    __aeabi_memclr4                          0x08000231   Thumb Code     0  memseta.o(.text)
    __aeabi_memclr8                          0x08000231   Thumb Code     0  memseta.o(.text)
    _memset$wrapper                          0x08000235   Thumb Code    18  memseta.o(.text)
    __aeabi_dadd                             0x08000247   Thumb Code   322  dadd.o(.text)
    __aeabi_dsub                             0x08000389   Thumb Code     6  dadd.o(.text)
    __aeabi_drsub                            0x0800038f   Thumb Code     6  dadd.o(.text)
    __aeabi_dmul                             0x08000395   Thumb Code   228  dmul.o(.text)
    __aeabi_ddiv                             0x08000479   Thumb Code   222  ddiv.o(.text)
    __aeabi_i2d                              0x08000557   Thumb Code    34  dflti.o(.text)
    __aeabi_d2iz                             0x08000579   Thumb Code    62  dfixi.o(.text)
    __aeabi_f2d                              0x080005b7   Thumb Code    38  f2d.o(.text)
    __aeabi_d2f                              0x080005dd   Thumb Code    56  d2f.o(.text)
    __aeabi_uidiv                            0x08000615   Thumb Code     0  uidiv.o(.text)
    __aeabi_uidivmod                         0x08000615   Thumb Code    44  uidiv.o(.text)
    __aeabi_llsl                             0x08000641   Thumb Code    30  llshl.o(.text)
    _ll_shift_l                              0x08000641   Thumb Code     0  llshl.o(.text)
    __aeabi_llsr                             0x0800065f   Thumb Code    32  llushr.o(.text)
    _ll_ushift_r                             0x0800065f   Thumb Code     0  llushr.o(.text)
    __aeabi_lasr                             0x0800067f   Thumb Code    36  llsshr.o(.text)
    _ll_sshift_r                             0x0800067f   Thumb Code     0  llsshr.o(.text)
    __I$use$fp                               0x080006a3   Thumb Code     0  iusefp.o(.text)
    _float_round                             0x080006a3   Thumb Code    18  fepilogue.o(.text)
    _float_epilogue                          0x080006b5   Thumb Code    92  fepilogue.o(.text)
    _double_round                            0x08000711   Thumb Code    30  depilogue.o(.text)
    _double_epilogue                         0x0800072f   Thumb Code   156  depilogue.o(.text)
    __aeabi_d2ulz                            0x080007cb   Thumb Code    48  dfixul.o(.text)
    __aeabi_cdrcmple                         0x080007fd   Thumb Code    48  cdrcmple.o(.text)
    __scatterload                            0x0800082d   Thumb Code    28  init.o(.text)
    __scatterload_rt2                        0x0800082d   Thumb Code     0  init.o(.text)
    BusFault_Handler                         0x08000851   Thumb Code     2  stm32f4xx_it.o(i.BusFault_Handler)
    CAN1_RX0_IRQHandler                      0x08000855   Thumb Code     6  stm32f4xx_it.o(i.CAN1_RX0_IRQHandler)
    CAN2_RX0_IRQHandler                      0x08000861   Thumb Code     6  stm32f4xx_it.o(i.CAN2_RX0_IRQHandler)
    CAN_cmd_chassis                          0x0800086d   Thumb Code    60  can_receive.o(i.CAN_cmd_chassis)
    Chassis_Init                             0x080008b5   Thumb Code   106  chassis_task.o(i.Chassis_Init)
    DMA1_Stream1_IRQHandler                  0x08000939   Thumb Code     6  stm32f4xx_it.o(i.DMA1_Stream1_IRQHandler)
    DMA2_Stream1_IRQHandler                  0x08000945   Thumb Code     6  stm32f4xx_it.o(i.DMA2_Stream1_IRQHandler)
    DebugMon_Handler                         0x080009f5   Thumb Code     2  stm32f4xx_it.o(i.DebugMon_Handler)
    Detection_TaskInit                       0x080009f9   Thumb Code    10  detection_task.o(i.Detection_TaskInit)
    Error_Handler                            0x08000a09   Thumb Code     2  main.o(i.Error_Handler)
    Gimbal_Init                              0x08000a0d   Thumb Code    66  gimbal_task.o(i.Gimbal_Init)
    HAL_CAN_ActivateNotification             0x08000a5d   Thumb Code    36  stm32f4xx_hal_can.o(i.HAL_CAN_ActivateNotification)
    HAL_CAN_AddTxMessage                     0x08000a81   Thumb Code   200  stm32f4xx_hal_can.o(i.HAL_CAN_AddTxMessage)
    HAL_CAN_ConfigFilter                     0x08000b49   Thumb Code   262  stm32f4xx_hal_can.o(i.HAL_CAN_ConfigFilter)
    HAL_CAN_ErrorCallback                    0x08000c55   Thumb Code     2  stm32f4xx_hal_can.o(i.HAL_CAN_ErrorCallback)
    HAL_CAN_GetRxMessage                     0x08000c57   Thumb Code   232  stm32f4xx_hal_can.o(i.HAL_CAN_GetRxMessage)
    HAL_CAN_IRQHandler                       0x08000d3f   Thumb Code   508  stm32f4xx_hal_can.o(i.HAL_CAN_IRQHandler)
    HAL_CAN_Init                             0x08000f3b   Thumb Code   282  stm32f4xx_hal_can.o(i.HAL_CAN_Init)
    HAL_CAN_MspInit                          0x08001055   Thumb Code   226  can.o(i.HAL_CAN_MspInit)
    HAL_CAN_RxFifo0FullCallback              0x08001151   Thumb Code     2  stm32f4xx_hal_can.o(i.HAL_CAN_RxFifo0FullCallback)
    HAL_CAN_RxFifo0MsgPendingCallback        0x08001155   Thumb Code    82  can_receive.o(i.HAL_CAN_RxFifo0MsgPendingCallback)
    HAL_CAN_RxFifo1FullCallback              0x080011b1   Thumb Code     2  stm32f4xx_hal_can.o(i.HAL_CAN_RxFifo1FullCallback)
    HAL_CAN_RxFifo1MsgPendingCallback        0x080011b3   Thumb Code     2  stm32f4xx_hal_can.o(i.HAL_CAN_RxFifo1MsgPendingCallback)
    HAL_CAN_SleepCallback                    0x080011b5   Thumb Code     2  stm32f4xx_hal_can.o(i.HAL_CAN_SleepCallback)
    HAL_CAN_Start                            0x080011b9   Thumb Code    88  stm32f4xx_hal_can.o(i.HAL_CAN_Start)
    HAL_CAN_TxMailbox0AbortCallback          0x08001211   Thumb Code     2  stm32f4xx_hal_can.o(i.HAL_CAN_TxMailbox0AbortCallback)
    HAL_CAN_TxMailbox0CompleteCallback       0x08001213   Thumb Code     2  stm32f4xx_hal_can.o(i.HAL_CAN_TxMailbox0CompleteCallback)
    HAL_CAN_TxMailbox1AbortCallback          0x08001215   Thumb Code     2  stm32f4xx_hal_can.o(i.HAL_CAN_TxMailbox1AbortCallback)
    HAL_CAN_TxMailbox1CompleteCallback       0x08001217   Thumb Code     2  stm32f4xx_hal_can.o(i.HAL_CAN_TxMailbox1CompleteCallback)
    HAL_CAN_TxMailbox2AbortCallback          0x08001219   Thumb Code     2  stm32f4xx_hal_can.o(i.HAL_CAN_TxMailbox2AbortCallback)
    HAL_CAN_TxMailbox2CompleteCallback       0x0800121b   Thumb Code     2  stm32f4xx_hal_can.o(i.HAL_CAN_TxMailbox2CompleteCallback)
    HAL_CAN_WakeUpFromRxMsgCallback          0x0800121d   Thumb Code     2  stm32f4xx_hal_can.o(i.HAL_CAN_WakeUpFromRxMsgCallback)
    HAL_DMA_Abort                            0x0800121f   Thumb Code   142  stm32f4xx_hal_dma.o(i.HAL_DMA_Abort)
    HAL_DMA_Abort_IT                         0x080012ad   Thumb Code    36  stm32f4xx_hal_dma.o(i.HAL_DMA_Abort_IT)
    HAL_DMA_IRQHandler                       0x080012d1   Thumb Code   412  stm32f4xx_hal_dma.o(i.HAL_DMA_IRQHandler)
    HAL_DMA_Init                             0x08001471   Thumb Code   206  stm32f4xx_hal_dma.o(i.HAL_DMA_Init)
    HAL_DMA_Start_IT                         0x08001545   Thumb Code   110  stm32f4xx_hal_dma.o(i.HAL_DMA_Start_IT)
    HAL_GPIO_Init                            0x080015b5   Thumb Code   394  stm32f4xx_hal_gpio.o(i.HAL_GPIO_Init)
    HAL_GetTick                              0x0800176d   Thumb Code     6  stm32f4xx_hal.o(i.HAL_GetTick)
    HAL_IncTick                              0x08001779   Thumb Code    12  stm32f4xx_hal.o(i.HAL_IncTick)
    HAL_Init                                 0x08001789   Thumb Code    48  stm32f4xx_hal.o(i.HAL_Init)
    HAL_InitTick                             0x080017bd   Thumb Code    54  stm32f4xx_hal.o(i.HAL_InitTick)
    HAL_MspInit                              0x080017fd   Thumb Code    42  stm32f4xx_hal_msp.o(i.HAL_MspInit)
    HAL_NVIC_EnableIRQ                       0x0800182d   Thumb Code    26  stm32f4xx_hal_cortex.o(i.HAL_NVIC_EnableIRQ)
    HAL_NVIC_SetPriority                     0x08001849   Thumb Code    60  stm32f4xx_hal_cortex.o(i.HAL_NVIC_SetPriority)
    HAL_NVIC_SetPriorityGrouping             0x08001889   Thumb Code    26  stm32f4xx_hal_cortex.o(i.HAL_NVIC_SetPriorityGrouping)
    HAL_RCC_ClockConfig                      0x080018ad   Thumb Code   288  stm32f4xx_hal_rcc.o(i.HAL_RCC_ClockConfig)
    HAL_RCC_GetPCLK1Freq                     0x080019e1   Thumb Code    20  stm32f4xx_hal_rcc.o(i.HAL_RCC_GetPCLK1Freq)
    HAL_RCC_GetPCLK2Freq                     0x08001a01   Thumb Code    20  stm32f4xx_hal_rcc.o(i.HAL_RCC_GetPCLK2Freq)
    HAL_RCC_GetSysClockFreq                  0x08001a21   Thumb Code    88  stm32f4xx_hal_rcc.o(i.HAL_RCC_GetSysClockFreq)
    HAL_RCC_OscConfig                        0x08001a85   Thumb Code   840  stm32f4xx_hal_rcc.o(i.HAL_RCC_OscConfig)
    HAL_SYSTICK_Config                       0x08001de1   Thumb Code    40  stm32f4xx_hal_cortex.o(i.HAL_SYSTICK_Config)
    HAL_TIMEx_BreakCallback                  0x08001e09   Thumb Code     2  stm32f4xx_hal_tim_ex.o(i.HAL_TIMEx_BreakCallback)
    HAL_TIMEx_CommutCallback                 0x08001e0b   Thumb Code     2  stm32f4xx_hal_tim_ex.o(i.HAL_TIMEx_CommutCallback)
    HAL_TIMEx_ConfigBreakDeadTime            0x08001e0d   Thumb Code    84  stm32f4xx_hal_tim_ex.o(i.HAL_TIMEx_ConfigBreakDeadTime)
    HAL_TIMEx_MasterConfigSynchronization    0x08001e61   Thumb Code   116  stm32f4xx_hal_tim_ex.o(i.HAL_TIMEx_MasterConfigSynchronization)
    HAL_TIM_Base_Init                        0x08001ef1   Thumb Code    54  stm32f4xx_hal_tim.o(i.HAL_TIM_Base_Init)
    HAL_TIM_Base_MspInit                     0x08001f29   Thumb Code    76  tim.o(i.HAL_TIM_Base_MspInit)
    HAL_TIM_Base_Start                       0x08001f7d   Thumb Code    36  stm32f4xx_hal_tim.o(i.HAL_TIM_Base_Start)
    HAL_TIM_Base_Start_IT                    0x08001fa1   Thumb Code    34  stm32f4xx_hal_tim.o(i.HAL_TIM_Base_Start_IT)
    HAL_TIM_ConfigClockSource                0x08001fc3   Thumb Code   214  stm32f4xx_hal_tim.o(i.HAL_TIM_ConfigClockSource)
    HAL_TIM_IC_CaptureCallback               0x08002099   Thumb Code     2  stm32f4xx_hal_tim.o(i.HAL_TIM_IC_CaptureCallback)
    HAL_TIM_IRQHandler                       0x0800209b   Thumb Code   358  stm32f4xx_hal_tim.o(i.HAL_TIM_IRQHandler)
    HAL_TIM_MspPostInit                      0x08002201   Thumb Code    72  tim.o(i.HAL_TIM_MspPostInit)
    HAL_TIM_OC_DelayElapsedCallback          0x08002255   Thumb Code     2  stm32f4xx_hal_tim.o(i.HAL_TIM_OC_DelayElapsedCallback)
    HAL_TIM_PWM_ConfigChannel                0x08002257   Thumb Code   208  stm32f4xx_hal_tim.o(i.HAL_TIM_PWM_ConfigChannel)
    HAL_TIM_PWM_Init                         0x08002327   Thumb Code    54  stm32f4xx_hal_tim.o(i.HAL_TIM_PWM_Init)
    HAL_TIM_PWM_MspInit                      0x0800235d   Thumb Code     2  stm32f4xx_hal_tim.o(i.HAL_TIM_PWM_MspInit)
    HAL_TIM_PWM_PulseFinishedCallback        0x0800235f   Thumb Code     2  stm32f4xx_hal_tim.o(i.HAL_TIM_PWM_PulseFinishedCallback)
    HAL_TIM_PWM_Start                        0x08002361   Thumb Code    58  stm32f4xx_hal_tim.o(i.HAL_TIM_PWM_Start)
    HAL_TIM_PeriodElapsedCallback            0x080023a5   Thumb Code    94  main.o(i.HAL_TIM_PeriodElapsedCallback)
    HAL_TIM_TriggerCallback                  0x0800241d   Thumb Code     2  stm32f4xx_hal_tim.o(i.HAL_TIM_TriggerCallback)
    HAL_UART_DMAStop                         0x0800241f   Thumb Code    88  stm32f4xx_hal_uart.o(i.HAL_UART_DMAStop)
    HAL_UART_ErrorCallback                   0x08002477   Thumb Code     2  stm32f4xx_hal_uart.o(i.HAL_UART_ErrorCallback)
    HAL_UART_IRQHandler                      0x08002479   Thumb Code   270  stm32f4xx_hal_uart.o(i.HAL_UART_IRQHandler)
    HAL_UART_Init                            0x0800258d   Thumb Code    98  stm32f4xx_hal_uart.o(i.HAL_UART_Init)
    HAL_UART_MspInit                         0x080025f1   Thumb Code   406  usart.o(i.HAL_UART_MspInit)
    HAL_UART_Receive_DMA                     0x080027b5   Thumb Code   138  stm32f4xx_hal_uart.o(i.HAL_UART_Receive_DMA)
    HAL_UART_RxCpltCallback                  0x0800284d   Thumb Code     2  main.o(i.HAL_UART_RxCpltCallback)
    HAL_UART_RxHalfCpltCallback              0x0800284f   Thumb Code     2  stm32f4xx_hal_uart.o(i.HAL_UART_RxHalfCpltCallback)
    HAL_UART_Transmit                        0x08002851   Thumb Code   186  stm32f4xx_hal_uart.o(i.HAL_UART_Transmit)
    HAL_UART_TxCpltCallback                  0x0800290b   Thumb Code     2  stm32f4xx_hal_uart.o(i.HAL_UART_TxCpltCallback)
    HardFault_Handler                        0x0800290d   Thumb Code     2  stm32f4xx_it.o(i.HardFault_Handler)
    IDLE_IMU_Handler                         0x08002911   Thumb Code    68  jy901.o(i.IDLE_IMU_Handler)
    IDLE_RC_Handler                          0x08002961   Thumb Code    64  rc_receive.o(i.IDLE_RC_Handler)
    JY901_ExpandAngle                        0x080029ad   Thumb Code   148  jy901.o(i.JY901_ExpandAngle)
    JY901_Init                               0x08002a55   Thumb Code    42  jy901.o(i.JY901_Init)
    JY901_Process                            0x08002a89   Thumb Code   494  jy901.o(i.JY901_Process)
    KeyBoard_Process                         0x08002c9d   Thumb Code   272  rc_task.o(i.KeyBoard_Process)
    M2006_Init                               0x08002dc5   Thumb Code   176  2006_driver.o(i.M2006_Init)
    M3508_GetBasicData                       0x08002e7d   Thumb Code    92  3508_driver.o(i.M3508_GetBasicData)
    M3508_Init                               0x08002ed9   Thumb Code   218  3508_driver.o(i.M3508_Init)
    M3508_SpeedLoopPIDController             0x08002fc5   Thumb Code   304  3508_driver.o(i.M3508_SpeedLoopPIDController)
    M6020_Init                               0x080030f5   Thumb Code   244  6020_driver.o(i.M6020_Init)
    MX_CAN1_Init                             0x0800320d   Thumb Code    60  can.o(i.MX_CAN1_Init)
    MX_CAN2_Init                             0x08003251   Thumb Code    60  can.o(i.MX_CAN2_Init)
    MX_DMA_Init                              0x08003295   Thumb Code    72  dma.o(i.MX_DMA_Init)
    MX_GPIO_Init                             0x080032e1   Thumb Code   118  gpio.o(i.MX_GPIO_Init)
    MX_TIM1_Init                             0x0800335d   Thumb Code   240  tim.o(i.MX_TIM1_Init)
    MX_TIM2_Init                             0x08003455   Thumb Code    96  tim.o(i.MX_TIM2_Init)
    MX_USART1_UART_Init                      0x080034b9   Thumb Code    48  usart.o(i.MX_USART1_UART_Init)
    MX_USART3_UART_Init                      0x080034f1   Thumb Code    54  usart.o(i.MX_USART3_UART_Init)
    MX_USART6_UART_Init                      0x08003535   Thumb Code    48  usart.o(i.MX_USART6_UART_Init)
    MemManage_Handler                        0x0800356d   Thumb Code     2  stm32f4xx_it.o(i.MemManage_Handler)
    NMI_Handler                              0x0800356f   Thumb Code     2  stm32f4xx_it.o(i.NMI_Handler)
    PID_init                                 0x08003571   Thumb Code    92  pid.o(i.PID_init)
    PendSV_Handler                           0x080035d1   Thumb Code     2  stm32f4xx_it.o(i.PendSV_Handler)
    RC_Process                               0x080035d5   Thumb Code    84  rc_task.o(i.RC_Process)
    RC_Receive                               0x08003639   Thumb Code   110  rc_receive.o(i.RC_Receive)
    RC_Receive_Init                          0x080036ad   Thumb Code    68  rc_receive.o(i.RC_Receive_Init)
    RC_Remote_Process                        0x080036f9   Thumb Code   320  rc_task.o(i.RC_Remote_Process)
    RC_TaskInit                              0x0800385d   Thumb Code     8  rc_task.o(i.RC_TaskInit)
    SVC_Handler                              0x08003869   Thumb Code     2  stm32f4xx_it.o(i.SVC_Handler)
    Shoot_Init                               0x0800386d   Thumb Code    82  shoot_task.o(i.Shoot_Init)
    Snail2305_Init                           0x080038c9   Thumb Code    64  snail2305_driver.o(i.Snail2305_Init)
    SysTick_Handler                          0x0800390d   Thumb Code     4  stm32f4xx_it.o(i.SysTick_Handler)
    SystemClock_Config                       0x08003911   Thumb Code   124  main.o(i.SystemClock_Config)
    SystemInit                               0x08003995   Thumb Code    22  system_stm32f4xx.o(i.SystemInit)
    TIM2_IRQHandler                          0x080039b1   Thumb Code     6  stm32f4xx_it.o(i.TIM2_IRQHandler)
    TIM_Base_SetConfig                       0x080039bd   Thumb Code   156  stm32f4xx_hal_tim.o(i.TIM_Base_SetConfig)
    TIM_CCxChannelCmd                        0x08003a85   Thumb Code    26  stm32f4xx_hal_tim.o(i.TIM_CCxChannelCmd)
    TIM_ETR_SetConfig                        0x08003a9f   Thumb Code    20  stm32f4xx_hal_tim.o(i.TIM_ETR_SetConfig)
    TIM_OC2_SetConfig                        0x08003b25   Thumb Code    98  stm32f4xx_hal_tim.o(i.TIM_OC2_SetConfig)
    USART1_IRQHandler                        0x08003fe5   Thumb Code     6  stm32f4xx_it.o(i.USART1_IRQHandler)
    USART3_IRQHandler                        0x08003ff1   Thumb Code    16  stm32f4xx_it.o(i.USART3_IRQHandler)
    USART6_IRQHandler                        0x08004005   Thumb Code    16  stm32f4xx_it.o(i.USART6_IRQHandler)
    UsageFault_Handler                       0x08004019   Thumb Code     2  stm32f4xx_it.o(i.UsageFault_Handler)
    User_USART_Init                          0x0800401b   Thumb Code    32  jy901.o(i.User_USART_Init)
    __0printf                                0x0800403d   Thumb Code    22  printfa.o(i.__0printf)
    __1printf                                0x0800403d   Thumb Code     0  printfa.o(i.__0printf)
    __2printf                                0x0800403d   Thumb Code     0  printfa.o(i.__0printf)
    __c89printf                              0x0800403d   Thumb Code     0  printfa.o(i.__0printf)
    printf                                   0x0800403d   Thumb Code     0  printfa.o(i.__0printf)
    __scatterload_copy                       0x0800407d   Thumb Code    14  handlers.o(i.__scatterload_copy)
    __scatterload_null                       0x0800408b   Thumb Code     2  handlers.o(i.__scatterload_null)
    __scatterload_zeroinit                   0x0800408d   Thumb Code    14  handlers.o(i.__scatterload_zeroinit)
    can_filter_init                          0x08004951   Thumb Code    80  bsp_can.o(i.can_filter_init)
    fputc                                    0x080049a9   Thumb Code    20  main.o(i.fputc)
    get_chassis_motor_measure_point          0x080049c1   Thumb Code    16  can_receive.o(i.get_chassis_motor_measure_point)
    main                                     0x080049d5   Thumb Code    84  main.o(i.main)
    AHBPrescTable                            0x08004a34   Data          16  system_stm32f4xx.o(.constdata)
    APBPrescTable                            0x08004a44   Data           8  system_stm32f4xx.o(.constdata)
    Region$$Table$$Base                      0x08004a58   Number         0  anon$$obj.o(Region$$Table)
    Region$$Table$$Limit                     0x08004a78   Number         0  anon$$obj.o(Region$$Table)
    d_targetspeed                            0x20000000   Data           2  main.o(.data)
    tim_watch                                0x20000004   Data           4  main.o(.data)
    uwTickFreq                               0x2000000c   Data           1  stm32f4xx_hal.o(.data)
    uwTickPrio                               0x20000010   Data           4  stm32f4xx_hal.o(.data)
    uwTick                                   0x20000014   Data           4  stm32f4xx_hal.o(.data)
    SystemCoreClock                          0x20000018   Data           4  system_stm32f4xx.o(.data)
    stcAcc                                   0x20000038   Data           8  jy901.o(.data)
    stcGyro                                  0x20000040   Data           8  jy901.o(.data)
    stcAngle                                 0x20000048   Data           8  jy901.o(.data)
    stcMag                                   0x20000050   Data           8  jy901.o(.data)
    stcPress                                 0x20000058   Data           8  jy901.o(.data)
    stcLonLat                                0x20000060   Data           8  jy901.o(.data)
    stcQ                                     0x20000068   Data           8  jy901.o(.data)
    yaw_beganecd                             0x20000070   Data           2  gimbal_task.o(.data)
    d_ecd                                    0x20000072   Data           2  gimbal_task.o(.data)
    compensation_factor                      0x20000074   Data           4  gimbal_task.o(.data)
    pitch_cos                                0x20000078   Data           4  gimbal_task.o(.data)
    pitch_sin                                0x2000007c   Data           4  gimbal_task.o(.data)
    yaw_beganangle                           0x20000080   Data           4  gimbal_task.o(.data)
    yaw_median_expangle                      0x20000084   Data           4  gimbal_task.o(.data)
    yaw_key                                  0x20000088   Data           4  gimbal_task.o(.data)
    yaw_key2                                 0x2000008c   Data           4  gimbal_task.o(.data)
    d_angle                                  0x20000090   Data           4  gimbal_task.o(.data)
    snail_LFUP                               0x20000094   Data           4  shoot_task.o(.data)
    snail_LFDOWN                             0x20000098   Data           4  shoot_task.o(.data)
    snail_RTUP                               0x2000009c   Data           4  shoot_task.o(.data)
    snail_RTDOWN                             0x200000a0   Data           4  shoot_task.o(.data)
    shoot_modemessage                        0x200000a4   Data           8  shoot_task.o(.data)
    rc_control_mode                          0x200000ad   Data           1  rc_task.o(.data)
    rc_link_time                             0x200000b0   Data           4  detection_task.o(.data)
    rc_link_lasttime                         0x200000b4   Data           4  detection_task.o(.data)
    __stdout                                 0x200000b8   Data           4  stdout.o(.data)
    hcan1                                    0x200000bc   Data          40  can.o(.bss)
    hcan2                                    0x200000e4   Data          40  can.o(.bss)
    htim1                                    0x2000010c   Data          64  tim.o(.bss)
    htim2                                    0x2000014c   Data          64  tim.o(.bss)
    huart1                                   0x2000018c   Data          64  usart.o(.bss)
    huart3                                   0x200001cc   Data          64  usart.o(.bss)
    huart6                                   0x2000020c   Data          64  usart.o(.bss)
    hdma_usart3_rx                           0x2000024c   Data          96  usart.o(.bss)
    hdma_usart6_rx                           0x200002ac   Data          96  usart.o(.bss)
    RC_Ctl                                   0x2000030c   Data          26  rc_receive.o(.bss)
    sbus_rx_buffer                           0x20000326   Data          18  rc_receive.o(.bss)
    rc_user                                  0x20000338   Data          14  rc_receive.o(.bss)
    keyboard_user                            0x20000346   Data          14  rc_receive.o(.bss)
    motor_chassis                            0x20000354   Data          80  can_receive.o(.bss)
    JY901_data                               0x200003d4   Data         124  jy901.o(.bss)
    m3508_id1                                0x20000450   Data         164  chassis_task.o(.bss)
    m3508_id2                                0x200004f4   Data         164  chassis_task.o(.bss)
    m3508_id3                                0x20000598   Data         164  chassis_task.o(.bss)
    m3508_id4                                0x2000063c   Data         164  chassis_task.o(.bss)
    chassis_vectors                          0x200006e0   Data          24  chassis_task.o(.bss)
    chassis_angle_pid                        0x200006f8   Data          76  chassis_task.o(.bss)
    yaw_gimbal_motor                         0x20000744   Data         240  gimbal_task.o(.bss)
    pitch_gimbal_motor                       0x20000834   Data         240  gimbal_task.o(.bss)
    up_trigger_motor                         0x20000924   Data         252  shoot_task.o(.bss)
    down_trigger_motor                       0x20000a20   Data         252  shoot_task.o(.bss)
    __initial_sp                             0x20000f20   Data           0  startup_stm32f407xx.o(STACK)



==============================================================================

Memory Map of the image

  Image Entry point : 0x08000189

  Load Region LR_IROM1 (Base: 0x08000000, Size: 0x00004b34, Max: 0x00100000, ABSOLUTE)

    Execution Region ER_IROM1 (Exec base: 0x08000000, Load base: 0x08000000, Size: 0x00004a78, Max: 0x00100000, ABSOLUTE)

    Exec Addr    Load Addr    Size         Type   Attr      Idx    E Section Name        Object

    0x08000000   0x08000000   0x00000188   Data   RO            3    RESET               startup_stm32f407xx.o
    0x08000188   0x08000188   0x00000000   Code   RO         4637  * .ARM.Collect$$$$00000000  mc_w.l(entry.o)
    0x08000188   0x08000188   0x00000004   Code   RO         4919    .ARM.Collect$$$$00000001  mc_w.l(entry2.o)
    0x0800018c   0x0800018c   0x00000004   Code   RO         4922    .ARM.Collect$$$$00000004  mc_w.l(entry5.o)
    0x08000190   0x08000190   0x00000000   Code   RO         4924    .ARM.Collect$$$$00000008  mc_w.l(entry7b.o)
    0x08000190   0x08000190   0x00000000   Code   RO         4926    .ARM.Collect$$$$0000000A  mc_w.l(entry8b.o)
    0x08000190   0x08000190   0x00000008   Code   RO         4927    .ARM.Collect$$$$0000000B  mc_w.l(entry9a.o)
    0x08000198   0x08000198   0x00000000   Code   RO         4929    .ARM.Collect$$$$0000000D  mc_w.l(entry10a.o)
    0x08000198   0x08000198   0x00000000   Code   RO         4931    .ARM.Collect$$$$0000000F  mc_w.l(entry11a.o)
    0x08000198   0x08000198   0x00000004   Code   RO         4920    .ARM.Collect$$$$00002712  mc_w.l(entry2.o)
    0x0800019c   0x0800019c   0x00000024   Code   RO            4    .text               startup_stm32f407xx.o
    0x080001c0   0x080001c0   0x00000062   Code   RO         4640    .text               mc_w.l(uldiv.o)
    0x08000222   0x08000222   0x00000024   Code   RO         4642    .text               mc_w.l(memseta.o)
    0x08000246   0x08000246   0x0000014e   Code   RO         4905    .text               mf_w.l(dadd.o)
    0x08000394   0x08000394   0x000000e4   Code   RO         4907    .text               mf_w.l(dmul.o)
    0x08000478   0x08000478   0x000000de   Code   RO         4909    .text               mf_w.l(ddiv.o)
    0x08000556   0x08000556   0x00000022   Code   RO         4911    .text               mf_w.l(dflti.o)
    0x08000578   0x08000578   0x0000003e   Code   RO         4913    .text               mf_w.l(dfixi.o)
    0x080005b6   0x080005b6   0x00000026   Code   RO         4915    .text               mf_w.l(f2d.o)
    0x080005dc   0x080005dc   0x00000038   Code   RO         4917    .text               mf_w.l(d2f.o)
    0x08000614   0x08000614   0x0000002c   Code   RO         4934    .text               mc_w.l(uidiv.o)
    0x08000640   0x08000640   0x0000001e   Code   RO         4936    .text               mc_w.l(llshl.o)
    0x0800065e   0x0800065e   0x00000020   Code   RO         4938    .text               mc_w.l(llushr.o)
    0x0800067e   0x0800067e   0x00000024   Code   RO         4940    .text               mc_w.l(llsshr.o)
    0x080006a2   0x080006a2   0x00000000   Code   RO         4942    .text               mc_w.l(iusefp.o)
    0x080006a2   0x080006a2   0x0000006e   Code   RO         4943    .text               mf_w.l(fepilogue.o)
    0x08000710   0x08000710   0x000000ba   Code   RO         4945    .text               mf_w.l(depilogue.o)
    0x080007ca   0x080007ca   0x00000030   Code   RO         4947    .text               mf_w.l(dfixul.o)
    0x080007fa   0x080007fa   0x00000002   PAD
    0x080007fc   0x080007fc   0x00000030   Code   RO         4949    .text               mf_w.l(cdrcmple.o)
    0x0800082c   0x0800082c   0x00000024   Code   RO         4951    .text               mc_w.l(init.o)
    0x08000850   0x08000850   0x00000002   Code   RO          570    i.BusFault_Handler  stm32f4xx_it.o
    0x08000852   0x08000852   0x00000002   PAD
    0x08000854   0x08000854   0x0000000c   Code   RO          571    i.CAN1_RX0_IRQHandler  stm32f4xx_it.o
    0x08000860   0x08000860   0x0000000c   Code   RO          572    i.CAN2_RX0_IRQHandler  stm32f4xx_it.o
    0x0800086c   0x0800086c   0x00000048   Code   RO         3513    i.CAN_cmd_chassis   can_receive.o
    0x080008b4   0x080008b4   0x00000084   Code   RO         4103    i.Chassis_Init      chassis_task.o
    0x08000938   0x08000938   0x0000000c   Code   RO          573    i.DMA1_Stream1_IRQHandler  stm32f4xx_it.o
    0x08000944   0x08000944   0x0000000c   Code   RO          574    i.DMA2_Stream1_IRQHandler  stm32f4xx_it.o
    0x08000950   0x08000950   0x00000028   Code   RO         1411    i.DMA_CalcBaseAndBitshift  stm32f4xx_hal_dma.o
    0x08000978   0x08000978   0x00000054   Code   RO         1412    i.DMA_CheckFifoParam  stm32f4xx_hal_dma.o
    0x080009cc   0x080009cc   0x00000028   Code   RO         1413    i.DMA_SetConfig     stm32f4xx_hal_dma.o
    0x080009f4   0x080009f4   0x00000002   Code   RO          575    i.DebugMon_Handler  stm32f4xx_it.o
    0x080009f6   0x080009f6   0x00000002   PAD
    0x080009f8   0x080009f8   0x00000010   Code   RO         4375    i.Detection_TaskInit  detection_task.o
    0x08000a08   0x08000a08   0x00000002   Code   RO           13    i.Error_Handler     main.o
    0x08000a0a   0x08000a0a   0x00000002   PAD
    0x08000a0c   0x08000a0c   0x00000050   Code   RO         4157    i.Gimbal_Init       gimbal_task.o
    0x08000a5c   0x08000a5c   0x00000024   Code   RO          719    i.HAL_CAN_ActivateNotification  stm32f4xx_hal_can.o
    0x08000a80   0x08000a80   0x000000c8   Code   RO          720    i.HAL_CAN_AddTxMessage  stm32f4xx_hal_can.o
    0x08000b48   0x08000b48   0x0000010c   Code   RO          721    i.HAL_CAN_ConfigFilter  stm32f4xx_hal_can.o
    0x08000c54   0x08000c54   0x00000002   Code   RO          724    i.HAL_CAN_ErrorCallback  stm32f4xx_hal_can.o
    0x08000c56   0x08000c56   0x000000e8   Code   RO          727    i.HAL_CAN_GetRxMessage  stm32f4xx_hal_can.o
    0x08000d3e   0x08000d3e   0x000001fc   Code   RO          731    i.HAL_CAN_IRQHandler  stm32f4xx_hal_can.o
    0x08000f3a   0x08000f3a   0x0000011a   Code   RO          732    i.HAL_CAN_Init      stm32f4xx_hal_can.o
    0x08001054   0x08001054   0x000000fc   Code   RO          387    i.HAL_CAN_MspInit   can.o
    0x08001150   0x08001150   0x00000002   Code   RO          739    i.HAL_CAN_RxFifo0FullCallback  stm32f4xx_hal_can.o
    0x08001152   0x08001152   0x00000002   PAD
    0x08001154   0x08001154   0x0000005c   Code   RO         3516    i.HAL_CAN_RxFifo0MsgPendingCallback  can_receive.o
    0x080011b0   0x080011b0   0x00000002   Code   RO          741    i.HAL_CAN_RxFifo1FullCallback  stm32f4xx_hal_can.o
    0x080011b2   0x080011b2   0x00000002   Code   RO          742    i.HAL_CAN_RxFifo1MsgPendingCallback  stm32f4xx_hal_can.o
    0x080011b4   0x080011b4   0x00000002   Code   RO          743    i.HAL_CAN_SleepCallback  stm32f4xx_hal_can.o
    0x080011b6   0x080011b6   0x00000002   PAD
    0x080011b8   0x080011b8   0x00000058   Code   RO          744    i.HAL_CAN_Start     stm32f4xx_hal_can.o
    0x08001210   0x08001210   0x00000002   Code   RO          746    i.HAL_CAN_TxMailbox0AbortCallback  stm32f4xx_hal_can.o
    0x08001212   0x08001212   0x00000002   Code   RO          747    i.HAL_CAN_TxMailbox0CompleteCallback  stm32f4xx_hal_can.o
    0x08001214   0x08001214   0x00000002   Code   RO          748    i.HAL_CAN_TxMailbox1AbortCallback  stm32f4xx_hal_can.o
    0x08001216   0x08001216   0x00000002   Code   RO          749    i.HAL_CAN_TxMailbox1CompleteCallback  stm32f4xx_hal_can.o
    0x08001218   0x08001218   0x00000002   Code   RO          750    i.HAL_CAN_TxMailbox2AbortCallback  stm32f4xx_hal_can.o
    0x0800121a   0x0800121a   0x00000002   Code   RO          751    i.HAL_CAN_TxMailbox2CompleteCallback  stm32f4xx_hal_can.o
    0x0800121c   0x0800121c   0x00000002   Code   RO          753    i.HAL_CAN_WakeUpFromRxMsgCallback  stm32f4xx_hal_can.o
    0x0800121e   0x0800121e   0x0000008e   Code   RO         1414    i.HAL_DMA_Abort     stm32f4xx_hal_dma.o
    0x080012ac   0x080012ac   0x00000024   Code   RO         1415    i.HAL_DMA_Abort_IT  stm32f4xx_hal_dma.o
    0x080012d0   0x080012d0   0x000001a0   Code   RO         1419    i.HAL_DMA_IRQHandler  stm32f4xx_hal_dma.o
    0x08001470   0x08001470   0x000000d4   Code   RO         1420    i.HAL_DMA_Init      stm32f4xx_hal_dma.o
    0x08001544   0x08001544   0x0000006e   Code   RO         1424    i.HAL_DMA_Start_IT  stm32f4xx_hal_dma.o
    0x080015b2   0x080015b2   0x00000002   PAD
    0x080015b4   0x080015b4   0x000001b8   Code   RO         1307    i.HAL_GPIO_Init     stm32f4xx_hal_gpio.o
    0x0800176c   0x0800176c   0x0000000c   Code   RO         1839    i.HAL_GetTick       stm32f4xx_hal.o
    0x08001778   0x08001778   0x00000010   Code   RO         1845    i.HAL_IncTick       stm32f4xx_hal.o
    0x08001788   0x08001788   0x00000034   Code   RO         1846    i.HAL_Init          stm32f4xx_hal.o
    0x080017bc   0x080017bc   0x00000040   Code   RO         1847    i.HAL_InitTick      stm32f4xx_hal.o
    0x080017fc   0x080017fc   0x00000030   Code   RO          694    i.HAL_MspInit       stm32f4xx_hal_msp.o
    0x0800182c   0x0800182c   0x0000001a   Code   RO         1696    i.HAL_NVIC_EnableIRQ  stm32f4xx_hal_cortex.o
    0x08001846   0x08001846   0x00000002   PAD
    0x08001848   0x08001848   0x00000040   Code   RO         1702    i.HAL_NVIC_SetPriority  stm32f4xx_hal_cortex.o
    0x08001888   0x08001888   0x00000024   Code   RO         1703    i.HAL_NVIC_SetPriorityGrouping  stm32f4xx_hal_cortex.o
    0x080018ac   0x080018ac   0x00000134   Code   RO          953    i.HAL_RCC_ClockConfig  stm32f4xx_hal_rcc.o
    0x080019e0   0x080019e0   0x00000020   Code   RO          960    i.HAL_RCC_GetPCLK1Freq  stm32f4xx_hal_rcc.o
    0x08001a00   0x08001a00   0x00000020   Code   RO          961    i.HAL_RCC_GetPCLK2Freq  stm32f4xx_hal_rcc.o
    0x08001a20   0x08001a20   0x00000064   Code   RO          962    i.HAL_RCC_GetSysClockFreq  stm32f4xx_hal_rcc.o
    0x08001a84   0x08001a84   0x0000035c   Code   RO          965    i.HAL_RCC_OscConfig  stm32f4xx_hal_rcc.o
    0x08001de0   0x08001de0   0x00000028   Code   RO         1707    i.HAL_SYSTICK_Config  stm32f4xx_hal_cortex.o
    0x08001e08   0x08001e08   0x00000002   Code   RO         2761    i.HAL_TIMEx_BreakCallback  stm32f4xx_hal_tim_ex.o
    0x08001e0a   0x08001e0a   0x00000002   Code   RO         2762    i.HAL_TIMEx_CommutCallback  stm32f4xx_hal_tim_ex.o
    0x08001e0c   0x08001e0c   0x00000054   Code   RO         2764    i.HAL_TIMEx_ConfigBreakDeadTime  stm32f4xx_hal_tim_ex.o
    0x08001e60   0x08001e60   0x00000090   Code   RO         2779    i.HAL_TIMEx_MasterConfigSynchronization  stm32f4xx_hal_tim_ex.o
    0x08001ef0   0x08001ef0   0x00000036   Code   RO         2086    i.HAL_TIM_Base_Init  stm32f4xx_hal_tim.o
    0x08001f26   0x08001f26   0x00000002   PAD
    0x08001f28   0x08001f28   0x00000054   Code   RO          463    i.HAL_TIM_Base_MspInit  tim.o
    0x08001f7c   0x08001f7c   0x00000024   Code   RO         2089    i.HAL_TIM_Base_Start  stm32f4xx_hal_tim.o
    0x08001fa0   0x08001fa0   0x00000022   Code   RO         2091    i.HAL_TIM_Base_Start_IT  stm32f4xx_hal_tim.o
    0x08001fc2   0x08001fc2   0x000000d6   Code   RO         2095    i.HAL_TIM_ConfigClockSource  stm32f4xx_hal_tim.o
    0x08002098   0x08002098   0x00000002   Code   RO         2115    i.HAL_TIM_IC_CaptureCallback  stm32f4xx_hal_tim.o
    0x0800209a   0x0800209a   0x00000166   Code   RO         2129    i.HAL_TIM_IRQHandler  stm32f4xx_hal_tim.o
    0x08002200   0x08002200   0x00000054   Code   RO          464    i.HAL_TIM_MspPostInit  tim.o
    0x08002254   0x08002254   0x00000002   Code   RO         2132    i.HAL_TIM_OC_DelayElapsedCallback  stm32f4xx_hal_tim.o
    0x08002256   0x08002256   0x000000d0   Code   RO         2153    i.HAL_TIM_PWM_ConfigChannel  stm32f4xx_hal_tim.o
    0x08002326   0x08002326   0x00000036   Code   RO         2156    i.HAL_TIM_PWM_Init  stm32f4xx_hal_tim.o
    0x0800235c   0x0800235c   0x00000002   Code   RO         2158    i.HAL_TIM_PWM_MspInit  stm32f4xx_hal_tim.o
    0x0800235e   0x0800235e   0x00000002   Code   RO         2159    i.HAL_TIM_PWM_PulseFinishedCallback  stm32f4xx_hal_tim.o
    0x08002360   0x08002360   0x00000044   Code   RO         2161    i.HAL_TIM_PWM_Start  stm32f4xx_hal_tim.o
    0x080023a4   0x080023a4   0x00000078   Code   RO           14    i.HAL_TIM_PeriodElapsedCallback  main.o
    0x0800241c   0x0800241c   0x00000002   Code   RO         2172    i.HAL_TIM_TriggerCallback  stm32f4xx_hal_tim.o
    0x0800241e   0x0800241e   0x00000058   Code   RO         3031    i.HAL_UART_DMAStop  stm32f4xx_hal_uart.o
    0x08002476   0x08002476   0x00000002   Code   RO         3033    i.HAL_UART_ErrorCallback  stm32f4xx_hal_uart.o
    0x08002478   0x08002478   0x00000114   Code   RO         3036    i.HAL_UART_IRQHandler  stm32f4xx_hal_uart.o
    0x0800258c   0x0800258c   0x00000062   Code   RO         3037    i.HAL_UART_Init     stm32f4xx_hal_uart.o
    0x080025ee   0x080025ee   0x00000002   PAD
    0x080025f0   0x080025f0   0x000001c4   Code   RO          517    i.HAL_UART_MspInit  usart.o
    0x080027b4   0x080027b4   0x00000098   Code   RO         3041    i.HAL_UART_Receive_DMA  stm32f4xx_hal_uart.o
    0x0800284c   0x0800284c   0x00000002   Code   RO           15    i.HAL_UART_RxCpltCallback  main.o
    0x0800284e   0x0800284e   0x00000002   Code   RO         3044    i.HAL_UART_RxHalfCpltCallback  stm32f4xx_hal_uart.o
    0x08002850   0x08002850   0x000000ba   Code   RO         3045    i.HAL_UART_Transmit  stm32f4xx_hal_uart.o
    0x0800290a   0x0800290a   0x00000002   Code   RO         3048    i.HAL_UART_TxCpltCallback  stm32f4xx_hal_uart.o
    0x0800290c   0x0800290c   0x00000002   Code   RO          576    i.HardFault_Handler  stm32f4xx_it.o
    0x0800290e   0x0800290e   0x00000002   PAD
    0x08002910   0x08002910   0x00000050   Code   RO         3960    i.IDLE_IMU_Handler  jy901.o
    0x08002960   0x08002960   0x0000004c   Code   RO         3470    i.IDLE_RC_Handler   rc_receive.o
    0x080029ac   0x080029ac   0x000000a8   Code   RO         3961    i.JY901_ExpandAngle  jy901.o
    0x08002a54   0x08002a54   0x00000034   Code   RO         3962    i.JY901_Init        jy901.o
    0x08002a88   0x08002a88   0x00000214   Code   RO         3963    i.JY901_Process     jy901.o
    0x08002c9c   0x08002c9c   0x00000128   Code   RO         4283    i.KeyBoard_Process  rc_task.o
    0x08002dc4   0x08002dc4   0x000000b8   Code   RO         3733    i.M2006_Init        2006_driver.o
    0x08002e7c   0x08002e7c   0x0000005c   Code   RO         3868    i.M3508_GetBasicData  3508_driver.o
    0x08002ed8   0x08002ed8   0x000000ec   Code   RO         3869    i.M3508_Init        3508_driver.o
    0x08002fc4   0x08002fc4   0x00000130   Code   RO         3870    i.M3508_SpeedLoopPIDController  3508_driver.o
    0x080030f4   0x080030f4   0x00000118   Code   RO         3911    i.M6020_Init        6020_driver.o
    0x0800320c   0x0800320c   0x00000044   Code   RO          388    i.MX_CAN1_Init      can.o
    0x08003250   0x08003250   0x00000044   Code   RO          389    i.MX_CAN2_Init      can.o
    0x08003294   0x08003294   0x0000004c   Code   RO          435    i.MX_DMA_Init       dma.o
    0x080032e0   0x080032e0   0x0000007c   Code   RO          266    i.MX_GPIO_Init      gpio.o
    0x0800335c   0x0800335c   0x000000f8   Code   RO          465    i.MX_TIM1_Init      tim.o
    0x08003454   0x08003454   0x00000064   Code   RO          466    i.MX_TIM2_Init      tim.o
    0x080034b8   0x080034b8   0x00000038   Code   RO          518    i.MX_USART1_UART_Init  usart.o
    0x080034f0   0x080034f0   0x00000044   Code   RO          519    i.MX_USART3_UART_Init  usart.o
    0x08003534   0x08003534   0x00000038   Code   RO          520    i.MX_USART6_UART_Init  usart.o
    0x0800356c   0x0800356c   0x00000002   Code   RO          577    i.MemManage_Handler  stm32f4xx_it.o
    0x0800356e   0x0800356e   0x00000002   Code   RO          578    i.NMI_Handler       stm32f4xx_it.o
    0x08003570   0x08003570   0x00000060   Code   RO         4025    i.PID_init          pid.o
    0x080035d0   0x080035d0   0x00000002   Code   RO          579    i.PendSV_Handler    stm32f4xx_it.o
    0x080035d2   0x080035d2   0x00000002   PAD
    0x080035d4   0x080035d4   0x00000064   Code   RO         4284    i.RC_Process        rc_task.o
    0x08003638   0x08003638   0x00000074   Code   RO         3471    i.RC_Receive        rc_receive.o
    0x080036ac   0x080036ac   0x0000004c   Code   RO         3472    i.RC_Receive_Init   rc_receive.o
    0x080036f8   0x080036f8   0x00000164   Code   RO         4285    i.RC_Remote_Process  rc_task.o
    0x0800385c   0x0800385c   0x0000000c   Code   RO         4286    i.RC_TaskInit       rc_task.o
    0x08003868   0x08003868   0x00000002   Code   RO          580    i.SVC_Handler       stm32f4xx_it.o
    0x0800386a   0x0800386a   0x00000002   PAD
    0x0800386c   0x0800386c   0x0000005c   Code   RO         4247    i.Shoot_Init        shoot_task.o
    0x080038c8   0x080038c8   0x00000044   Code   RO         3688    i.Snail2305_Init    snail2305_driver.o
    0x0800390c   0x0800390c   0x00000004   Code   RO          581    i.SysTick_Handler   stm32f4xx_it.o
    0x08003910   0x08003910   0x00000084   Code   RO           16    i.SystemClock_Config  main.o
    0x08003994   0x08003994   0x0000001c   Code   RO         3339    i.SystemInit        system_stm32f4xx.o
    0x080039b0   0x080039b0   0x0000000c   Code   RO          582    i.TIM2_IRQHandler   stm32f4xx_it.o
    0x080039bc   0x080039bc   0x000000c8   Code   RO         2174    i.TIM_Base_SetConfig  stm32f4xx_hal_tim.o
    0x08003a84   0x08003a84   0x0000001a   Code   RO         2175    i.TIM_CCxChannelCmd  stm32f4xx_hal_tim.o
    0x08003a9e   0x08003a9e   0x00000014   Code   RO         2185    i.TIM_ETR_SetConfig  stm32f4xx_hal_tim.o
    0x08003ab2   0x08003ab2   0x00000010   Code   RO         2186    i.TIM_ITRx_SetConfig  stm32f4xx_hal_tim.o
    0x08003ac2   0x08003ac2   0x00000002   PAD
    0x08003ac4   0x08003ac4   0x00000060   Code   RO         2187    i.TIM_OC1_SetConfig  stm32f4xx_hal_tim.o
    0x08003b24   0x08003b24   0x0000006c   Code   RO         2188    i.TIM_OC2_SetConfig  stm32f4xx_hal_tim.o
    0x08003b90   0x08003b90   0x00000068   Code   RO         2189    i.TIM_OC3_SetConfig  stm32f4xx_hal_tim.o
    0x08003bf8   0x08003bf8   0x00000050   Code   RO         2190    i.TIM_OC4_SetConfig  stm32f4xx_hal_tim.o
    0x08003c48   0x08003c48   0x00000022   Code   RO         2192    i.TIM_TI1_ConfigInputStage  stm32f4xx_hal_tim.o
    0x08003c6a   0x08003c6a   0x00000024   Code   RO         2194    i.TIM_TI2_ConfigInputStage  stm32f4xx_hal_tim.o
    0x08003c8e   0x08003c8e   0x00000010   Code   RO         3050    i.UART_DMAAbortOnError  stm32f4xx_hal_uart.o
    0x08003c9e   0x08003c9e   0x0000004a   Code   RO         3051    i.UART_DMAError     stm32f4xx_hal_uart.o
    0x08003ce8   0x08003ce8   0x0000003c   Code   RO         3052    i.UART_DMAReceiveCplt  stm32f4xx_hal_uart.o
    0x08003d24   0x08003d24   0x0000000a   Code   RO         3054    i.UART_DMARxHalfCplt  stm32f4xx_hal_uart.o
    0x08003d2e   0x08003d2e   0x0000001c   Code   RO         3060    i.UART_EndRxTransfer  stm32f4xx_hal_uart.o
    0x08003d4a   0x08003d4a   0x00000012   Code   RO         3061    i.UART_EndTxTransfer  stm32f4xx_hal_uart.o
    0x08003d5c   0x08003d5c   0x00000096   Code   RO         3062    i.UART_Receive_IT   stm32f4xx_hal_uart.o
    0x08003df2   0x08003df2   0x00000002   PAD
    0x08003df4   0x08003df4   0x00000128   Code   RO         3063    i.UART_SetConfig    stm32f4xx_hal_uart.o
    0x08003f1c   0x08003f1c   0x00000062   Code   RO         3064    i.UART_Transmit_IT  stm32f4xx_hal_uart.o
    0x08003f7e   0x08003f7e   0x00000064   Code   RO         3065    i.UART_WaitOnFlagUntilTimeout  stm32f4xx_hal_uart.o
    0x08003fe2   0x08003fe2   0x00000002   PAD
    0x08003fe4   0x08003fe4   0x0000000c   Code   RO          583    i.USART1_IRQHandler  stm32f4xx_it.o
    0x08003ff0   0x08003ff0   0x00000014   Code   RO          584    i.USART3_IRQHandler  stm32f4xx_it.o
    0x08004004   0x08004004   0x00000014   Code   RO          585    i.USART6_IRQHandler  stm32f4xx_it.o
    0x08004018   0x08004018   0x00000002   Code   RO          586    i.UsageFault_Handler  stm32f4xx_it.o
    0x0800401a   0x0800401a   0x00000020   Code   RO         3964    i.User_USART_Init   jy901.o
    0x0800403a   0x0800403a   0x00000002   PAD
    0x0800403c   0x0800403c   0x00000020   Code   RO         4877    i.__0printf         mc_w.l(printfa.o)
    0x0800405c   0x0800405c   0x00000020   Code   RO         1709    i.__NVIC_SetPriority  stm32f4xx_hal_cortex.o
    0x0800407c   0x0800407c   0x0000000e   Code   RO         4955    i.__scatterload_copy  mc_w.l(handlers.o)
    0x0800408a   0x0800408a   0x00000002   Code   RO         4956    i.__scatterload_null  mc_w.l(handlers.o)
    0x0800408c   0x0800408c   0x0000000e   Code   RO         4957    i.__scatterload_zeroinit  mc_w.l(handlers.o)
    0x0800409a   0x0800409a   0x00000002   PAD
    0x0800409c   0x0800409c   0x00000184   Code   RO         4884    i._fp_digits        mc_w.l(printfa.o)
    0x08004220   0x08004220   0x000006dc   Code   RO         4885    i._printf_core      mc_w.l(printfa.o)
    0x080048fc   0x080048fc   0x00000024   Code   RO         4886    i._printf_post_padding  mc_w.l(printfa.o)
    0x08004920   0x08004920   0x0000002e   Code   RO         4887    i._printf_pre_padding  mc_w.l(printfa.o)
    0x0800494e   0x0800494e   0x00000002   PAD
    0x08004950   0x08004950   0x00000058   Code   RO         3376    i.can_filter_init   bsp_can.o
    0x080049a8   0x080049a8   0x00000018   Code   RO           17    i.fputc             main.o
    0x080049c0   0x080049c0   0x00000014   Code   RO         3517    i.get_chassis_motor_measure_point  can_receive.o
    0x080049d4   0x080049d4   0x00000058   Code   RO           18    i.main              main.o
    0x08004a2c   0x08004a2c   0x00000008   Data   RO         1426    .constdata          stm32f4xx_hal_dma.o
    0x08004a34   0x08004a34   0x00000010   Data   RO         3340    .constdata          system_stm32f4xx.o
    0x08004a44   0x08004a44   0x00000008   Data   RO         3341    .constdata          system_stm32f4xx.o
    0x08004a4c   0x08004a4c   0x0000000c   Data   RO         4107    .constdata          chassis_task.o
    0x08004a58   0x08004a58   0x00000020   Data   RO         4953    Region$$Table       anon$$obj.o


    Execution Region RW_IRAM2 (Exec base: 0x10000000, Load base: 0x08004b34, Size: 0x00000000, Max: 0x00010000, ABSOLUTE)

    **** No section assigned to this execution region ****


    Execution Region RW_IRAM1 (Exec base: 0x20000000, Load base: 0x08004a78, Size: 0x00000f20, Max: 0x00020000, ABSOLUTE)

    Exec Addr    Load Addr    Size         Type   Attr      Idx    E Section Name        Object

    0x20000000   0x08004a78   0x00000008   Data   RW           20    .data               main.o
    0x20000008   0x08004a80   0x00000004   Data   RW          391    .data               can.o
    0x2000000c   0x08004a84   0x0000000c   Data   RW         1853    .data               stm32f4xx_hal.o
    0x20000018   0x08004a90   0x00000004   Data   RW         3342    .data               system_stm32f4xx.o
    0x2000001c   0x08004a94   0x00000011   Data   RW         3522    .data               can_receive.o
    0x2000002d   0x08004aa5   0x00000003   PAD
    0x20000030   0x08004aa8   0x00000040   Data   RW         3966    .data               jy901.o
    0x20000070   0x08004ae8   0x00000024   Data   RW         4166    .data               gimbal_task.o
    0x20000094   0x08004b0c   0x00000018   Data   RW         4249    .data               shoot_task.o
    0x200000ac   0x08004b24   0x00000002   Data   RW         4290    .data               rc_task.o
    0x200000ae   0x08004b26   0x00000002   PAD
    0x200000b0   0x08004b28   0x00000008   Data   RW         4376    .data               detection_task.o
    0x200000b8   0x08004b30   0x00000004   Data   RW         4933    .data               mc_w.l(stdout.o)
    0x200000bc        -       0x00000050   Zero   RW          390    .bss                can.o
    0x2000010c        -       0x00000080   Zero   RW          467    .bss                tim.o
    0x2000018c        -       0x00000180   Zero   RW          521    .bss                usart.o
    0x2000030c        -       0x00000048   Zero   RW         3473    .bss                rc_receive.o
    0x20000354        -       0x00000080   Zero   RW         3521    .bss                can_receive.o
    0x200003d4        -       0x0000007c   Zero   RW         3965    .bss                jy901.o
    0x20000450        -       0x000002f4   Zero   RW         4106    .bss                chassis_task.o
    0x20000744        -       0x000001e0   Zero   RW         4165    .bss                gimbal_task.o
    0x20000924        -       0x000001f8   Zero   RW         4248    .bss                shoot_task.o
    0x20000b1c   0x08004b34   0x00000004   PAD
    0x20000b20        -       0x00000400   Zero   RW            1    STACK               startup_stm32f407xx.o


==============================================================================

Image component sizes


      Code (inc. data)   RO Data    RW Data    ZI Data      Debug   Object Name

       184          8          0          0          0       4285   2006_driver.o
       632         18          0          0          0       2661   3508_driver.o
       280         36          0          0          0       2393   6020_driver.o
        88          8          0          0          0     570606   bsp_can.o
       388         42          0          4         80       2306   can.o
       184         26          0         17        128     575142   can_receive.o
       132         26         12          0        756       1687   chassis_task.o
        16          6          0          8          0        729   detection_task.o
        76          4          0          0          0        746   dma.o
        80         14          0         36        480       1187   gimbal_task.o
       124          6          0          0          0     690995   gpio.o
       864         90          0         64        124       6830   jy901.o
       368         42          0          8          0     701501   main.o
        96          4          0          0          0       1571   pid.o
       268         26          0          0         72       4150   rc_receive.o
       764         80          0          2          0       3381   rc_task.o
        92         10          0         24        504       1653   shoot_task.o
        68          4          0          0          0        509   snail2305_driver.o
        36          8        392          0       1024        812   startup_stm32f407xx.o
       144         24          0         12          0       8589   stm32f4xx_hal.o
      1638          6          0          0          0      13763   stm32f4xx_hal_can.o
       198         14          0          0          0      33791   stm32f4xx_hal_cortex.o
      1080         16          8          0          0       7122   stm32f4xx_hal_dma.o
       440         46          0          0          0       1688   stm32f4xx_hal_gpio.o
        48          6          0          0          0        778   stm32f4xx_hal_msp.o
      1332         76          0          0          0       5076   stm32f4xx_hal_rcc.o
      1756         90          0          0          0      16551   stm32f4xx_hal_tim.o
       232         28          0          0          0       3149   stm32f4xx_hal_tim_ex.o
      1656         30          0          0          0      13065   stm32f4xx_hal_uart.o
       132         44          0          0          0       7800   stm32f4xx_it.o
        28          6         24          4          0       1055   system_stm32f4xx.o
       516         32          0          0        128       2985   tim.o
       632         76          0          0        384       3162   usart.o

    ----------------------------------------------------------------------
     14604        952        468        184       3684    2691718   Object Totals
         0          0         32          0          0          0   (incl. Generated)
        32          0          0          5          4          0   (incl. Padding)

    ----------------------------------------------------------------------

      Code (inc. data)   RO Data    RW Data    ZI Data      Debug   Library Member Name

         0          0          0          0          0          0   entry.o
         0          0          0          0          0          0   entry10a.o
         0          0          0          0          0          0   entry11a.o
         8          4          0          0          0          0   entry2.o
         4          0          0          0          0          0   entry5.o
         0          0          0          0          0          0   entry7b.o
         0          0          0          0          0          0   entry8b.o
         8          4          0          0          0          0   entry9a.o
        30          0          0          0          0          0   handlers.o
        36          8          0          0          0         68   init.o
         0          0          0          0          0          0   iusefp.o
        30          0          0          0          0         68   llshl.o
        36          0          0          0          0         68   llsshr.o
        32          0          0          0          0         68   llushr.o
        36          0          0          0          0        108   memseta.o
      2258         90          0          0          0        452   printfa.o
         0          0          0          4          0          0   stdout.o
        44          0          0          0          0         80   uidiv.o
        98          0          0          0          0         92   uldiv.o
        48          0          0          0          0         68   cdrcmple.o
        56          0          0          0          0         88   d2f.o
       334          0          0          0          0        148   dadd.o
       222          0          0          0          0        100   ddiv.o
       186          0          0          0          0        176   depilogue.o
        62          0          0          0          0         80   dfixi.o
        48          0          0          0          0         68   dfixul.o
        34          0          0          0          0         76   dflti.o
       228          0          0          0          0         96   dmul.o
        38          0          0          0          0         68   f2d.o
       110          0          0          0          0        168   fepilogue.o

    ----------------------------------------------------------------------
      3992        106          0          4          0       2140   Library Totals
         6          0          0          0          0          0   (incl. Padding)

    ----------------------------------------------------------------------

      Code (inc. data)   RO Data    RW Data    ZI Data      Debug   Library Name

      2620        106          0          4          0       1004   mc_w.l
      1366          0          0          0          0       1136   mf_w.l

    ----------------------------------------------------------------------
      3992        106          0          4          0       2140   Library Totals

    ----------------------------------------------------------------------

==============================================================================


      Code (inc. data)   RO Data    RW Data    ZI Data      Debug   

     18596       1058        468        188       3684    2678922   Grand Totals
     18596       1058        468        188       3684    2678922   ELF Image Totals
     18596       1058        468        188          0          0   ROM Totals

==============================================================================

    Total RO  Size (Code + RO Data)                19064 (  18.62kB)
    Total RW  Size (RW Data + ZI Data)              3872 (   3.78kB)
    Total ROM Size (Code + RO Data + RW Data)      19252 (  18.80kB)

==============================================================================

