Component: ARM Compiler 5.06 update 5 (build 528) Tool: armlink [4d35e2]

==============================================================================

Section Cross References

    startup_stm32f407xx.o(RESET) refers to startup_stm32f407xx.o(STACK) for __initial_sp
    startup_stm32f407xx.o(RESET) refers to startup_stm32f407xx.o(.text) for Reset_Handler
    startup_stm32f407xx.o(RESET) refers to stm32f4xx_it.o(i.NMI_Handler) for NMI_Handler
    startup_stm32f407xx.o(RESET) refers to stm32f4xx_it.o(i.HardFault_Handler) for HardFault_Handler
    startup_stm32f407xx.o(RESET) refers to stm32f4xx_it.o(i.MemManage_Handler) for MemManage_Handler
    startup_stm32f407xx.o(RESET) refers to stm32f4xx_it.o(i.BusFault_Handler) for BusFault_Handler
    startup_stm32f407xx.o(RESET) refers to stm32f4xx_it.o(i.UsageFault_Handler) for UsageFault_Handler
    startup_stm32f407xx.o(RESET) refers to stm32f4xx_it.o(i.SVC_Handler) for SVC_Handler
    startup_stm32f407xx.o(RESET) refers to stm32f4xx_it.o(i.DebugMon_Handler) for DebugMon_Handler
    startup_stm32f407xx.o(RESET) refers to stm32f4xx_it.o(i.PendSV_Handler) for PendSV_Handler
    startup_stm32f407xx.o(RESET) refers to stm32f4xx_it.o(i.SysTick_Handler) for SysTick_Handler
    startup_stm32f407xx.o(RESET) refers to stm32f4xx_it.o(i.DMA1_Stream1_IRQHandler) for DMA1_Stream1_IRQHandler
    startup_stm32f407xx.o(RESET) refers to stm32f4xx_it.o(i.CAN1_RX0_IRQHandler) for CAN1_RX0_IRQHandler
    startup_stm32f407xx.o(RESET) refers to stm32f4xx_it.o(i.TIM2_IRQHandler) for TIM2_IRQHandler
    startup_stm32f407xx.o(RESET) refers to stm32f4xx_it.o(i.USART3_IRQHandler) for USART3_IRQHandler
    startup_stm32f407xx.o(RESET) refers to stm32f4xx_it.o(i.DMA2_Stream1_IRQHandler) for DMA2_Stream1_IRQHandler
    startup_stm32f407xx.o(RESET) refers to stm32f4xx_it.o(i.CAN2_RX0_IRQHandler) for CAN2_RX0_IRQHandler
    startup_stm32f407xx.o(RESET) refers to stm32f4xx_it.o(i.USART6_IRQHandler) for USART6_IRQHandler
    startup_stm32f407xx.o(.text) refers to system_stm32f4xx.o(i.SystemInit) for SystemInit
    startup_stm32f407xx.o(.text) refers to entry.o(.ARM.Collect$$$$00000000) for __main
    main.o(i.HAL_TIM_PeriodElapsedCallback) refers to chassis_task.o(i.Chassis_WheatWheel_Solution) for Chassis_WheatWheel_Solution
    main.o(i.HAL_TIM_PeriodElapsedCallback) refers to gimbal_task.o(i.Gimbal_Task) for Gimbal_Task
    main.o(i.HAL_TIM_PeriodElapsedCallback) refers to endeffector_task.o(i.SolenoidValve_Control) for SolenoidValve_Control
    main.o(i.HAL_TIM_PeriodElapsedCallback) refers to endeffector_task.o(i.AirPump_Control) for AirPump_Control
    main.o(i.HAL_TIM_PeriodElapsedCallback) refers to endeffector_task.o(i.Endeffector_Task) for Endeffector_Task
    main.o(i.HAL_TIM_PeriodElapsedCallback) refers to main.o(.data) for .data
    main.o(i.HAL_TIM_PeriodElapsedCallback) refers to rc_receive.o(.bss) for rc_user
    main.o(i.SystemClock_Config) refers to memseta.o(.text) for __aeabi_memclr4
    main.o(i.SystemClock_Config) refers to stm32f4xx_hal_rcc.o(i.HAL_RCC_OscConfig) for HAL_RCC_OscConfig
    main.o(i.SystemClock_Config) refers to stm32f4xx_hal_rcc.o(i.HAL_RCC_ClockConfig) for HAL_RCC_ClockConfig
    main.o(i.fputc) refers to stm32f4xx_hal_uart.o(i.HAL_UART_Transmit) for HAL_UART_Transmit
    main.o(i.fputc) refers to usart.o(.bss) for huart1
    main.o(i.main) refers to stm32f4xx_hal.o(i.HAL_Init) for HAL_Init
    main.o(i.main) refers to main.o(i.SystemClock_Config) for SystemClock_Config
    main.o(i.main) refers to gpio.o(i.MX_GPIO_Init) for MX_GPIO_Init
    main.o(i.main) refers to dma.o(i.MX_DMA_Init) for MX_DMA_Init
    main.o(i.main) refers to can.o(i.MX_CAN1_Init) for MX_CAN1_Init
    main.o(i.main) refers to can.o(i.MX_CAN2_Init) for MX_CAN2_Init
    main.o(i.main) refers to tim.o(i.MX_TIM2_Init) for MX_TIM2_Init
    main.o(i.main) refers to usart.o(i.MX_USART1_UART_Init) for MX_USART1_UART_Init
    main.o(i.main) refers to usart.o(i.MX_USART3_UART_Init) for MX_USART3_UART_Init
    main.o(i.main) refers to usart.o(i.MX_USART6_UART_Init) for MX_USART6_UART_Init
    main.o(i.main) refers to stm32f4xx_hal_tim.o(i.HAL_TIM_Base_Start_IT) for HAL_TIM_Base_Start_IT
    main.o(i.main) refers to bsp_can.o(i.can_filter_init) for can_filter_init
    main.o(i.main) refers to rc_receive.o(i.RC_Receive_Init) for RC_Receive_Init
    main.o(i.main) refers to chassis_task.o(i.Chassis_Init) for Chassis_Init
    main.o(i.main) refers to gimbal_task.o(i.Gimbal_Init) for Gimbal_Init
    main.o(i.main) refers to jy901.o(i.JY901_Init) for JY901_Init
    main.o(i.main) refers to tim.o(.bss) for htim2
    gpio.o(i.MX_GPIO_Init) refers to memseta.o(.text) for __aeabi_memclr4
    gpio.o(i.MX_GPIO_Init) refers to stm32f4xx_hal_gpio.o(i.HAL_GPIO_WritePin) for HAL_GPIO_WritePin
    gpio.o(i.MX_GPIO_Init) refers to stm32f4xx_hal_gpio.o(i.HAL_GPIO_Init) for HAL_GPIO_Init
    can.o(i.HAL_CAN_MspDeInit) refers to stm32f4xx_hal_gpio.o(i.HAL_GPIO_DeInit) for HAL_GPIO_DeInit
[...]
    ..\Src\main.c                            0x00000000   Number         0  main.o ABSOLUTE
    ..\Src\stm32f4xx_hal_msp.c               0x00000000   Number         0  stm32f4xx_hal_msp.o ABSOLUTE
    ..\Src\stm32f4xx_it.c                    0x00000000   Number         0  stm32f4xx_it.o ABSOLUTE
    ..\Src\system_stm32f4xx.c                0x00000000   Number         0  system_stm32f4xx.o ABSOLUTE
    ..\Src\tim.c                             0x00000000   Number         0  tim.o ABSOLUTE
    ..\Src\usart.c                           0x00000000   Number         0  usart.o ABSOLUTE
    ..\Task\chassis_task.c                   0x00000000   Number         0  chassis_task.o ABSOLUTE
    ..\Task\endeffector_task.c               0x00000000   Number         0  endeffector_task.o ABSOLUTE
    ..\Task\gimbal_task.c                    0x00000000   Number         0  gimbal_task.o ABSOLUTE
    ..\Task\rc_task.c                        0x00000000   Number         0  rc_task.o ABSOLUTE
    ..\\Controller\\pid.c                    0x00000000   Number         0  pid.o ABSOLUTE
    ..\\Controller\\user_lib.c               0x00000000   Number         0  user_lib.o ABSOLUTE
    ..\\Src\\arm_sin_cos_f32.c               0x00000000   Number         0  arm_sin_cos_f32.o ABSOLUTE
    ..\\Task\\chassis_task.c                 0x00000000   Number         0  chassis_task.o ABSOLUTE
    ..\\Task\\endeffector_task.c             0x00000000   Number         0  endeffector_task.o ABSOLUTE
    ..\\Task\\gimbal_task.c                  0x00000000   Number         0  gimbal_task.o ABSOLUTE
    ..\\Task\\rc_task.c                      0x00000000   Number         0  rc_task.o ABSOLUTE
    ..\\application\\3508_driver.c           0x00000000   Number         0  3508_driver.o ABSOLUTE
    ..\\application\\CAN_receive.c           0x00000000   Number         0  can_receive.o ABSOLUTE
    ..\\application\\GO-M8010-6.c            0x00000000   Number         0  go-m8010-6.o ABSOLUTE
    ..\\application\\MG4005V2_driver.c       0x00000000   Number         0  mg4005v2_driver.o ABSOLUTE
    ..\\application\\bsp_can.c               0x00000000   Number         0  bsp_can.o ABSOLUTE
    ..\\application\\jy901.c                 0x00000000   Number         0  jy901.o ABSOLUTE
    ..\\application\\rc_receive.c            0x00000000   Number         0  rc_receive.o ABSOLUTE
    ..\application\3508_driver.c             0x00000000   Number         0  3508_driver.o ABSOLUTE
    ..\application\CAN_receive.c             0x00000000   Number         0  can_receive.o ABSOLUTE
    ..\application\GO-M8010-6.c              0x00000000   Number         0  go-m8010-6.o ABSOLUTE
    ..\application\MG4005V2_driver.c         0x00000000   Number         0  mg4005v2_driver.o ABSOLUTE
    ..\application\bsp_can.c                 0x00000000   Number         0  bsp_can.o ABSOLUTE
    ..\application\jy901.c                   0x00000000   Number         0  jy901.o ABSOLUTE
    ..\application\rc_receive.c              0x00000000   Number         0  rc_receive.o ABSOLUTE
    arm_common_tables.c                      0x00000000   Number         0  arm_common_tables.o ABSOLUTE
    cdrcmple.s                               0x00000000   Number         0  cdrcmple.o ABSOLUTE
    dc.s                                     0x00000000   Number         0  dc.o ABSOLUTE
    handlers.s                               0x00000000   Number         0  handlers.o ABSOLUTE
    init.s                                   0x00000000   Number         0  init.o ABSOLUTE
    startup_stm32f407xx.s                    0x00000000   Number         0  startup_stm32f407xx.o ABSOLUTE
    RESET                                    0x08000000   Section      392  startup_stm32f407xx.o(RESET)
    .ARM.Collect$$$$00000000                 0x08000188   Section        0  entry.o(.ARM.Collect$$$$00000000)
    .ARM.Collect$$$$00000001                 0x08000188   Section        4  entry2.o(.ARM.Collect$$$$00000001)
    .ARM.Collect$$$$00000004                 0x0800018c   Section        4  entry5.o(.ARM.Collect$$$$00000004)
    .ARM.Collect$$$$00000008                 0x08000190   Section        0  entry7b.o(.ARM.Collect$$$$00000008)
    .ARM.Collect$$$$0000000A                 0x08000190   Section        0  entry8b.o(.ARM.Collect$$$$0000000A)
    .ARM.Collect$$$$0000000B                 0x08000190   Section        8  entry9a.o(.ARM.Collect$$$$0000000B)
    .ARM.Collect$$$$0000000D                 0x08000198   Section        0  entry10a.o(.ARM.Collect$$$$0000000D)
    .ARM.Collect$$$$0000000F                 0x08000198   Section        0  entry11a.o(.ARM.Collect$$$$0000000F)
    .ARM.Collect$$$$00002712                 0x08000198   Section        4  entry2.o(.ARM.Collect$$$$00002712)
    __lit__00000000                          0x08000198   Data           4  entry2.o(.ARM.Collect$$$$00002712)
    .text                                    0x0800019c   Section       36  startup_stm32f407xx.o(.text)
    $v0                                      0x0800019c   Number         0  startup_stm32f407xx.o(.text)
    .text                                    0x080001c0   Section        0  uldiv.o(.text)
    .text                                    0x08000222   Section        0  memseta.o(.text)
    .text                                    0x08000246   Section        0  dadd.o(.text)
    .text                                    0x08000394   Section        0  dmul.o(.text)
    .text                                    0x08000478   Section        0  ddiv.o(.text)
    .text                                    0x08000556   Section        0  dflti.o(.text)
    .text                                    0x08000578   Section        0  dfixi.o(.text)
    .text                                    0x080005b6   Section        0  f2d.o(.text)
    .text                                    0x080005dc   Section        0  d2f.o(.text)
    .text                                    0x08000614   Section        0  llshl.o(.text)
    .text                                    0x08000632   Section        0  llushr.o(.text)
    .text                                    0x08000652   Section        0  llsshr.o(.text)
    .text                                    0x08000676   Section        0  iusefp.o(.text)
    .text                                    0x08000676   Section        0  fepilogue.o(.text)
    .text                                    0x080006e4   Section        0  depilogue.o(.text)
    .text                                    0x080007a0   Section       36  init.o(.text)
    i.AirPump_Control                        0x080007c4   Section        0  endeffector_task.o(i.AirPump_Control)
    i.AngleCloseControlLoop5                 0x08000800   Section        0  mg4005v2_driver.o(i.AngleCloseControlLoop5)
    i.BusFault_Handler                       0x0800084c   Section        0  stm32f4xx_it.o(i.BusFault_Handler)
    i.CAN1_RX0_IRQHandler                    0x08000850   Section        0  stm32f4xx_it.o(i.CAN1_RX0_IRQHandler)
    i.CAN2_RX0_IRQHandler                    0x0800085c   Section        0  stm32f4xx_it.o(i.CAN2_RX0_IRQHandler)
    i.CAN_cmd_chassis                        0x08000868   Section        0  can_receive.o(i.CAN_cmd_chassis)
    i.CAN_cmd_gimbal                         0x080008b0   Section        0  can_receive.o(i.CAN_cmd_gimbal)
    i.Chassis_Init                           0x080008f8   Section        0  chassis_task.o(i.Chassis_Init)
    i.Chassis_WheatWheel_Solution            0x08000980   Section        0  chassis_task.o(i.Chassis_WheatWheel_Solution)
    i.DMA1_Stream1_IRQHandler                0x08000a64   Section        0  stm32f4xx_it.o(i.DMA1_Stream1_IRQHandler)
    i.DMA2_Stream1_IRQHandler                0x08000a70   Section        0  stm32f4xx_it.o(i.DMA2_Stream1_IRQHandler)
    i.DMA_CalcBaseAndBitshift                0x08000a7c   Section        0  stm32f4xx_hal_dma.o(i.DMA_CalcBaseAndBitshift)
    DMA_CalcBaseAndBitshift                  0x08000a7d   Thumb Code    34  stm32f4xx_hal_dma.o(i.DMA_CalcBaseAndBitshift)
    i.DMA_CheckFifoParam                     0x08000aa4   Section        0  stm32f4xx_hal_dma.o(i.DMA_CheckFifoParam)
    DMA_CheckFifoParam                       0x08000aa5   Thumb Code    84  stm32f4xx_hal_dma.o(i.DMA_CheckFifoParam)
    i.DMA_SetConfig                          0x08000af8   Section        0  stm32f4xx_hal_dma.o(i.DMA_SetConfig)
    DMA_SetConfig                            0x08000af9   Thumb Code    40  stm32f4xx_hal_dma.o(i.DMA_SetConfig)
    i.DebugMon_Handler                       0x08000b20   Section        0  stm32f4xx_it.o(i.DebugMon_Handler)
    i.Endeffector_Task                       0x08000b24   Section        0  endeffector_task.o(i.Endeffector_Task)
    i.Error_Handler                          0x08000ba8   Section        0  main.o(i.Error_Handler)
    i.Gimbal_Init                            0x08000bac   Section        0  gimbal_task.o(i.Gimbal_Init)
    i.Gimbal_Task                            0x08000c0c   Section        0  gimbal_task.o(i.Gimbal_Task)
    i.HAL_CAN_ActivateNotification           0x08000cf4   Section        0  stm32f4xx_hal_can.o(i.HAL_CAN_ActivateNotification)
    i.HAL_CAN_AddTxMessage                   0x08000d18   Section        0  stm32f4xx_hal_can.o(i.HAL_CAN_AddTxMessage)
    i.HAL_CAN_ConfigFilter                   0x08000de0   Section        0  stm32f4xx_hal_can.o(i.HAL_CAN_ConfigFilter)
    i.HAL_CAN_ErrorCallback                  0x08000eec   Section        0  stm32f4xx_hal_can.o(i.HAL_CAN_ErrorCallback)
    i.HAL_CAN_GetRxMessage                   0x08000eee   Section        0  stm32f4xx_hal_can.o(i.HAL_CAN_GetRxMessage)
    i.HAL_CAN_IRQHandler                     0x08000fd6   Section        0  stm32f4xx_hal_can.o(i.HAL_CAN_IRQHandler)
    i.HAL_CAN_Init                           0x080011d2   Section        0  stm32f4xx_hal_can.o(i.HAL_CAN_Init)
    i.HAL_CAN_MspInit                        0x080012ec   Section        0  can.o(i.HAL_CAN_MspInit)
    i.HAL_CAN_RxFifo0FullCallback            0x080013e8   Section        0  stm32f4xx_hal_can.o(i.HAL_CAN_RxFifo0FullCallback)
    i.HAL_CAN_RxFifo0MsgPendingCallback      0x080013ec   Section        0  can_receive.o(i.HAL_CAN_RxFifo0MsgPendingCallback)
    i.HAL_CAN_RxFifo1FullCallback            0x08001448   Section        0  stm32f4xx_hal_can.o(i.HAL_CAN_RxFifo1FullCallback)
    i.HAL_CAN_RxFifo1MsgPendingCallback      0x0800144a   Section        0  stm32f4xx_hal_can.o(i.HAL_CAN_RxFifo1MsgPendingCallback)
    i.HAL_CAN_SleepCallback                  0x0800144c   Section        0  stm32f4xx_hal_can.o(i.HAL_CAN_SleepCallback)
    i.HAL_CAN_Start                          0x08001450   Section        0  stm32f4xx_hal_can.o(i.HAL_CAN_Start)
    i.HAL_CAN_TxMailbox0AbortCallback        0x080014a8   Section        0  stm32f4xx_hal_can.o(i.HAL_CAN_TxMailbox0AbortCallback)
    i.HAL_CAN_TxMailbox0CompleteCallback     0x080014aa   Section        0  stm32f4xx_hal_can.o(i.HAL_CAN_TxMailbox0CompleteCallback)
    i.HAL_CAN_TxMailbox1AbortCallback        0x080014ac   Section        0  stm32f4xx_hal_can.o(i.HAL_CAN_TxMailbox1AbortCallback)
    i.HAL_CAN_TxMailbox1CompleteCallback     0x080014ae   Section        0  stm32f4xx_hal_can.o(i.HAL_CAN_TxMailbox1CompleteCallback)
    i.HAL_CAN_TxMailbox2AbortCallback        0x080014b0   Section        0  stm32f4xx_hal_can.o(i.HAL_CAN_TxMailbox2AbortCallback)
    i.HAL_CAN_TxMailbox2CompleteCallback     0x080014b2   Section        0  stm32f4xx_hal_can.o(i.HAL_CAN_TxMailbox2CompleteCallback)
    i.HAL_CAN_WakeUpFromRxMsgCallback        0x080014b4   Section        0  stm32f4xx_hal_can.o(i.HAL_CAN_WakeUpFromRxMsgCallback)
    i.HAL_DMA_Abort                          0x080014b6   Section        0  stm32f4xx_hal_dma.o(i.HAL_DMA_Abort)
    i.HAL_DMA_Abort_IT                       0x08001548   Section        0  stm32f4xx_hal_dma.o(i.HAL_DMA_Abort_IT)
    i.HAL_DMA_IRQHandler                     0x0800156c   Section        0  stm32f4xx_hal_dma.o(i.HAL_DMA_IRQHandler)
    i.HAL_DMA_Init                           0x0800170c   Section        0  stm32f4xx_hal_dma.o(i.HAL_DMA_Init)
    i.HAL_DMA_Start_IT                       0x080017e0   Section        0  stm32f4xx_hal_dma.o(i.HAL_DMA_Start_IT)
    i.HAL_GPIO_Init                          0x08001850   Section        0  stm32f4xx_hal_gpio.o(i.HAL_GPIO_Init)
    i.HAL_GPIO_WritePin                      0x08001a40   Section        0  stm32f4xx_hal_gpio.o(i.HAL_GPIO_WritePin)
    i.HAL_GetTick                            0x08001a4c   Section        0  stm32f4xx_hal.o(i.HAL_GetTick)
    i.HAL_IncTick                            0x08001a58   Section        0  stm32f4xx_hal.o(i.HAL_IncTick)
    i.HAL_Init                               0x08001a68   Section        0  stm32f4xx_hal.o(i.HAL_Init)
    i.HAL_InitTick                           0x08001a9c   Section        0  stm32f4xx_hal.o(i.HAL_InitTick)
    i.HAL_MspInit                            0x08001adc   Section        0  stm32f4xx_hal_msp.o(i.HAL_MspInit)
    i.HAL_NVIC_EnableIRQ                     0x08001b0c   Section        0  stm32f4xx_hal_cortex.o(i.HAL_NVIC_EnableIRQ)
    i.HAL_NVIC_SetPriority                   0x08001b28   Section        0  stm32f4xx_hal_cortex.o(i.HAL_NVIC_SetPriority)
    i.HAL_NVIC_SetPriorityGrouping           0x08001b68   Section        0  stm32f4xx_hal_cortex.o(i.HAL_NVIC_SetPriorityGrouping)
    i.HAL_RCC_ClockConfig                    0x08001b8c   Section        0  stm32f4xx_hal_rcc.o(i.HAL_RCC_ClockConfig)
    i.HAL_RCC_GetPCLK1Freq                   0x08001cc0   Section        0  stm32f4xx_hal_rcc.o(i.HAL_RCC_GetPCLK1Freq)
    i.HAL_RCC_GetPCLK2Freq                   0x08001ce0   Section        0  stm32f4xx_hal_rcc.o(i.HAL_RCC_GetPCLK2Freq)
    i.HAL_RCC_GetSysClockFreq                0x08001d00   Section        0  stm32f4xx_hal_rcc.o(i.HAL_RCC_GetSysClockFreq)
    i.HAL_RCC_OscConfig                      0x08001d64   Section        0  stm32f4xx_hal_rcc.o(i.HAL_RCC_OscConfig)
    i.HAL_SYSTICK_Config                     0x080020d0   Section        0  stm32f4xx_hal_cortex.o(i.HAL_SYSTICK_Config)
    i.HAL_TIMEx_BreakCallback                0x080020f8   Section        0  stm32f4xx_hal_tim_ex.o(i.HAL_TIMEx_BreakCallback)
    i.HAL_TIMEx_CommutCallback               0x080020fa   Section        0  stm32f4xx_hal_tim_ex.o(i.HAL_TIMEx_CommutCallback)
    i.HAL_TIMEx_MasterConfigSynchronization  0x080020fc   Section        0  stm32f4xx_hal_tim_ex.o(i.HAL_TIMEx_MasterConfigSynchronization)
    i.HAL_TIM_Base_Init                      0x0800218c   Section        0  stm32f4xx_hal_tim.o(i.HAL_TIM_Base_Init)
    i.HAL_TIM_Base_MspInit                   0x080021e8   Section        0  tim.o(i.HAL_TIM_Base_MspInit)
    i.HAL_TIM_Base_Start_IT                  0x08002220   Section        0  stm32f4xx_hal_tim.o(i.HAL_TIM_Base_Start_IT)
    i.HAL_TIM_ConfigClockSource              0x080022a0   Section        0  stm32f4xx_hal_tim.o(i.HAL_TIM_ConfigClockSource)
    i.HAL_TIM_IC_CaptureCallback             0x0800237c   Section        0  stm32f4xx_hal_tim.o(i.HAL_TIM_IC_CaptureCallback)
    i.HAL_TIM_IRQHandler                     0x0800237e   Section        0  stm32f4xx_hal_tim.o(i.HAL_TIM_IRQHandler)
    i.HAL_TIM_OC_DelayElapsedCallback        0x080024e4   Section        0  stm32f4xx_hal_tim.o(i.HAL_TIM_OC_DelayElapsedCallback)
    i.HAL_TIM_PWM_PulseFinishedCallback      0x080024e6   Section        0  stm32f4xx_hal_tim.o(i.HAL_TIM_PWM_PulseFinishedCallback)
    i.HAL_TIM_PeriodElapsedCallback          0x080024e8   Section        0  main.o(i.HAL_TIM_PeriodElapsedCallback)
    i.HAL_TIM_TriggerCallback                0x0800258c   Section        0  stm32f4xx_hal_tim.o(i.HAL_TIM_TriggerCallback)
    i.HAL_UARTEx_RxEventCallback             0x0800258e   Section        0  stm32f4xx_hal_uart.o(i.HAL_UARTEx_RxEventCallback)
    i.HAL_UART_DMAStop                       0x08002590   Section        0  stm32f4xx_hal_uart.o(i.HAL_UART_DMAStop)
    i.HAL_UART_ErrorCallback                 0x08002600   Section        0  stm32f4xx_hal_uart.o(i.HAL_UART_ErrorCallback)
    i.HAL_UART_IRQHandler                    0x08002604   Section        0  stm32f4xx_hal_uart.o(i.HAL_UART_IRQHandler)
    i.HAL_UART_Init                          0x0800286c   Section        0  stm32f4xx_hal_uart.o(i.HAL_UART_Init)
    i.HAL_UART_MspInit                       0x080028d0   Section        0  usart.o(i.HAL_UART_MspInit)
    i.HAL_UART_Receive_DMA                   0x08002a60   Section        0  stm32f4xx_hal_uart.o(i.HAL_UART_Receive_DMA)
    i.HAL_UART_RxCpltCallback                0x08002a8a   Section        0  stm32f4xx_hal_uart.o(i.HAL_UART_RxCpltCallback)
    i.HAL_UART_RxHalfCpltCallback            0x08002a8c   Section        0  stm32f4xx_hal_uart.o(i.HAL_UART_RxHalfCpltCallback)
    i.HAL_UART_Transmit                      0x08002a90   Section        0  stm32f4xx_hal_uart.o(i.HAL_UART_Transmit)
    i.HAL_UART_TxCpltCallback                0x08002b42   Section        0  stm32f4xx_hal_uart.o(i.HAL_UART_TxCpltCallback)
    i.HardFault_Handler                      0x08002b44   Section        0  stm32f4xx_it.o(i.HardFault_Handler)
    i.IDLE_IMU_Handler                       0x08002b48   Section        0  jy901.o(i.IDLE_IMU_Handler)
    i.IDLE_RC_Handler                        0x08002b94   Section        0  rc_receive.o(i.IDLE_RC_Handler)
    i.JY901_Init                             0x08002be0   Section        0  jy901.o(i.JY901_Init)
    i.JY901_Process                          0x08002c14   Section        0  jy901.o(i.JY901_Process)
    i.M3508_GetBasicData                     0x08002e28   Section        0  3508_driver.o(i.M3508_GetBasicData)
    i.M3508_Init                             0x08002ec8   Section        0  3508_driver.o(i.M3508_Init)
    i.M3508_SpeedLoopPIDController           0x08002fc4   Section        0  3508_driver.o(i.M3508_SpeedLoopPIDController)
    i.M3508_SpeedSyncPIDController           0x08003092   Section        0  3508_driver.o(i.M3508_SpeedSyncPIDController)
    i.MX_CAN1_Init                           0x08003160   Section        0  can.o(i.MX_CAN1_Init)
    i.MX_CAN2_Init                           0x080031a4   Section        0  can.o(i.MX_CAN2_Init)
    i.MX_DMA_Init                            0x080031e8   Section        0  dma.o(i.MX_DMA_Init)
    i.MX_GPIO_Init                           0x08003234   Section        0  gpio.o(i.MX_GPIO_Init)
    i.MX_TIM2_Init                           0x08003318   Section        0  tim.o(i.MX_TIM2_Init)
    i.MX_USART1_UART_Init                    0x0800337c   Section        0  usart.o(i.MX_USART1_UART_Init)
    i.MX_USART3_UART_Init                    0x080033b8   Section        0  usart.o(i.MX_USART3_UART_Init)
    i.MX_USART6_UART_Init                    0x080033fc   Section        0  usart.o(i.MX_USART6_UART_Init)
    i.MemManage_Handler                      0x08003434   Section        0  stm32f4xx_it.o(i.MemManage_Handler)
    i.NMI_Handler                            0x08003436   Section        0  stm32f4xx_it.o(i.NMI_Handler)
    i.PID_init                               0x08003438   Section        0  pid.o(i.PID_init)
    i.PendSV_Handler                         0x08003498   Section        0  stm32f4xx_it.o(i.PendSV_Handler)
    i.RC_Receive                             0x0800349c   Section        0  rc_receive.o(i.RC_Receive)
    i.RC_Receive_Init                        0x0800361c   Section        0  rc_receive.o(i.RC_Receive_Init)
    i.SERVO_Send_recv                        0x08003650   Section        0  go-m8010-6.o(i.SERVO_Send_recv)
    i.SVC_Handler                            0x08003688   Section        0  stm32f4xx_it.o(i.SVC_Handler)
    i.SolenoidValve_Control                  0x0800368c   Section        0  endeffector_task.o(i.SolenoidValve_Control)
    i.SysTick_Handler                        0x080036ac   Section        0  stm32f4xx_it.o(i.SysTick_Handler)
    i.SystemClock_Config                     0x080036b0   Section        0  main.o(i.SystemClock_Config)
    i.SystemInit                             0x08003734   Section        0  system_stm32f4xx.o(i.SystemInit)
    i.TIM2_IRQHandler                        0x08003750   Section        0  stm32f4xx_it.o(i.TIM2_IRQHandler)
    i.TIM_Base_SetConfig                     0x0800375c   Section        0  stm32f4xx_hal_tim.o(i.TIM_Base_SetConfig)
    i.TIM_ETR_SetConfig                      0x08003824   Section        0  stm32f4xx_hal_tim.o(i.TIM_ETR_SetConfig)
    i.TIM_ITRx_SetConfig                     0x08003838   Section        0  stm32f4xx_hal_tim.o(i.TIM_ITRx_SetConfig)
    TIM_ITRx_SetConfig                       0x08003839   Thumb Code    16  stm32f4xx_hal_tim.o(i.TIM_ITRx_SetConfig)
    i.TIM_TI1_ConfigInputStage               0x08003848   Section        0  stm32f4xx_hal_tim.o(i.TIM_TI1_ConfigInputStage)
    TIM_TI1_ConfigInputStage                 0x08003849   Thumb Code    34  stm32f4xx_hal_tim.o(i.TIM_TI1_ConfigInputStage)
    i.TIM_TI2_ConfigInputStage               0x0800386a   Section        0  stm32f4xx_hal_tim.o(i.TIM_TI2_ConfigInputStage)
    TIM_TI2_ConfigInputStage                 0x0800386b   Thumb Code    36  stm32f4xx_hal_tim.o(i.TIM_TI2_ConfigInputStage)
    i.UART_DMAAbortOnError                   0x0800388e   Section        0  stm32f4xx_hal_uart.o(i.UART_DMAAbortOnError)
    UART_DMAAbortOnError                     0x0800388f   Thumb Code    16  stm32f4xx_hal_uart.o(i.UART_DMAAbortOnError)
    i.UART_DMAError                          0x0800389e   Section        0  stm32f4xx_hal_uart.o(i.UART_DMAError)
    UART_DMAError                            0x0800389f   Thumb Code    74  stm32f4xx_hal_uart.o(i.UART_DMAError)
    i.UART_DMAReceiveCplt                    0x080038e8   Section        0  stm32f4xx_hal_uart.o(i.UART_DMAReceiveCplt)
    UART_DMAReceiveCplt                      0x080038e9   Thumb Code   130  stm32f4xx_hal_uart.o(i.UART_DMAReceiveCplt)
    i.UART_DMARxHalfCplt                     0x0800396a   Section        0  stm32f4xx_hal_uart.o(i.UART_DMARxHalfCplt)
    UART_DMARxHalfCplt                       0x0800396b   Thumb Code    26  stm32f4xx_hal_uart.o(i.UART_DMARxHalfCplt)
    i.UART_EndRxTransfer                     0x08003984   Section        0  stm32f4xx_hal_uart.o(i.UART_EndRxTransfer)
    UART_EndRxTransfer                       0x08003985   Thumb Code    78  stm32f4xx_hal_uart.o(i.UART_EndRxTransfer)
    i.UART_EndTxTransfer                     0x080039d2   Section        0  stm32f4xx_hal_uart.o(i.UART_EndTxTransfer)
    UART_EndTxTransfer                       0x080039d3   Thumb Code    28  stm32f4xx_hal_uart.o(i.UART_EndTxTransfer)
    i.UART_Receive_IT                        0x080039ee   Section        0  stm32f4xx_hal_uart.o(i.UART_Receive_IT)
    UART_Receive_IT                          0x080039ef   Thumb Code   192  stm32f4xx_hal_uart.o(i.UART_Receive_IT)
    i.UART_SetConfig                         0x08003ab0   Section        0  stm32f4xx_hal_uart.o(i.UART_SetConfig)
    UART_SetConfig                           0x08003ab1   Thumb Code   258  stm32f4xx_hal_uart.o(i.UART_SetConfig)
    i.UART_Start_Receive_DMA                 0x08003bbc   Section        0  stm32f4xx_hal_uart.o(i.UART_Start_Receive_DMA)
    i.UART_WaitOnFlagUntilTimeout            0x08003c50   Section        0  stm32f4xx_hal_uart.o(i.UART_WaitOnFlagUntilTimeout)
    UART_WaitOnFlagUntilTimeout              0x08003c51   Thumb Code   120  stm32f4xx_hal_uart.o(i.UART_WaitOnFlagUntilTimeout)
    i.USART3_IRQHandler                      0x08003cc8   Section        0  stm32f4xx_it.o(i.USART3_IRQHandler)
    i.USART6_IRQHandler                      0x08003cdc   Section        0  stm32f4xx_it.o(i.USART6_IRQHandler)
    i.UsageFault_Handler                     0x08003cf0   Section        0  stm32f4xx_it.o(i.UsageFault_Handler)
    i.User_USART_Init                        0x08003cf2   Section        0  jy901.o(i.User_USART_Init)
    i.__NVIC_SetPriority                     0x08003d12   Section        0  stm32f4xx_hal_cortex.o(i.__NVIC_SetPriority)
    __NVIC_SetPriority                       0x08003d13   Thumb Code    32  stm32f4xx_hal_cortex.o(i.__NVIC_SetPriority)
    i.__scatterload_copy                     0x08003d32   Section       14  handlers.o(i.__scatterload_copy)
    i.__scatterload_null                     0x08003d40   Section        2  handlers.o(i.__scatterload_null)
    i.__scatterload_zeroinit                 0x08003d42   Section       14  handlers.o(i.__scatterload_zeroinit)
    i.can_filter_init                        0x08003d50   Section        0  bsp_can.o(i.can_filter_init)
    i.crc_ccitt                              0x08003da8   Section        0  go-m8010-6.o(i.crc_ccitt)
    crc_ccitt                                0x08003da9   Thumb Code    30  go-m8010-6.o(i.crc_ccitt)
    i.get_chassis_motor_measure_point        0x08003dcc   Section        0  can_receive.o(i.get_chassis_motor_measure_point)
    i.get_gimbal_motor_measure_point         0x08003de0   Section        0  can_receive.o(i.get_gimbal_motor_measure_point)
    i.main                                   0x08003df4   Section        0  main.o(i.main)
    i.modify_data                            0x08003e3c   Section        0  go-m8010-6.o(i.modify_data)
    .constdata                               0x08003fe0   Section       16  system_stm32f4xx.o(.constdata)
    .constdata                               0x08003ff0   Section        8  system_stm32f4xx.o(.constdata)
    .constdata                               0x08003ff8   Section      512  go-m8010-6.o(.constdata)
    .constdata                               0x080041f8   Section       12  chassis_task.o(.constdata)
    .constdata                               0x08004204   Section        8  stm32f4xx_hal_dma.o(.constdata)
    flagBitshiftOffset                       0x08004204   Data           8  stm32f4xx_hal_dma.o(.constdata)
    .data                                    0x20000000   Section        8  main.o(.data)
    task_tim                                 0x20000004   Data           4  main.o(.data)
    .data                                    0x20000008   Section        4  can.o(.data)
    HAL_RCC_CAN1_CLK_ENABLED                 0x20000008   Data           4  can.o(.data)
    .data                                    0x2000000c   Section        4  system_stm32f4xx.o(.data)
    .data                                    0x20000010   Section       17  can_receive.o(.data)
    i                                        0x20000010   Data           1  can_receive.o(.data)
    gimbal_can_send_data                     0x20000011   Data           8  can_receive.o(.data)
    chassis_can_send_data                    0x20000019   Data           8  can_receive.o(.data)
    .data                                    0x20000021   Section        8  mg4005v2_driver.o(.data)
    .data                                    0x2000002c   Section       64  jy901.o(.data)
    last_angle                               0x2000002c   Data           4  jy901.o(.data)
    temp                                     0x20000030   Data           4  jy901.o(.data)
    .data                                    0x2000006c   Section        3  rc_task.o(.data)
    chassis_mode                             0x2000006c   Data           1  rc_task.o(.data)
    solenoid_valve_mode                      0x2000006d   Data           1  rc_task.o(.data)
    .data                                    0x20000070   Section        2  gimbal_task.o(.data)
    .data                                    0x20000074   Section       12  stm32f4xx_hal.o(.data)
    .bss                                     0x20000080   Section       80  can.o(.bss)
    .bss                                     0x200000d0   Section       72  tim.o(.bss)
    .bss                                     0x20000118   Section      396  usart.o(.bss)
    .bss                                     0x200002a4   Section      128  can_receive.o(.bss)
    gimbal_tx_message                        0x200002f4   Data          24  can_receive.o(.bss)
    chassis_tx_message                       0x2000030c   Data          24  can_receive.o(.bss)
    .bss                                     0x20000324   Section       50  rc_receive.o(.bss)
    .bss                                     0x20000358   Section       24  mg4005v2_driver.o(.bss)
    .bss                                     0x20000370   Section      124  jy901.o(.bss)
    .bss                                     0x200003f0   Section     1156  chassis_task.o(.bss)
    .bss                                     0x20000878   Section     1132  gimbal_task.o(.bss)
    .bss                                     0x20000ce8   Section      256  endeffector_task.o(.bss)
    STACK                                    0x20000de8   Section     1024  startup_stm32f407xx.o(STACK)

    Global Symbols

    Symbol Name                              Value     Ov Type        Size  Object(Section)

    BuildAttributes$$THM_ISAv4$E$P$D$K$B$S$7EM$VFPi3$EXTD16$VFPS$VFMA$PE$A:L22UL41UL21$X:L11$S22US41US21$IEEE1$IW$USESV6$~STKCKD$USESV7$~SHL$OTIME$ROPI$EBA8$MICROLIB$REQ8$PRES8$EABIv2 0x00000000   Number         0  anon$$obj.o ABSOLUTE
    __ARM_use_no_argv                        0x00000000   Number         0  main.o ABSOLUTE
    _printf_a                                0x00000000   Number         0  stubs.o ABSOLUTE
    _printf_c                                0x00000000   Number         0  stubs.o ABSOLUTE
    _printf_charcount                        0x00000000   Number         0  stubs.o ABSOLUTE
    _printf_d                                0x00000000   Number         0  stubs.o ABSOLUTE
    _printf_e                                0x00000000   Number         0  stubs.o ABSOLUTE
    _printf_f                                0x00000000   Number         0  stubs.o ABSOLUTE
    _printf_flags                            0x00000000   Number         0  stubs.o ABSOLUTE
    _printf_fp_dec                           0x00000000   Number         0  stubs.o ABSOLUTE
    _printf_fp_hex                           0x00000000   Number         0  stubs.o ABSOLUTE
    _printf_g                                0x00000000   Number         0  stubs.o ABSOLUTE
    _printf_i                                0x00000000   Number         0  stubs.o ABSOLUTE
    _printf_int_dec                          0x00000000   Number         0  stubs.o ABSOLUTE
    _printf_l                                0x00000000   Number         0  stubs.o ABSOLUTE
    _printf_lc                               0x00000000   Number         0  stubs.o ABSOLUTE
    _printf_ll                               0x00000000   Number         0  stubs.o ABSOLUTE
    _printf_lld                              0x00000000   Number         0  stubs.o ABSOLUTE
    _printf_lli                              0x00000000   Number         0  stubs.o ABSOLUTE
    _printf_llo                              0x00000000   Number         0  stubs.o ABSOLUTE
    _printf_llu                              0x00000000   Number         0  stubs.o ABSOLUTE
    _printf_llx                              0x00000000   Number         0  stubs.o ABSOLUTE
    _printf_longlong_dec                     0x00000000   Number         0  stubs.o ABSOLUTE
    _printf_longlong_hex                     0x00000000   Number         0  stubs.o ABSOLUTE
    _printf_longlong_oct                     0x00000000   Number         0  stubs.o ABSOLUTE
    _printf_ls                               0x00000000   Number         0  stubs.o ABSOLUTE
    _printf_mbtowc                           0x00000000   Number         0  stubs.o ABSOLUTE
    _printf_n                                0x00000000   Number         0  stubs.o ABSOLUTE
    _printf_o                                0x00000000   Number         0  stubs.o ABSOLUTE
    _printf_p                                0x00000000   Number         0  stubs.o ABSOLUTE
    _printf_percent                          0x00000000   Number         0  stubs.o ABSOLUTE
    _printf_pre_padding                      0x00000000   Number         0  stubs.o ABSOLUTE
    _printf_return_value                     0x00000000   Number         0  stubs.o ABSOLUTE
    _printf_s                                0x00000000   Number         0  stubs.o ABSOLUTE
    _printf_sizespec                         0x00000000   Number         0  stubs.o ABSOLUTE
    _printf_str                              0x00000000   Number         0  stubs.o ABSOLUTE
    _printf_truncate_signed                  0x00000000   Number         0  stubs.o ABSOLUTE
    _printf_truncate_unsigned                0x00000000   Number         0  stubs.o ABSOLUTE
    _printf_u                                0x00000000   Number         0  stubs.o ABSOLUTE
    _printf_wc                               0x00000000   Number         0  stubs.o ABSOLUTE
    _printf_wctomb                           0x00000000   Number         0  stubs.o ABSOLUTE
    _printf_widthprec                        0x00000000   Number         0  stubs.o ABSOLUTE
    _printf_x                                0x00000000   Number         0  stubs.o ABSOLUTE
    __cpp_initialize__aeabi_                  - Undefined Weak Reference
    __cxa_finalize                            - Undefined Weak Reference
    __decompress                              - Undefined Weak Reference
    _clock_init                               - Undefined Weak Reference
    _microlib_exit                            - Undefined Weak Reference
    __Vectors_Size                           0x00000188   Number         0  startup_stm32f407xx.o ABSOLUTE
    __Vectors                                0x08000000   Data           4  startup_stm32f407xx.o(RESET)
    __Vectors_End                            0x08000188   Data           0  startup_stm32f407xx.o(RESET)
    __main                                   0x08000189   Thumb Code     0  entry.o(.ARM.Collect$$$$00000000)
    _main_stk                                0x08000189   Thumb Code     0  entry2.o(.ARM.Collect$$$$00000001)
    _main_scatterload                        0x0800018d   Thumb Code     0  entry5.o(.ARM.Collect$$$$00000004)
    __main_after_scatterload                 0x08000191   Thumb Code     0  entry5.o(.ARM.Collect$$$$00000004)
    _main_clock                              0x08000191   Thumb Code     0  entry7b.o(.ARM.Collect$$$$00000008)
    _main_cpp_init                           0x08000191   Thumb Code     0  entry8b.o(.ARM.Collect$$$$0000000A)
    _main_init                               0x08000191   Thumb Code     0  entry9a.o(.ARM.Collect$$$$0000000B)
    __rt_final_cpp                           0x08000199   Thumb Code     0  entry10a.o(.ARM.Collect$$$$0000000D)
    __rt_final_exit                          0x08000199   Thumb Code     0  entry11a.o(.ARM.Collect$$$$0000000F)
    Reset_Handler                            0x0800019d   Thumb Code     8  startup_stm32f407xx.o(.text)
    ADC_IRQHandler                           0x080001b7   Thumb Code     0  startup_stm32f407xx.o(.text)
    CAN1_RX1_IRQHandler                      0x080001b7   Thumb Code     0  startup_stm32f407xx.o(.text)
    CAN1_SCE_IRQHandler                      0x080001b7   Thumb Code     0  startup_stm32f407xx.o(.text)
    CAN1_TX_IRQHandler                       0x080001b7   Thumb Code     0  startup_stm32f407xx.o(.text)
    CAN2_RX1_IRQHandler                      0x080001b7   Thumb Code     0  startup_stm32f407xx.o(.text)
    CAN2_SCE_IRQHandler                      0x080001b7   Thumb Code     0  startup_stm32f407xx.o(.text)
    CAN2_TX_IRQHandler                       0x080001b7   Thumb Code     0  startup_stm32f407xx.o(.text)
    DCMI_IRQHandler                          0x080001b7   Thumb Code     0  startup_stm32f407xx.o(.text)
    DMA1_Stream0_IRQHandler                  0x080001b7   Thumb Code     0  startup_stm32f407xx.o(.text)
    DMA1_Stream2_IRQHandler                  0x080001b7   Thumb Code     0  startup_stm32f407xx.o(.text)
    DMA1_Stream3_IRQHandler                  0x080001b7   Thumb Code     0  startup_stm32f407xx.o(.text)
    DMA1_Stream4_IRQHandler                  0x080001b7   Thumb Code     0  startup_stm32f407xx.o(.text)
    DMA1_Stream5_IRQHandler                  0x080001b7   Thumb Code     0  startup_stm32f407xx.o(.text)
    DMA1_Stream6_IRQHandler                  0x080001b7   Thumb Code     0  startup_stm32f407xx.o(.text)
    DMA1_Stream7_IRQHandler                  0x080001b7   Thumb Code     0  startup_stm32f407xx.o(.text)
    DMA2_Stream0_IRQHandler                  0x080001b7   Thumb Code     0  startup_stm32f407xx.o(.text)
    DMA2_Stream2_IRQHandler                  0x080001b7   Thumb Code     0  startup_stm32f407xx.o(.text)
    DMA2_Stream3_IRQHandler                  0x080001b7   Thumb Code     0  startup_stm32f407xx.o(.text)
    DMA2_Stream4_IRQHandler                  0x080001b7   Thumb Code     0  startup_stm32f407xx.o(.text)
    DMA2_Stream5_IRQHandler                  0x080001b7   Thumb Code     0  startup_stm32f407xx.o(.text)
    DMA2_Stream6_IRQHandler                  0x080001b7   Thumb Code     0  startup_stm32f407xx.o(.text)
    DMA2_Stream7_IRQHandler                  0x080001b7   Thumb Code     0  startup_stm32f407xx.o(.text)
    ETH_IRQHandler                           0x080001b7   Thumb Code     0  startup_stm32f407xx.o(.text)
    ETH_WKUP_IRQHandler                      0x080001b7   Thumb Code     0  startup_stm32f407xx.o(.text)
    EXTI0_IRQHandler                         0x080001b7   Thumb Code     0  startup_stm32f407xx.o(.text)
    EXTI15_10_IRQHandler                     0x080001b7   Thumb Code     0  startup_stm32f407xx.o(.text)
    EXTI1_IRQHandler                         0x080001b7   Thumb Code     0  startup_stm32f407xx.o(.text)
    EXTI2_IRQHandler                         0x080001b7   Thumb Code     0  startup_stm32f407xx.o(.text)
    EXTI3_IRQHandler                         0x080001b7   Thumb Code     0  startup_stm32f407xx.o(.text)
    EXTI4_IRQHandler                         0x080001b7   Thumb Code     0  startup_stm32f407xx.o(.text)
    EXTI9_5_IRQHandler                       0x080001b7   Thumb Code     0  startup_stm32f407xx.o(.text)
    FLASH_IRQHandler                         0x080001b7   Thumb Code     0  startup_stm32f407xx.o(.text)
    FMC_IRQHandler                           0x080001b7   Thumb Code     0  startup_stm32f407xx.o(.text)
    FPU_IRQHandler                           0x080001b7   Thumb Code     0  startup_stm32f407xx.o(.text)
    HASH_RNG_IRQHandler                      0x080001b7   Thumb Code     0  startup_stm32f407xx.o(.text)
    I2C1_ER_IRQHandler                       0x080001b7   Thumb Code     0  startup_stm32f407xx.o(.text)
    I2C1_EV_IRQHandler                       0x080001b7   Thumb Code     0  startup_stm32f407xx.o(.text)
    I2C2_ER_IRQHandler                       0x080001b7   Thumb Code     0  startup_stm32f407xx.o(.text)
    I2C2_EV_IRQHandler                       0x080001b7   Thumb Code     0  startup_stm32f407xx.o(.text)
    I2C3_ER_IRQHandler                       0x080001b7   Thumb Code     0  startup_stm32f407xx.o(.text)
    I2C3_EV_IRQHandler                       0x080001b7   Thumb Code     0  startup_stm32f407xx.o(.text)
    OTG_FS_IRQHandler                        0x080001b7   Thumb Code     0  startup_stm32f407xx.o(.text)
    OTG_FS_WKUP_IRQHandler                   0x080001b7   Thumb Code     0  startup_stm32f407xx.o(.text)
    OTG_HS_EP1_IN_IRQHandler                 0x080001b7   Thumb Code     0  startup_stm32f407xx.o(.text)
    OTG_HS_EP1_OUT_IRQHandler                0x080001b7   Thumb Code     0  startup_stm32f407xx.o(.text)
    OTG_HS_IRQHandler                        0x080001b7   Thumb Code     0  startup_stm32f407xx.o(.text)
    OTG_HS_WKUP_IRQHandler                   0x080001b7   Thumb Code     0  startup_stm32f407xx.o(.text)
    PVD_IRQHandler                           0x080001b7   Thumb Code     0  startup_stm32f407xx.o(.text)
    RCC_IRQHandler                           0x080001b7   Thumb Code     0  startup_stm32f407xx.o(.text)
    RTC_Alarm_IRQHandler                     0x080001b7   Thumb Code     0  startup_stm32f407xx.o(.text)
    RTC_WKUP_IRQHandler                      0x080001b7   Thumb Code     0  startup_stm32f407xx.o(.text)
    SDIO_IRQHandler                          0x080001b7   Thumb Code     0  startup_stm32f407xx.o(.text)
    SPI1_IRQHandler                          0x080001b7   Thumb Code     0  startup_stm32f407xx.o(.text)
    SPI2_IRQHandler                          0x080001b7   Thumb Code     0  startup_stm32f407xx.o(.text)
    SPI3_IRQHandler                          0x080001b7   Thumb Code     0  startup_stm32f407xx.o(.text)
    TAMP_STAMP_IRQHandler                    0x080001b7   Thumb Code     0  startup_stm32f407xx.o(.text)
    TIM1_BRK_TIM9_IRQHandler                 0x080001b7   Thumb Code     0  startup_stm32f407xx.o(.text)
    TIM1_CC_IRQHandler                       0x080001b7   Thumb Code     0  startup_stm32f407xx.o(.text)
    TIM1_TRG_COM_TIM11_IRQHandler            0x080001b7   Thumb Code     0  startup_stm32f407xx.o(.text)
    TIM1_UP_TIM10_IRQHandler                 0x080001b7   Thumb Code     0  startup_stm32f407xx.o(.text)
    TIM3_IRQHandler                          0x080001b7   Thumb Code     0  startup_stm32f407xx.o(.text)
    TIM4_IRQHandler                          0x080001b7   Thumb Code     0  startup_stm32f407xx.o(.text)
    TIM5_IRQHandler                          0x080001b7   Thumb Code     0  startup_stm32f407xx.o(.text)
    TIM6_DAC_IRQHandler                      0x080001b7   Thumb Code     0  startup_stm32f407xx.o(.text)
    TIM7_IRQHandler                          0x080001b7   Thumb Code     0  startup_stm32f407xx.o(.text)
    TIM8_BRK_TIM12_IRQHandler                0x080001b7   Thumb Code     0  startup_stm32f407xx.o(.text)
    TIM8_CC_IRQHandler                       0x080001b7   Thumb Code     0  startup_stm32f407xx.o(.text)
    TIM8_TRG_COM_TIM14_IRQHandler            0x080001b7   Thumb Code     0  startup_stm32f407xx.o(.text)
    TIM8_UP_TIM13_IRQHandler                 0x080001b7   Thumb Code     0  startup_stm32f407xx.o(.text)
    UART4_IRQHandler                         0x080001b7   Thumb Code     0  startup_stm32f407xx.o(.text)
    UART5_IRQHandler                         0x080001b7   Thumb Code     0  startup_stm32f407xx.o(.text)
    USART1_IRQHandler                        0x080001b7   Thumb Code     0  startup_stm32f407xx.o(.text)
    USART2_IRQHandler                        0x080001b7   Thumb Code     0  startup_stm32f407xx.o(.text)
    WWDG_IRQHandler                          0x080001b7   Thumb Code     0  startup_stm32f407xx.o(.text)
    __aeabi_uldivmod                         0x080001c1   Thumb Code    98  uldiv.o(.text)
    __aeabi_memset                           0x08000223   Thumb Code    14  memseta.o(.text)
    __aeabi_memset4                          0x08000223   Thumb Code     0  memseta.o(.text)
    __aeabi_memset8                          0x08000223   Thumb Code     0  memseta.o(.text)
    __aeabi_memclr                           0x08000231   Thumb Code     4  memseta.o(.text)
    __aeabi_memclr4                          0x08000231   Thumb Code     0  memseta.o(.text)
    __aeabi_memclr8                          0x08000231   Thumb Code     0  memseta.o(.text)
    _memset$wrapper                          0x08000235   Thumb Code    18  memseta.o(.text)
    __aeabi_dadd                             0x08000247   Thumb Code   322  dadd.o(.text)
    __aeabi_dsub                             0x08000389   Thumb Code     6  dadd.o(.text)
    __aeabi_drsub                            0x0800038f   Thumb Code     6  dadd.o(.text)
    __aeabi_dmul                             0x08000395   Thumb Code   228  dmul.o(.text)
    __aeabi_ddiv                             0x08000479   Thumb Code   222  ddiv.o(.text)
    __aeabi_i2d                              0x08000557   Thumb Code    34  dflti.o(.text)
    __aeabi_d2iz                             0x08000579   Thumb Code    62  dfixi.o(.text)
    __aeabi_f2d                              0x080005b7   Thumb Code    38  f2d.o(.text)
    __aeabi_d2f                              0x080005dd   Thumb Code    56  d2f.o(.text)
    __aeabi_llsl                             0x08000615   Thumb Code    30  llshl.o(.text)
    _ll_shift_l                              0x08000615   Thumb Code     0  llshl.o(.text)
    __aeabi_llsr                             0x08000633   Thumb Code    32  llushr.o(.text)
    _ll_ushift_r                             0x08000633   Thumb Code     0  llushr.o(.text)
    __aeabi_lasr                             0x08000653   Thumb Code    36  llsshr.o(.text)
    _ll_sshift_r                             0x08000653   Thumb Code     0  llsshr.o(.text)
    __I$use$fp                               0x08000677   Thumb Code     0  iusefp.o(.text)
    _float_round                             0x08000677   Thumb Code    18  fepilogue.o(.text)
    _float_epilogue                          0x08000689   Thumb Code    92  fepilogue.o(.text)
    _double_round                            0x080006e5   Thumb Code    30  depilogue.o(.text)
    _double_epilogue                         0x08000703   Thumb Code   156  depilogue.o(.text)
    __scatterload                            0x080007a1   Thumb Code    28  init.o(.text)
    __scatterload_rt2                        0x080007a1   Thumb Code     0  init.o(.text)
    AirPump_Control                          0x080007c5   Thumb Code    52  endeffector_task.o(i.AirPump_Control)
    AngleCloseControlLoop5                   0x08000801   Thumb Code    62  mg4005v2_driver.o(i.AngleCloseControlLoop5)
    BusFault_Handler                         0x0800084d   Thumb Code     2  stm32f4xx_it.o(i.BusFault_Handler)
    CAN1_RX0_IRQHandler                      0x08000851   Thumb Code     6  stm32f4xx_it.o(i.CAN1_RX0_IRQHandler)
    CAN2_RX0_IRQHandler                      0x0800085d   Thumb Code     6  stm32f4xx_it.o(i.CAN2_RX0_IRQHandler)
    CAN_cmd_chassis                          0x08000869   Thumb Code    60  can_receive.o(i.CAN_cmd_chassis)
    CAN_cmd_gimbal                           0x080008b1   Thumb Code    60  can_receive.o(i.CAN_cmd_gimbal)
    Chassis_Init                             0x080008f9   Thumb Code   102  chassis_task.o(i.Chassis_Init)
    Chassis_WheatWheel_Solution              0x08000981   Thumb Code   210  chassis_task.o(i.Chassis_WheatWheel_Solution)
    DMA1_Stream1_IRQHandler                  0x08000a65   Thumb Code     6  stm32f4xx_it.o(i.DMA1_Stream1_IRQHandler)
    DMA2_Stream1_IRQHandler                  0x08000a71   Thumb Code     6  stm32f4xx_it.o(i.DMA2_Stream1_IRQHandler)
    DebugMon_Handler                         0x08000b21   Thumb Code     2  stm32f4xx_it.o(i.DebugMon_Handler)
    Endeffector_Task                         0x08000b25   Thumb Code   120  endeffector_task.o(i.Endeffector_Task)
    Error_Handler                            0x08000ba9   Thumb Code     2  main.o(i.Error_Handler)
    Gimbal_Init                              0x08000bad   Thumb Code    70  gimbal_task.o(i.Gimbal_Init)
    Gimbal_Task                              0x08000c0d   Thumb Code   208  gimbal_task.o(i.Gimbal_Task)
    HAL_CAN_ActivateNotification             0x08000cf5   Thumb Code    36  stm32f4xx_hal_can.o(i.HAL_CAN_ActivateNotification)
    HAL_CAN_AddTxMessage                     0x08000d19   Thumb Code   200  stm32f4xx_hal_can.o(i.HAL_CAN_AddTxMessage)
    HAL_CAN_ConfigFilter                     0x08000de1   Thumb Code   262  stm32f4xx_hal_can.o(i.HAL_CAN_ConfigFilter)
    HAL_CAN_ErrorCallback                    0x08000eed   Thumb Code     2  stm32f4xx_hal_can.o(i.HAL_CAN_ErrorCallback)
    HAL_CAN_GetRxMessage                     0x08000eef   Thumb Code   232  stm32f4xx_hal_can.o(i.HAL_CAN_GetRxMessage)
    HAL_CAN_IRQHandler                       0x08000fd7   Thumb Code   508  stm32f4xx_hal_can.o(i.HAL_CAN_IRQHandler)
    HAL_CAN_Init                             0x080011d3   Thumb Code   282  stm32f4xx_hal_can.o(i.HAL_CAN_Init)
    HAL_CAN_MspInit                          0x080012ed   Thumb Code   226  can.o(i.HAL_CAN_MspInit)
    HAL_CAN_RxFifo0FullCallback              0x080013e9   Thumb Code     2  stm32f4xx_hal_can.o(i.HAL_CAN_RxFifo0FullCallback)
    HAL_CAN_RxFifo0MsgPendingCallback        0x080013ed   Thumb Code    82  can_receive.o(i.HAL_CAN_RxFifo0MsgPendingCallback)
    HAL_CAN_RxFifo1FullCallback              0x08001449   Thumb Code     2  stm32f4xx_hal_can.o(i.HAL_CAN_RxFifo1FullCallback)
    HAL_CAN_RxFifo1MsgPendingCallback        0x0800144b   Thumb Code     2  stm32f4xx_hal_can.o(i.HAL_CAN_RxFifo1MsgPendingCallback)
    HAL_CAN_SleepCallback                    0x0800144d   Thumb Code     2  stm32f4xx_hal_can.o(i.HAL_CAN_SleepCallback)
    HAL_CAN_Start                            0x08001451   Thumb Code    88  stm32f4xx_hal_can.o(i.HAL_CAN_Start)
    HAL_CAN_TxMailbox0AbortCallback          0x080014a9   Thumb Code     2  stm32f4xx_hal_can.o(i.HAL_CAN_TxMailbox0AbortCallback)
    HAL_CAN_TxMailbox0CompleteCallback       0x080014ab   Thumb Code     2  stm32f4xx_hal_can.o(i.HAL_CAN_TxMailbox0CompleteCallback)
    HAL_CAN_TxMailbox1AbortCallback          0x080014ad   Thumb Code     2  stm32f4xx_hal_can.o(i.HAL_CAN_TxMailbox1AbortCallback)
    HAL_CAN_TxMailbox1CompleteCallback       0x080014af   Thumb Code     2  stm32f4xx_hal_can.o(i.HAL_CAN_TxMailbox1CompleteCallback)
    HAL_CAN_TxMailbox2AbortCallback          0x080014b1   Thumb Code     2  stm32f4xx_hal_can.o(i.HAL_CAN_TxMailbox2AbortCallback)
    HAL_CAN_TxMailbox2CompleteCallback       0x080014b3   Thumb Code     2  stm32f4xx_hal_can.o(i.HAL_CAN_TxMailbox2CompleteCallback)
    HAL_CAN_WakeUpFromRxMsgCallback          0x080014b5   Thumb Code     2  stm32f4xx_hal_can.o(i.HAL_CAN_WakeUpFromRxMsgCallback)
    HAL_DMA_Abort                            0x080014b7   Thumb Code   146  stm32f4xx_hal_dma.o(i.HAL_DMA_Abort)
    HAL_DMA_Abort_IT                         0x08001549   Thumb Code    36  stm32f4xx_hal_dma.o(i.HAL_DMA_Abort_IT)
    HAL_DMA_IRQHandler                       0x0800156d   Thumb Code   412  stm32f4xx_hal_dma.o(i.HAL_DMA_IRQHandler)
    HAL_DMA_Init                             0x0800170d   Thumb Code   206  stm32f4xx_hal_dma.o(i.HAL_DMA_Init)
    HAL_DMA_Start_IT                         0x080017e1   Thumb Code   110  stm32f4xx_hal_dma.o(i.HAL_DMA_Start_IT)
    HAL_GPIO_Init                            0x08001851   Thumb Code   450  stm32f4xx_hal_gpio.o(i.HAL_GPIO_Init)
    HAL_GPIO_WritePin                        0x08001a41   Thumb Code    10  stm32f4xx_hal_gpio.o(i.HAL_GPIO_WritePin)
    HAL_GetTick                              0x08001a4d   Thumb Code     6  stm32f4xx_hal.o(i.HAL_GetTick)
    HAL_IncTick                              0x08001a59   Thumb Code    12  stm32f4xx_hal.o(i.HAL_IncTick)
    HAL_Init                                 0x08001a69   Thumb Code    48  stm32f4xx_hal.o(i.HAL_Init)
    HAL_InitTick                             0x08001a9d   Thumb Code    54  stm32f4xx_hal.o(i.HAL_InitTick)
    HAL_MspInit                              0x08001add   Thumb Code    42  stm32f4xx_hal_msp.o(i.HAL_MspInit)
    HAL_NVIC_EnableIRQ                       0x08001b0d   Thumb Code    26  stm32f4xx_hal_cortex.o(i.HAL_NVIC_EnableIRQ)
    HAL_NVIC_SetPriority                     0x08001b29   Thumb Code    60  stm32f4xx_hal_cortex.o(i.HAL_NVIC_SetPriority)
    HAL_NVIC_SetPriorityGrouping             0x08001b69   Thumb Code    26  stm32f4xx_hal_cortex.o(i.HAL_NVIC_SetPriorityGrouping)
    HAL_RCC_ClockConfig                      0x08001b8d   Thumb Code   288  stm32f4xx_hal_rcc.o(i.HAL_RCC_ClockConfig)
    HAL_RCC_GetPCLK1Freq                     0x08001cc1   Thumb Code    20  stm32f4xx_hal_rcc.o(i.HAL_RCC_GetPCLK1Freq)
    HAL_RCC_GetPCLK2Freq                     0x08001ce1   Thumb Code    20  stm32f4xx_hal_rcc.o(i.HAL_RCC_GetPCLK2Freq)
    HAL_RCC_GetSysClockFreq                  0x08001d01   Thumb Code    88  stm32f4xx_hal_rcc.o(i.HAL_RCC_GetSysClockFreq)
    HAL_RCC_OscConfig                        0x08001d65   Thumb Code   856  stm32f4xx_hal_rcc.o(i.HAL_RCC_OscConfig)
    HAL_SYSTICK_Config                       0x080020d1   Thumb Code    40  stm32f4xx_hal_cortex.o(i.HAL_SYSTICK_Config)
    HAL_TIMEx_BreakCallback                  0x080020f9   Thumb Code     2  stm32f4xx_hal_tim_ex.o(i.HAL_TIMEx_BreakCallback)
    HAL_TIMEx_CommutCallback                 0x080020fb   Thumb Code     2  stm32f4xx_hal_tim_ex.o(i.HAL_TIMEx_CommutCallback)
    HAL_TIMEx_MasterConfigSynchronization    0x080020fd   Thumb Code   116  stm32f4xx_hal_tim_ex.o(i.HAL_TIMEx_MasterConfigSynchronization)
    HAL_TIM_Base_Init                        0x0800218d   Thumb Code    90  stm32f4xx_hal_tim.o(i.HAL_TIM_Base_Init)
    HAL_TIM_Base_MspInit                     0x080021e9   Thumb Code    50  tim.o(i.HAL_TIM_Base_MspInit)
    HAL_TIM_Base_Start_IT                    0x08002221   Thumb Code   100  stm32f4xx_hal_tim.o(i.HAL_TIM_Base_Start_IT)
    HAL_TIM_ConfigClockSource                0x080022a1   Thumb Code   220  stm32f4xx_hal_tim.o(i.HAL_TIM_ConfigClockSource)
    HAL_TIM_IC_CaptureCallback               0x0800237d   Thumb Code     2  stm32f4xx_hal_tim.o(i.HAL_TIM_IC_CaptureCallback)
    HAL_TIM_IRQHandler                       0x0800237f   Thumb Code   358  stm32f4xx_hal_tim.o(i.HAL_TIM_IRQHandler)
    HAL_TIM_OC_DelayElapsedCallback          0x080024e5   Thumb Code     2  stm32f4xx_hal_tim.o(i.HAL_TIM_OC_DelayElapsedCallback)
    HAL_TIM_PWM_PulseFinishedCallback        0x080024e7   Thumb Code     2  stm32f4xx_hal_tim.o(i.HAL_TIM_PWM_PulseFinishedCallback)
    HAL_TIM_PeriodElapsedCallback            0x080024e9   Thumb Code   152  main.o(i.HAL_TIM_PeriodElapsedCallback)
    HAL_TIM_TriggerCallback                  0x0800258d   Thumb Code     2  stm32f4xx_hal_tim.o(i.HAL_TIM_TriggerCallback)
    HAL_UARTEx_RxEventCallback               0x0800258f   Thumb Code     2  stm32f4xx_hal_uart.o(i.HAL_UARTEx_RxEventCallback)
    HAL_UART_DMAStop                         0x08002591   Thumb Code   112  stm32f4xx_hal_uart.o(i.HAL_UART_DMAStop)
    HAL_UART_ErrorCallback                   0x08002601   Thumb Code     2  stm32f4xx_hal_uart.o(i.HAL_UART_ErrorCallback)
    HAL_UART_IRQHandler                      0x08002605   Thumb Code   610  stm32f4xx_hal_uart.o(i.HAL_UART_IRQHandler)
    HAL_UART_Init                            0x0800286d   Thumb Code    98  stm32f4xx_hal_uart.o(i.HAL_UART_Init)
    HAL_UART_MspInit                         0x080028d1   Thumb Code   358  usart.o(i.HAL_UART_MspInit)
    HAL_UART_Receive_DMA                     0x08002a61   Thumb Code    42  stm32f4xx_hal_uart.o(i.HAL_UART_Receive_DMA)
    HAL_UART_RxCpltCallback                  0x08002a8b   Thumb Code     2  stm32f4xx_hal_uart.o(i.HAL_UART_RxCpltCallback)
    HAL_UART_RxHalfCpltCallback              0x08002a8d   Thumb Code     2  stm32f4xx_hal_uart.o(i.HAL_UART_RxHalfCpltCallback)
    HAL_UART_Transmit                        0x08002a91   Thumb Code   178  stm32f4xx_hal_uart.o(i.HAL_UART_Transmit)
    HAL_UART_TxCpltCallback                  0x08002b43   Thumb Code     2  stm32f4xx_hal_uart.o(i.HAL_UART_TxCpltCallback)
    HardFault_Handler                        0x08002b45   Thumb Code     2  stm32f4xx_it.o(i.HardFault_Handler)
    IDLE_IMU_Handler                         0x08002b49   Thumb Code    62  jy901.o(i.IDLE_IMU_Handler)
    IDLE_RC_Handler                          0x08002b95   Thumb Code    64  rc_receive.o(i.IDLE_RC_Handler)
    JY901_Init                               0x08002be1   Thumb Code    42  jy901.o(i.JY901_Init)
    JY901_Process                            0x08002c15   Thumb Code   494  jy901.o(i.JY901_Process)
    M3508_GetBasicData                       0x08002e29   Thumb Code   158  3508_driver.o(i.M3508_GetBasicData)
    M3508_Init                               0x08002ec9   Thumb Code   232  3508_driver.o(i.M3508_Init)
    M3508_SpeedLoopPIDController             0x08002fc5   Thumb Code   206  3508_driver.o(i.M3508_SpeedLoopPIDController)
    M3508_SpeedSyncPIDController             0x08003093   Thumb Code   206  3508_driver.o(i.M3508_SpeedSyncPIDController)
    MX_CAN1_Init                             0x08003161   Thumb Code    60  can.o(i.MX_CAN1_Init)
    MX_CAN2_Init                             0x080031a5   Thumb Code    60  can.o(i.MX_CAN2_Init)
    MX_DMA_Init                              0x080031e9   Thumb Code    72  dma.o(i.MX_DMA_Init)
    MX_GPIO_Init                             0x08003235   Thumb Code   216  gpio.o(i.MX_GPIO_Init)
    MX_TIM2_Init                             0x08003319   Thumb Code    96  tim.o(i.MX_TIM2_Init)
    MX_USART1_UART_Init                      0x0800337d   Thumb Code    46  usart.o(i.MX_USART1_UART_Init)
    MX_USART3_UART_Init                      0x080033b9   Thumb Code    54  usart.o(i.MX_USART3_UART_Init)
    MX_USART6_UART_Init                      0x080033fd   Thumb Code    48  usart.o(i.MX_USART6_UART_Init)
    MemManage_Handler                        0x08003435   Thumb Code     2  stm32f4xx_it.o(i.MemManage_Handler)
    NMI_Handler                              0x08003437   Thumb Code     2  stm32f4xx_it.o(i.NMI_Handler)
    PID_init                                 0x08003439   Thumb Code    92  pid.o(i.PID_init)
    PendSV_Handler                           0x08003499   Thumb Code     2  stm32f4xx_it.o(i.PendSV_Handler)
    RC_Receive                               0x0800349d   Thumb Code   360  rc_receive.o(i.RC_Receive)
    RC_Receive_Init                          0x0800361d   Thumb Code    44  rc_receive.o(i.RC_Receive_Init)
    SERVO_Send_recv                          0x08003651   Thumb Code    46  go-m8010-6.o(i.SERVO_Send_recv)
    SVC_Handler                              0x08003689   Thumb Code     2  stm32f4xx_it.o(i.SVC_Handler)
    SolenoidValve_Control                    0x0800368d   Thumb Code    26  endeffector_task.o(i.SolenoidValve_Control)
    SysTick_Handler                          0x080036ad   Thumb Code     4  stm32f4xx_it.o(i.SysTick_Handler)
    SystemClock_Config                       0x080036b1   Thumb Code   124  main.o(i.SystemClock_Config)
    SystemInit                               0x08003735   Thumb Code    22  system_stm32f4xx.o(i.SystemInit)
    TIM2_IRQHandler                          0x08003751   Thumb Code     6  stm32f4xx_it.o(i.TIM2_IRQHandler)
    TIM_Base_SetConfig                       0x0800375d   Thumb Code   156  stm32f4xx_hal_tim.o(i.TIM_Base_SetConfig)
    TIM_ETR_SetConfig                        0x08003825   Thumb Code    20  stm32f4xx_hal_tim.o(i.TIM_ETR_SetConfig)
    UART_Start_Receive_DMA                   0x08003bbd   Thumb Code   134  stm32f4xx_hal_uart.o(i.UART_Start_Receive_DMA)
    USART3_IRQHandler                        0x08003cc9   Thumb Code    16  stm32f4xx_it.o(i.USART3_IRQHandler)
    USART6_IRQHandler                        0x08003cdd   Thumb Code    16  stm32f4xx_it.o(i.USART6_IRQHandler)
    UsageFault_Handler                       0x08003cf1   Thumb Code     2  stm32f4xx_it.o(i.UsageFault_Handler)
    User_USART_Init                          0x08003cf3   Thumb Code    32  jy901.o(i.User_USART_Init)
    __scatterload_copy                       0x08003d33   Thumb Code    14  handlers.o(i.__scatterload_copy)
    __scatterload_null                       0x08003d41   Thumb Code     2  handlers.o(i.__scatterload_null)
    __scatterload_zeroinit                   0x08003d43   Thumb Code    14  handlers.o(i.__scatterload_zeroinit)
    can_filter_init                          0x08003d51   Thumb Code    80  bsp_can.o(i.can_filter_init)
    get_chassis_motor_measure_point          0x08003dcd   Thumb Code    16  can_receive.o(i.get_chassis_motor_measure_point)
    get_gimbal_motor_measure_point           0x08003de1   Thumb Code    16  can_receive.o(i.get_gimbal_motor_measure_point)
    main                                     0x08003df5   Thumb Code    68  main.o(i.main)
    modify_data                              0x08003e3d   Thumb Code   344  go-m8010-6.o(i.modify_data)
    AHBPrescTable                            0x08003fe0   Data          16  system_stm32f4xx.o(.constdata)
    APBPrescTable                            0x08003ff0   Data           8  system_stm32f4xx.o(.constdata)
    crc_ccitt_table                          0x08003ff8   Data         512  go-m8010-6.o(.constdata)
    Region$$Table$$Base                      0x0800420c   Number         0  anon$$obj.o(Region$$Table)
    Region$$Table$$Limit                     0x0800422c   Number         0  anon$$obj.o(Region$$Table)
    time_witch                               0x20000000   Data           4  main.o(.data)
    SystemCoreClock                          0x2000000c   Data           4  system_stm32f4xx.o(.data)
    canTxData                                0x20000021   Data           8  mg4005v2_driver.o(.data)
    stcAcc                                   0x20000034   Data           8  jy901.o(.data)
    stcGyro                                  0x2000003c   Data           8  jy901.o(.data)
    stcAngle                                 0x20000044   Data           8  jy901.o(.data)
    stcMag                                   0x2000004c   Data           8  jy901.o(.data)
    stcPress                                 0x20000054   Data           8  jy901.o(.data)
    stcLonLat                                0x2000005c   Data           8  jy901.o(.data)
    stcQ                                     0x20000064   Data           8  jy901.o(.data)
    rc_control_mode                          0x2000006e   Data           1  rc_task.o(.data)
    errorspeed                               0x20000070   Data           2  gimbal_task.o(.data)
    uwTickFreq                               0x20000074   Data           1  stm32f4xx_hal.o(.data)
    uwTickPrio                               0x20000078   Data           4  stm32f4xx_hal.o(.data)
    uwTick                                   0x2000007c   Data           4  stm32f4xx_hal.o(.data)
    hcan1                                    0x20000080   Data          40  can.o(.bss)
    hcan2                                    0x200000a8   Data          40  can.o(.bss)
    htim2                                    0x200000d0   Data          72  tim.o(.bss)
    huart1                                   0x20000118   Data          68  usart.o(.bss)
    huart3                                   0x2000015c   Data          68  usart.o(.bss)
    huart6                                   0x200001a0   Data          68  usart.o(.bss)
    hdma_usart3_rx                           0x200001e4   Data          96  usart.o(.bss)
    hdma_usart6_rx                           0x20000244   Data          96  usart.o(.bss)
    motor_chassis                            0x200002a4   Data          80  can_receive.o(.bss)
    RC_Ctl                                   0x20000324   Data          22  rc_receive.o(.bss)
    sbus_rx_buffer                           0x2000033a   Data          18  rc_receive.o(.bss)
    rc_user                                  0x2000034c   Data          10  rc_receive.o(.bss)
    canTxHeader                              0x20000358   Data          24  mg4005v2_driver.o(.bss)
    JY901_data                               0x20000370   Data         124  jy901.o(.bss)
    m3508_id1                                0x200003f0   Data         264  chassis_task.o(.bss)
    m3508_id2                                0x200004f8   Data         264  chassis_task.o(.bss)
    m3508_id3                                0x20000600   Data         264  chassis_task.o(.bss)
    m3508_id4                                0x20000708   Data         264  chassis_task.o(.bss)
    chassis_vectors                          0x20000810   Data          24  chassis_task.o(.bss)
    chassis_angle_pid                        0x20000828   Data          76  chassis_task.o(.bss)
    lifiting_motor_left                      0x20000878   Data         264  gimbal_task.o(.bss)
    lifiting_motor_right                     0x20000980   Data         264  gimbal_task.o(.bss)
    drawer_motor_left                        0x20000a88   Data         264  gimbal_task.o(.bss)
    drawer_motor_right                       0x20000b90   Data         264  gimbal_task.o(.bss)
    gimbal_lifiting_speedsync_pid            0x20000c98   Data          76  gimbal_task.o(.bss)
    yaw_motor_send                           0x20000ce8   Data          64  endeffector_task.o(.bss)
    yaw_motor_rev                            0x20000d28   Data          64  endeffector_task.o(.bss)
    pitch_motor_send                         0x20000d68   Data          64  endeffector_task.o(.bss)
    pitch_motor_rev                          0x20000da8   Data          64  endeffector_task.o(.bss)
    __initial_sp                             0x200011e8   Data           0  startup_stm32f407xx.o(STACK)



==============================================================================

Memory Map of the image

  Image Entry point : 0x08000189

  Load Region LR_IROM1 (Base: 0x08000000, Size: 0x000042ac, Max: 0x00100000, ABSOLUTE)

    Execution Region ER_IROM1 (Exec base: 0x08000000, Load base: 0x08000000, Size: 0x0000422c, Max: 0x00100000, ABSOLUTE)

    Exec Addr    Load Addr    Size         Type   Attr      Idx    E Section Name        Object

    0x08000000   0x08000000   0x00000188   Data   RO            3    RESET               startup_stm32f407xx.o
    0x08000188   0x08000188   0x00000000   Code   RO         4338  * .ARM.Collect$$$$00000000  mc_w.l(entry.o)
    0x08000188   0x08000188   0x00000004   Code   RO         4620    .ARM.Collect$$$$00000001  mc_w.l(entry2.o)
    0x0800018c   0x0800018c   0x00000004   Code   RO         4623    .ARM.Collect$$$$00000004  mc_w.l(entry5.o)
    0x08000190   0x08000190   0x00000000   Code   RO         4625    .ARM.Collect$$$$00000008  mc_w.l(entry7b.o)
    0x08000190   0x08000190   0x00000000   Code   RO         4627    .ARM.Collect$$$$0000000A  mc_w.l(entry8b.o)
    0x08000190   0x08000190   0x00000008   Code   RO         4628    .ARM.Collect$$$$0000000B  mc_w.l(entry9a.o)
    0x08000198   0x08000198   0x00000000   Code   RO         4630    .ARM.Collect$$$$0000000D  mc_w.l(entry10a.o)
    0x08000198   0x08000198   0x00000000   Code   RO         4632    .ARM.Collect$$$$0000000F  mc_w.l(entry11a.o)
    0x08000198   0x08000198   0x00000004   Code   RO         4621    .ARM.Collect$$$$00002712  mc_w.l(entry2.o)
    0x0800019c   0x0800019c   0x00000024   Code   RO            4    .text               startup_stm32f407xx.o
    0x080001c0   0x080001c0   0x00000062   Code   RO         4341    .text               mc_w.l(uldiv.o)
    0x08000222   0x08000222   0x00000024   Code   RO         4343    .text               mc_w.l(memseta.o)
    0x08000246   0x08000246   0x0000014e   Code   RO         4606    .text               mf_w.l(dadd.o)
    0x08000394   0x08000394   0x000000e4   Code   RO         4608    .text               mf_w.l(dmul.o)
    0x08000478   0x08000478   0x000000de   Code   RO         4610    .text               mf_w.l(ddiv.o)
    0x08000556   0x08000556   0x00000022   Code   RO         4612    .text               mf_w.l(dflti.o)
    0x08000578   0x08000578   0x0000003e   Code   RO         4614    .text               mf_w.l(dfixi.o)
    0x080005b6   0x080005b6   0x00000026   Code   RO         4616    .text               mf_w.l(f2d.o)
    0x080005dc   0x080005dc   0x00000038   Code   RO         4618    .text               mf_w.l(d2f.o)
    0x08000614   0x08000614   0x0000001e   Code   RO         4637    .text               mc_w.l(llshl.o)
    0x08000632   0x08000632   0x00000020   Code   RO         4639    .text               mc_w.l(llushr.o)
    0x08000652   0x08000652   0x00000024   Code   RO         4641    .text               mc_w.l(llsshr.o)
    0x08000676   0x08000676   0x00000000   Code   RO         4643    .text               mc_w.l(iusefp.o)
    0x08000676   0x08000676   0x0000006e   Code   RO         4644    .text               mf_w.l(fepilogue.o)
    0x080006e4   0x080006e4   0x000000ba   Code   RO         4646    .text               mf_w.l(depilogue.o)
    0x0800079e   0x0800079e   0x00000002   PAD
    0x080007a0   0x080007a0   0x00000024   Code   RO         4652    .text               mc_w.l(init.o)
    0x080007c4   0x080007c4   0x0000003c   Code   RO         1465    i.AirPump_Control   endeffector_task.o
    0x08000800   0x08000800   0x0000004c   Code   RO          908    i.AngleCloseControlLoop5  mg4005v2_driver.o
    0x0800084c   0x0800084c   0x00000002   Code   RO          435    i.BusFault_Handler  stm32f4xx_it.o
    0x0800084e   0x0800084e   0x00000002   PAD
    0x08000850   0x08000850   0x0000000c   Code   RO          436    i.CAN1_RX0_IRQHandler  stm32f4xx_it.o
    0x0800085c   0x0800085c   0x0000000c   Code   RO          437    i.CAN2_RX0_IRQHandler  stm32f4xx_it.o
    0x08000868   0x08000868   0x00000048   Code   RO          779    i.CAN_cmd_chassis   can_receive.o
    0x080008b0   0x080008b0   0x00000048   Code   RO          781    i.CAN_cmd_gimbal    can_receive.o
    0x080008f8   0x080008f8   0x00000088   Code   RO         1367    i.Chassis_Init      chassis_task.o
    0x08000980   0x08000980   0x000000e4   Code   RO         1368    i.Chassis_WheatWheel_Solution  chassis_task.o
    0x08000a64   0x08000a64   0x0000000c   Code   RO          438    i.DMA1_Stream1_IRQHandler  stm32f4xx_it.o
    0x08000a70   0x08000a70   0x0000000c   Code   RO          439    i.DMA2_Stream1_IRQHandler  stm32f4xx_it.o
    0x08000a7c   0x08000a7c   0x00000028   Code   RO         2243    i.DMA_CalcBaseAndBitshift  stm32f4xx_hal_dma.o
    0x08000aa4   0x08000aa4   0x00000054   Code   RO         2244    i.DMA_CheckFifoParam  stm32f4xx_hal_dma.o
    0x08000af8   0x08000af8   0x00000028   Code   RO         2245    i.DMA_SetConfig     stm32f4xx_hal_dma.o
    0x08000b20   0x08000b20   0x00000002   Code   RO          440    i.DebugMon_Handler  stm32f4xx_it.o
    0x08000b22   0x08000b22   0x00000002   PAD
    0x08000b24   0x08000b24   0x00000084   Code   RO         1466    i.Endeffector_Task  endeffector_task.o
    0x08000ba8   0x08000ba8   0x00000002   Code   RO           13    i.Error_Handler     main.o
    0x08000baa   0x08000baa   0x00000002   PAD
    0x08000bac   0x08000bac   0x00000060   Code   RO         1420    i.Gimbal_Init       gimbal_task.o
    0x08000c0c   0x08000c0c   0x000000e8   Code   RO         1421    i.Gimbal_Task       gimbal_task.o
    0x08000cf4   0x08000cf4   0x00000024   Code   RO         1551    i.HAL_CAN_ActivateNotification  stm32f4xx_hal_can.o
    0x08000d18   0x08000d18   0x000000c8   Code   RO         1552    i.HAL_CAN_AddTxMessage  stm32f4xx_hal_can.o
    0x08000de0   0x08000de0   0x0000010c   Code   RO         1553    i.HAL_CAN_ConfigFilter  stm32f4xx_hal_can.o
    0x08000eec   0x08000eec   0x00000002   Code   RO         1556    i.HAL_CAN_ErrorCallback  stm32f4xx_hal_can.o
    0x08000eee   0x08000eee   0x000000e8   Code   RO         1559    i.HAL_CAN_GetRxMessage  stm32f4xx_hal_can.o
    0x08000fd6   0x08000fd6   0x000001fc   Code   RO         1563    i.HAL_CAN_IRQHandler  stm32f4xx_hal_can.o
    0x080011d2   0x080011d2   0x0000011a   Code   RO         1564    i.HAL_CAN_Init      stm32f4xx_hal_can.o
    0x080012ec   0x080012ec   0x000000fc   Code   RO          267    i.HAL_CAN_MspInit   can.o
    0x080013e8   0x080013e8   0x00000002   Code   RO         1571    i.HAL_CAN_RxFifo0FullCallback  stm32f4xx_hal_can.o
    0x080013ea   0x080013ea   0x00000002   PAD
    0x080013ec   0x080013ec   0x0000005c   Code   RO          782    i.HAL_CAN_RxFifo0MsgPendingCallback  can_receive.o
    0x08001448   0x08001448   0x00000002   Code   RO         1573    i.HAL_CAN_RxFifo1FullCallback  stm32f4xx_hal_can.o
    0x0800144a   0x0800144a   0x00000002   Code   RO         1574    i.HAL_CAN_RxFifo1MsgPendingCallback  stm32f4xx_hal_can.o
    0x0800144c   0x0800144c   0x00000002   Code   RO         1575    i.HAL_CAN_SleepCallback  stm32f4xx_hal_can.o
    0x0800144e   0x0800144e   0x00000002   PAD
    0x08001450   0x08001450   0x00000058   Code   RO         1576    i.HAL_CAN_Start     stm32f4xx_hal_can.o
    0x080014a8   0x080014a8   0x00000002   Code   RO         1578    i.HAL_CAN_TxMailbox0AbortCallback  stm32f4xx_hal_can.o
    0x080014aa   0x080014aa   0x00000002   Code   RO         1579    i.HAL_CAN_TxMailbox0CompleteCallback  stm32f4xx_hal_can.o
    0x080014ac   0x080014ac   0x00000002   Code   RO         1580    i.HAL_CAN_TxMailbox1AbortCallback  stm32f4xx_hal_can.o
    0x080014ae   0x080014ae   0x00000002   Code   RO         1581    i.HAL_CAN_TxMailbox1CompleteCallback  stm32f4xx_hal_can.o
    0x080014b0   0x080014b0   0x00000002   Code   RO         1582    i.HAL_CAN_TxMailbox2AbortCallback  stm32f4xx_hal_can.o
    0x080014b2   0x080014b2   0x00000002   Code   RO         1583    i.HAL_CAN_TxMailbox2CompleteCallback  stm32f4xx_hal_can.o
    0x080014b4   0x080014b4   0x00000002   Code   RO         1585    i.HAL_CAN_WakeUpFromRxMsgCallback  stm32f4xx_hal_can.o
    0x080014b6   0x080014b6   0x00000092   Code   RO         2246    i.HAL_DMA_Abort     stm32f4xx_hal_dma.o
    0x08001548   0x08001548   0x00000024   Code   RO         2247    i.HAL_DMA_Abort_IT  stm32f4xx_hal_dma.o
    0x0800156c   0x0800156c   0x000001a0   Code   RO         2251    i.HAL_DMA_IRQHandler  stm32f4xx_hal_dma.o
    0x0800170c   0x0800170c   0x000000d4   Code   RO         2252    i.HAL_DMA_Init      stm32f4xx_hal_dma.o
    0x080017e0   0x080017e0   0x0000006e   Code   RO         2256    i.HAL_DMA_Start_IT  stm32f4xx_hal_dma.o
    0x0800184e   0x0800184e   0x00000002   PAD
    0x08001850   0x08001850   0x000001f0   Code   RO         2139    i.HAL_GPIO_Init     stm32f4xx_hal_gpio.o
    0x08001a40   0x08001a40   0x0000000a   Code   RO         2143    i.HAL_GPIO_WritePin  stm32f4xx_hal_gpio.o
    0x08001a4a   0x08001a4a   0x00000002   PAD
    0x08001a4c   0x08001a4c   0x0000000c   Code   RO         2671    i.HAL_GetTick       stm32f4xx_hal.o
    0x08001a58   0x08001a58   0x00000010   Code   RO         2677    i.HAL_IncTick       stm32f4xx_hal.o
    0x08001a68   0x08001a68   0x00000034   Code   RO         2678    i.HAL_Init          stm32f4xx_hal.o
    0x08001a9c   0x08001a9c   0x00000040   Code   RO         2679    i.HAL_InitTick      stm32f4xx_hal.o
    0x08001adc   0x08001adc   0x00000030   Code   RO          553    i.HAL_MspInit       stm32f4xx_hal_msp.o
    0x08001b0c   0x08001b0c   0x0000001a   Code   RO         2528    i.HAL_NVIC_EnableIRQ  stm32f4xx_hal_cortex.o
    0x08001b26   0x08001b26   0x00000002   PAD
    0x08001b28   0x08001b28   0x00000040   Code   RO         2534    i.HAL_NVIC_SetPriority  stm32f4xx_hal_cortex.o
    0x08001b68   0x08001b68   0x00000024   Code   RO         2535    i.HAL_NVIC_SetPriorityGrouping  stm32f4xx_hal_cortex.o
    0x08001b8c   0x08001b8c   0x00000134   Code   RO         1785    i.HAL_RCC_ClockConfig  stm32f4xx_hal_rcc.o
    0x08001cc0   0x08001cc0   0x00000020   Code   RO         1792    i.HAL_RCC_GetPCLK1Freq  stm32f4xx_hal_rcc.o
    0x08001ce0   0x08001ce0   0x00000020   Code   RO         1793    i.HAL_RCC_GetPCLK2Freq  stm32f4xx_hal_rcc.o
    0x08001d00   0x08001d00   0x00000064   Code   RO         1794    i.HAL_RCC_GetSysClockFreq  stm32f4xx_hal_rcc.o
    0x08001d64   0x08001d64   0x0000036c   Code   RO         1797    i.HAL_RCC_OscConfig  stm32f4xx_hal_rcc.o
    0x080020d0   0x080020d0   0x00000028   Code   RO         2539    i.HAL_SYSTICK_Config  stm32f4xx_hal_cortex.o
    0x080020f8   0x080020f8   0x00000002   Code   RO         3622    i.HAL_TIMEx_BreakCallback  stm32f4xx_hal_tim_ex.o
    0x080020fa   0x080020fa   0x00000002   Code   RO         3623    i.HAL_TIMEx_CommutCallback  stm32f4xx_hal_tim_ex.o
    0x080020fc   0x080020fc   0x00000090   Code   RO         3641    i.HAL_TIMEx_MasterConfigSynchronization  stm32f4xx_hal_tim_ex.o
    0x0800218c   0x0800218c   0x0000005a   Code   RO         2918    i.HAL_TIM_Base_Init  stm32f4xx_hal_tim.o
    0x080021e6   0x080021e6   0x00000002   PAD
    0x080021e8   0x080021e8   0x00000038   Code   RO          340    i.HAL_TIM_Base_MspInit  tim.o
    0x08002220   0x08002220   0x00000080   Code   RO         2923    i.HAL_TIM_Base_Start_IT  stm32f4xx_hal_tim.o
    0x080022a0   0x080022a0   0x000000dc   Code   RO         2927    i.HAL_TIM_ConfigClockSource  stm32f4xx_hal_tim.o
    0x0800237c   0x0800237c   0x00000002   Code   RO         2952    i.HAL_TIM_IC_CaptureCallback  stm32f4xx_hal_tim.o
    0x0800237e   0x0800237e   0x00000166   Code   RO         2966    i.HAL_TIM_IRQHandler  stm32f4xx_hal_tim.o
    0x080024e4   0x080024e4   0x00000002   Code   RO         2969    i.HAL_TIM_OC_DelayElapsedCallback  stm32f4xx_hal_tim.o
    0x080024e6   0x080024e6   0x00000002   Code   RO         2996    i.HAL_TIM_PWM_PulseFinishedCallback  stm32f4xx_hal_tim.o
    0x080024e8   0x080024e8   0x000000a4   Code   RO           14    i.HAL_TIM_PeriodElapsedCallback  main.o
    0x0800258c   0x0800258c   0x00000002   Code   RO         3009    i.HAL_TIM_TriggerCallback  stm32f4xx_hal_tim.o
    0x0800258e   0x0800258e   0x00000002   Code   RO         3900    i.HAL_UARTEx_RxEventCallback  stm32f4xx_hal_uart.o
    0x08002590   0x08002590   0x00000070   Code   RO         3912    i.HAL_UART_DMAStop  stm32f4xx_hal_uart.o
    0x08002600   0x08002600   0x00000002   Code   RO         3914    i.HAL_UART_ErrorCallback  stm32f4xx_hal_uart.o
    0x08002602   0x08002602   0x00000002   PAD
    0x08002604   0x08002604   0x00000268   Code   RO         3917    i.HAL_UART_IRQHandler  stm32f4xx_hal_uart.o
    0x0800286c   0x0800286c   0x00000062   Code   RO         3918    i.HAL_UART_Init     stm32f4xx_hal_uart.o
    0x080028ce   0x080028ce   0x00000002   PAD
    0x080028d0   0x080028d0   0x00000190   Code   RO          382    i.HAL_UART_MspInit  usart.o
    0x08002a60   0x08002a60   0x0000002a   Code   RO         3922    i.HAL_UART_Receive_DMA  stm32f4xx_hal_uart.o
    0x08002a8a   0x08002a8a   0x00000002   Code   RO         3924    i.HAL_UART_RxCpltCallback  stm32f4xx_hal_uart.o
    0x08002a8c   0x08002a8c   0x00000002   Code   RO         3925    i.HAL_UART_RxHalfCpltCallback  stm32f4xx_hal_uart.o
    0x08002a8e   0x08002a8e   0x00000002   PAD
    0x08002a90   0x08002a90   0x000000b2   Code   RO         3926    i.HAL_UART_Transmit  stm32f4xx_hal_uart.o
    0x08002b42   0x08002b42   0x00000002   Code   RO         3929    i.HAL_UART_TxCpltCallback  stm32f4xx_hal_uart.o
    0x08002b44   0x08002b44   0x00000002   Code   RO          441    i.HardFault_Handler  stm32f4xx_it.o
    0x08002b46   0x08002b46   0x00000002   PAD
    0x08002b48   0x08002b48   0x0000004c   Code   RO         1081    i.IDLE_IMU_Handler  jy901.o
    0x08002b94   0x08002b94   0x0000004c   Code   RO          862    i.IDLE_RC_Handler   rc_receive.o
    0x08002be0   0x08002be0   0x00000034   Code   RO         1083    i.JY901_Init        jy901.o
    0x08002c14   0x08002c14   0x00000214   Code   RO         1084    i.JY901_Process     jy901.o
    0x08002e28   0x08002e28   0x0000009e   Code   RO          618    i.M3508_GetBasicData  3508_driver.o
    0x08002ec6   0x08002ec6   0x00000002   PAD
    0x08002ec8   0x08002ec8   0x000000fc   Code   RO          619    i.M3508_Init        3508_driver.o
    0x08002fc4   0x08002fc4   0x000000ce   Code   RO          620    i.M3508_SpeedLoopPIDController  3508_driver.o
    0x08003092   0x08003092   0x000000ce   Code   RO          621    i.M3508_SpeedSyncPIDController  3508_driver.o
    0x08003160   0x08003160   0x00000044   Code   RO          268    i.MX_CAN1_Init      can.o
    0x080031a4   0x080031a4   0x00000044   Code   RO          269    i.MX_CAN2_Init      can.o
    0x080031e8   0x080031e8   0x0000004c   Code   RO          315    i.MX_DMA_Init       dma.o
    0x08003234   0x08003234   0x000000e4   Code   RO          242    i.MX_GPIO_Init      gpio.o
    0x08003318   0x08003318   0x00000064   Code   RO          341    i.MX_TIM2_Init      tim.o
    0x0800337c   0x0800337c   0x0000003c   Code   RO          383    i.MX_USART1_UART_Init  usart.o
    0x080033b8   0x080033b8   0x00000044   Code   RO          384    i.MX_USART3_UART_Init  usart.o
    0x080033fc   0x080033fc   0x00000038   Code   RO          385    i.MX_USART6_UART_Init  usart.o
    0x08003434   0x08003434   0x00000002   Code   RO          442    i.MemManage_Handler  stm32f4xx_it.o
    0x08003436   0x08003436   0x00000002   Code   RO          443    i.NMI_Handler       stm32f4xx_it.o
    0x08003438   0x08003438   0x00000060   Code   RO         1195    i.PID_init          pid.o
    0x08003498   0x08003498   0x00000002   Code   RO          444    i.PendSV_Handler    stm32f4xx_it.o
    0x0800349a   0x0800349a   0x00000002   PAD
    0x0800349c   0x0800349c   0x00000180   Code   RO          863    i.RC_Receive        rc_receive.o
    0x0800361c   0x0800361c   0x00000034   Code   RO          864    i.RC_Receive_Init   rc_receive.o
    0x08003650   0x08003650   0x00000038   Code   RO         1140    i.SERVO_Send_recv   go-m8010-6.o
    0x08003688   0x08003688   0x00000002   Code   RO          445    i.SVC_Handler       stm32f4xx_it.o
    0x0800368a   0x0800368a   0x00000002   PAD
    0x0800368c   0x0800368c   0x00000020   Code   RO         1467    i.SolenoidValve_Control  endeffector_task.o
    0x080036ac   0x080036ac   0x00000004   Code   RO          446    i.SysTick_Handler   stm32f4xx_it.o
    0x080036b0   0x080036b0   0x00000084   Code   RO           15    i.SystemClock_Config  main.o
    0x08003734   0x08003734   0x0000001c   Code   RO          578    i.SystemInit        system_stm32f4xx.o
    0x08003750   0x08003750   0x0000000c   Code   RO          447    i.TIM2_IRQHandler   stm32f4xx_it.o
    0x0800375c   0x0800375c   0x000000c8   Code   RO         3011    i.TIM_Base_SetConfig  stm32f4xx_hal_tim.o
    0x08003824   0x08003824   0x00000014   Code   RO         3022    i.TIM_ETR_SetConfig  stm32f4xx_hal_tim.o
    0x08003838   0x08003838   0x00000010   Code   RO         3023    i.TIM_ITRx_SetConfig  stm32f4xx_hal_tim.o
    0x08003848   0x08003848   0x00000022   Code   RO         3029    i.TIM_TI1_ConfigInputStage  stm32f4xx_hal_tim.o
    0x0800386a   0x0800386a   0x00000024   Code   RO         3031    i.TIM_TI2_ConfigInputStage  stm32f4xx_hal_tim.o
    0x0800388e   0x0800388e   0x00000010   Code   RO         3931    i.UART_DMAAbortOnError  stm32f4xx_hal_uart.o
    0x0800389e   0x0800389e   0x0000004a   Code   RO         3932    i.UART_DMAError     stm32f4xx_hal_uart.o
    0x080038e8   0x080038e8   0x00000082   Code   RO         3933    i.UART_DMAReceiveCplt  stm32f4xx_hal_uart.o
    0x0800396a   0x0800396a   0x0000001a   Code   RO         3935    i.UART_DMARxHalfCplt  stm32f4xx_hal_uart.o
    0x08003984   0x08003984   0x0000004e   Code   RO         3941    i.UART_EndRxTransfer  stm32f4xx_hal_uart.o
    0x080039d2   0x080039d2   0x0000001c   Code   RO         3942    i.UART_EndTxTransfer  stm32f4xx_hal_uart.o
    0x080039ee   0x080039ee   0x000000c0   Code   RO         3943    i.UART_Receive_IT   stm32f4xx_hal_uart.o
    0x08003aae   0x08003aae   0x00000002   PAD
    0x08003ab0   0x08003ab0   0x0000010c   Code   RO         3944    i.UART_SetConfig    stm32f4xx_hal_uart.o
    0x08003bbc   0x08003bbc   0x00000094   Code   RO         3945    i.UART_Start_Receive_DMA  stm32f4xx_hal_uart.o
    0x08003c50   0x08003c50   0x00000078   Code   RO         3947    i.UART_WaitOnFlagUntilTimeout  stm32f4xx_hal_uart.o
    0x08003cc8   0x08003cc8   0x00000014   Code   RO          448    i.USART3_IRQHandler  stm32f4xx_it.o
    0x08003cdc   0x08003cdc   0x00000014   Code   RO          449    i.USART6_IRQHandler  stm32f4xx_it.o
    0x08003cf0   0x08003cf0   0x00000002   Code   RO          450    i.UsageFault_Handler  stm32f4xx_it.o
    0x08003cf2   0x08003cf2   0x00000020   Code   RO         1085    i.User_USART_Init   jy901.o
    0x08003d12   0x08003d12   0x00000020   Code   RO         2541    i.__NVIC_SetPriority  stm32f4xx_hal_cortex.o
    0x08003d32   0x08003d32   0x0000000e   Code   RO         4656    i.__scatterload_copy  mc_w.l(handlers.o)
    0x08003d40   0x08003d40   0x00000002   Code   RO         4657    i.__scatterload_null  mc_w.l(handlers.o)
    0x08003d42   0x08003d42   0x0000000e   Code   RO         4658    i.__scatterload_zeroinit  mc_w.l(handlers.o)
    0x08003d50   0x08003d50   0x00000058   Code   RO          685    i.can_filter_init   bsp_can.o
    0x08003da8   0x08003da8   0x00000024   Code   RO         1141    i.crc_ccitt         go-m8010-6.o
    0x08003dcc   0x08003dcc   0x00000014   Code   RO          783    i.get_chassis_motor_measure_point  can_receive.o
    0x08003de0   0x08003de0   0x00000014   Code   RO          784    i.get_gimbal_motor_measure_point  can_receive.o
    0x08003df4   0x08003df4   0x00000048   Code   RO           17    i.main              main.o
    0x08003e3c   0x08003e3c   0x000001a4   Code   RO         1143    i.modify_data       go-m8010-6.o
    0x08003fe0   0x08003fe0   0x00000010   Data   RO          579    .constdata          system_stm32f4xx.o
    0x08003ff0   0x08003ff0   0x00000008   Data   RO          580    .constdata          system_stm32f4xx.o
    0x08003ff8   0x08003ff8   0x00000200   Data   RO         1144    .constdata          go-m8010-6.o
    0x080041f8   0x080041f8   0x0000000c   Data   RO         1371    .constdata          chassis_task.o
    0x08004204   0x08004204   0x00000008   Data   RO         2258    .constdata          stm32f4xx_hal_dma.o
    0x0800420c   0x0800420c   0x00000020   Data   RO         4654    Region$$Table       anon$$obj.o


    Execution Region RW_IRAM2 (Exec base: 0x10000000, Load base: 0x080042ac, Size: 0x00000000, Max: 0x00010000, ABSOLUTE)

    **** No section assigned to this execution region ****


    Execution Region RW_IRAM1 (Exec base: 0x20000000, Load base: 0x0800422c, Size: 0x000011e8, Max: 0x00020000, ABSOLUTE)

    Exec Addr    Load Addr    Size         Type   Attr      Idx    E Section Name        Object

    0x20000000   0x0800422c   0x00000008   Data   RW           18    .data               main.o
    0x20000008   0x08004234   0x00000004   Data   RW          271    .data               can.o
    0x2000000c   0x08004238   0x00000004   Data   RW          581    .data               system_stm32f4xx.o
    0x20000010   0x0800423c   0x00000011   Data   RW          789    .data               can_receive.o
    0x20000021   0x0800424d   0x00000008   Data   RW          931    .data               mg4005v2_driver.o
    0x20000029   0x08004255   0x00000003   PAD
    0x2000002c   0x08004258   0x00000040   Data   RW         1087    .data               jy901.o
    0x2000006c   0x08004298   0x00000003   Data   RW         1327    .data               rc_task.o
    0x2000006f   0x0800429b   0x00000001   PAD
    0x20000070   0x0800429c   0x00000002   Data   RW         1424    .data               gimbal_task.o
    0x20000072   0x0800429e   0x00000002   PAD
    0x20000074   0x080042a0   0x0000000c   Data   RW         2685    .data               stm32f4xx_hal.o
    0x20000080        -       0x00000050   Zero   RW          270    .bss                can.o
    0x200000d0        -       0x00000048   Zero   RW          342    .bss                tim.o
    0x20000118        -       0x0000018c   Zero   RW          386    .bss                usart.o
    0x200002a4        -       0x00000080   Zero   RW          788    .bss                can_receive.o
    0x20000324        -       0x00000032   Zero   RW          865    .bss                rc_receive.o
    0x20000356   0x080042ac   0x00000002   PAD
    0x20000358        -       0x00000018   Zero   RW          929    .bss                mg4005v2_driver.o
    0x20000370        -       0x0000007c   Zero   RW         1086    .bss                jy901.o
    0x200003ec   0x080042ac   0x00000004   PAD
    0x200003f0        -       0x00000484   Zero   RW         1370    .bss                chassis_task.o
    0x20000874   0x080042ac   0x00000004   PAD
    0x20000878        -       0x0000046c   Zero   RW         1423    .bss                gimbal_task.o
    0x20000ce4   0x080042ac   0x00000004   PAD
    0x20000ce8        -       0x00000100   Zero   RW         1468    .bss                endeffector_task.o
    0x20000de8        -       0x00000400   Zero   RW            1    STACK               startup_stm32f407xx.o


==============================================================================

Image component sizes


      Code (inc. data)   RO Data    RW Data    ZI Data      Debug   Object Name

       822         36          0          0          0       6268   3508_driver.o
        88          8          0          0          0     571114   bsp_can.o
       388         42          0          4         80       2442   can.o
       276         42          0         17        128       5044   can_receive.o
       364         52         12          0       1156       2677   chassis_task.o
        76          4          0          0          0        802   dma.o
       224         26          0          0        256       2325   endeffector_task.o
       328         50          0          2       1132       2168   gimbal_task.o
       512         92        512          0          0       5982   go-m8010-6.o
       228         12          0          0          0       1063   gpio.o
       692         72          0         64        124       6914   jy901.o
       370         24          0          8          0     724543   main.o
        76         14          0          8         24       2123   mg4005v2_driver.o
        96          4          0          0          0       2223   pid.o
       512         44          0          0         50       3497   rc_receive.o
         0          0          0          3          0       1153   rc_task.o
        36          8        392          0       1024        832   startup_stm32f407xx.o
       144         24          0         12          0       8773   stm32f4xx_hal.o
      1638          6          0          0          0      14303   stm32f4xx_hal_can.o
       198         14          0          0          0      33959   stm32f4xx_hal_cortex.o
      1084         16          8          0          0       7366   stm32f4xx_hal_dma.o
       506         46          0          0          0       2200   stm32f4xx_hal_gpio.o
        48          6          0          0          0        834   stm32f4xx_hal_msp.o
      1348         76          0          0          0       5252   stm32f4xx_hal_rcc.o
      1110         72          0          0          0      10201   stm32f4xx_hal_tim.o
       148         28          0          0          0       2465   stm32f4xx_hal_tim_ex.o
      2136         30          0          0          0      16045   stm32f4xx_hal_uart.o
       120         38          0          0          0       7452   stm32f4xx_it.o
        28          6         24          4          0       1131   system_stm32f4xx.o
       156         10          0          0         72       1670   tim.o
       584         78          0          0        396       3278   usart.o

    ----------------------------------------------------------------------
     14370        980        980        128       4456    1456099   Object Totals
         0          0         32          0          0          0   (incl. Generated)
        34          0          0          6         14          0   (incl. Padding)

    ----------------------------------------------------------------------

      Code (inc. data)   RO Data    RW Data    ZI Data      Debug   Library Member Name

         0          0          0          0          0          0   entry.o
         0          0          0          0          0          0   entry10a.o
         0          0          0          0          0          0   entry11a.o
         8          4          0          0          0          0   entry2.o
         4          0          0          0          0          0   entry5.o
         0          0          0          0          0          0   entry7b.o
         0          0          0          0          0          0   entry8b.o
         8          4          0          0          0          0   entry9a.o
        30          0          0          0          0          0   handlers.o
        36          8          0          0          0         68   init.o
         0          0          0          0          0          0   iusefp.o
        30          0          0          0          0         68   llshl.o
        36          0          0          0          0         68   llsshr.o
        32          0          0          0          0         68   llushr.o
        36          0          0          0          0        108   memseta.o
        98          0          0          0          0         92   uldiv.o
        56          0          0          0          0         88   d2f.o
       334          0          0          0          0        148   dadd.o
       222          0          0          0          0        100   ddiv.o
       186          0          0          0          0        176   depilogue.o
        62          0          0          0          0         80   dfixi.o
        34          0          0          0          0         76   dflti.o
       228          0          0          0          0         96   dmul.o
        38          0          0          0          0         68   f2d.o
       110          0          0          0          0        168   fepilogue.o

    ----------------------------------------------------------------------
      1590         16          0          0          0       1472   Library Totals
         2          0          0          0          0          0   (incl. Padding)

    ----------------------------------------------------------------------

      Code (inc. data)   RO Data    RW Data    ZI Data      Debug   Library Name

       318         16          0          0          0        472   mc_w.l
      1270          0          0          0          0       1000   mf_w.l

    ----------------------------------------------------------------------
      1590         16          0          0          0       1472   Library Totals

    ----------------------------------------------------------------------

==============================================================================


      Code (inc. data)   RO Data    RW Data    ZI Data      Debug   

     15960        996        980        128       4456    1443951   Grand Totals
     15960        996        980        128       4456    1443951   ELF Image Totals
     15960        996        980        128          0          0   ROM Totals

==============================================================================

    Total RO  Size (Code + RO Data)                16940 (  16.54kB)
    Total RW  Size (RW Data + ZI Data)              4584 (   4.48kB)
    Total ROM Size (Code + RO Data + RW Data)      17068 (  16.67kB)

==============================================================================

